Component: ARM Compiler 5.05 update 1 (build 106) Tool: armlink [4d0efa]

==============================================================================

Section Cross References

    main.o(.text) refers to delay.o(.text) for delay_init
    main.o(.text) refers to sys.o(.text) for NVIC_Configuration
    main.o(.text) refers to timer.o(.text) for TIM3_PWM_Init
    main.o(.text) refers to rs485.o(.text) for RS485_Init
    main.o(.text) refers to usart.o(.text) for uart_init
    main.o(.text) refers to stmflash.o(.text) for STMFLASH_Write
    main.o(.text) refers to led.o(.text) for LED_Init
    main.o(.text) refers to key.o(.text) for KEY_Init
    main.o(.text) refers to stm32f10x_tim.o(.text) for TIM_SetCompare1
    main.o(.text) refers to runcontrol.o(.text) for InitSequeuet
    main.o(.text) refers to noretval__2printf.o(.text) for __2printf
    main.o(.text) refers to adc.o(.text) for Get_AdcData
    main.o(.text) refers to main.o(.data) for savedata
    main.o(.text) refers to timer.o(.data) for Flag_1ms
    main.o(.text) refers to runcontrol.o(.data) for Systime_cnt
    main.o(.text) refers to rs485.o(.bss) for Cylinder_Data
    system_stm32f10x.o(.text) refers to system_stm32f10x.o(.data) for SystemCoreClock
    led.o(.text) refers to stm32f10x_rcc.o(.text) for RCC_APB2PeriphClockCmd
    led.o(.text) refers to stm32f10x_gpio.o(.text) for GPIO_Init
    key.o(.text) refers to stm32f10x_rcc.o(.text) for RCC_APB2PeriphClockCmd
    key.o(.text) refers to stm32f10x_gpio.o(.text) for GPIO_Init
    timer.o(.text) refers to stm32f10x_rcc.o(.text) for RCC_APB1PeriphClockCmd
    timer.o(.text) refers to stm32f10x_tim.o(.text) for TIM_TimeBaseInit
    timer.o(.text) refers to misc.o(.text) for NVIC_Init
    timer.o(.text) refers to stm32f10x_gpio.o(.text) for GPIO_PinRemapConfig
    timer.o(.text) refers to timer.o(.data) for Time_cnt
    adc.o(.text) refers to stm32f10x_rcc.o(.text) for RCC_APB2PeriphClockCmd
    adc.o(.text) refers to stm32f10x_gpio.o(.text) for GPIO_Init
    adc.o(.text) refers to stm32f10x_adc.o(.text) for ADC_DeInit
    adc.o(.text) refers to delay.o(.text) for delay_ms
    adc.o(.text) refers to adc.o(.data) for temp_val
    adc.o(.text) refers to main.o(.data) for Mach
    pid.o(.text) refers to _printf_percent.o(.ARM.Collect$$_printf_percent$$00000000) for _printf_percent
    pid.o(.text) refers to _printf_d.o(.ARM.Collect$$_printf_percent$$00000009) for _printf_d
    pid.o(.text) refers to _printf_dec.o(.text) for _printf_int_dec
    pid.o(.text) refers to fflt_clz.o(x$fpl$fflt) for __aeabi_i2f
    pid.o(.text) refers to fmul.o(x$fpl$fmul) for __aeabi_fmul
    pid.o(.text) refers to faddsub_clz.o(x$fpl$frsb) for __aeabi_frsub
    pid.o(.text) refers to faddsub_clz.o(x$fpl$fadd) for __aeabi_fadd
    pid.o(.text) refers to faddsub_clz.o(x$fpl$fsub) for __aeabi_fsub
    pid.o(.text) refers to ffixu.o(x$fpl$ffixu) for __aeabi_f2uiz
    pid.o(.text) refers to noretval__2printf.o(.text) for __2printf
    pid.o(.text) refers to pid.o(.bss) for pid
    runcontrol.o(.text) refers to _printf_percent.o(.ARM.Collect$$_printf_percent$$00000000) for _printf_percent
    runcontrol.o(.text) refers to _printf_d.o(.ARM.Collect$$_printf_percent$$00000009) for _printf_d
    runcontrol.o(.text) refers to _printf_dec.o(.text) for _printf_int_dec
    runcontrol.o(.text) refers to noretval__2printf.o(.text) for __2printf
    runcontrol.o(.text) refers to runcontrol.o(.data) for SQ
    runcontrol.o(.text) refers to rs485.o(.bss) for Modbus_InputIO
    rs485.o(.text) refers to _printf_percent.o(.ARM.Collect$$_printf_percent$$00000000) for _printf_percent
    rs485.o(.text) refers to _printf_d.o(.ARM.Collect$$_printf_percent$$00000009) for _printf_d
    rs485.o(.text) refers to _printf_dec.o(.text) for _printf_int_dec
    rs485.o(.text) refers to rt_memclr_w.o(.text) for __aeabi_memclr4
    rs485.o(.text) refers to stm32f10x_rcc.o(.text) for RCC_APB1PeriphClockCmd
    rs485.o(.text) refers to stm32f10x_tim.o(.text) for TIM_TimeBaseInit
    rs485.o(.text) refers to misc.o(.text) for NVIC_Init
    rs485.o(.text) refers to stm32f10x_gpio.o(.text) for GPIO_Init
    rs485.o(.text) refers to stm32f10x_usart.o(.text) for USART_DeInit
    rs485.o(.text) refers to rs485.o(.data) for auchCRCHi
    rs485.o(.text) refers to rs485.o(.bss) for Status_Data
    rs485.o(.text) refers to noretval__2printf.o(.text) for __2printf
    stmflash.o(.text) refers to stm32f10x_flash.o(.text) for FLASH_ProgramHalfWord
    stmflash.o(.text) refers to stmflash.o(.bss) for STMFLASH_BUF
    delay.o(.text) refers to misc.o(.text) for SysTick_CLKSourceConfig
    delay.o(.text) refers to system_stm32f10x.o(.data) for SystemCoreClock
    delay.o(.text) refers to delay.o(.data) for fac_us
    sys.o(.text) refers to misc.o(.text) for NVIC_PriorityGroupConfig
    usart.o(.text) refers (Special) to use_no_semi_2.o(.text) for __use_no_semihosting
    usart.o(.text) refers to stm32f10x_rcc.o(.text) for RCC_APB2PeriphClockCmd
[...]
    libshutdown.o(.ARM.Collect$$libshutdown$$00000000) refers (Special) to libshutdown2.o(.ARM.Collect$$libshutdown$$0000000E) for __rt_lib_shutdown_heap_1
    libshutdown.o(.ARM.Collect$$libshutdown$$00000000) refers (Special) to libshutdown2.o(.ARM.Collect$$libshutdown$$0000000F) for __rt_lib_shutdown_return
    libshutdown.o(.ARM.Collect$$libshutdown$$00000000) refers (Special) to libshutdown2.o(.ARM.Collect$$libshutdown$$00000009) for __rt_lib_shutdown_signal_1
    libshutdown.o(.ARM.Collect$$libshutdown$$00000000) refers (Special) to libshutdown2.o(.ARM.Collect$$libshutdown$$00000003) for __rt_lib_shutdown_stdio_1
    libshutdown.o(.ARM.Collect$$libshutdown$$00000000) refers (Special) to libshutdown2.o(.ARM.Collect$$libshutdown$$0000000B) for __rt_lib_shutdown_user_alloc_1
    sys_command.o(.text) refers (Special) to use_no_semi.o(.text) for __I$use$semihosting
    sys_command.o(.text) refers (Special) to indicate_semi.o(.text) for __semihosting_library_function
    defsig_rtmem_outer.o(.text) refers to defsig_rtmem_inner.o(.text) for __rt_SIGRTMEM_inner
    defsig_rtmem_outer.o(.text) refers to defsig_exit.o(.text) for __sig_exit
    defsig_rtmem_formal.o(.text) refers to rt_raise.o(.text) for __rt_raise
    rt_raise.o(.text) refers to __raise.o(.text) for __raise
    rt_raise.o(.text) refers to usart.o(.text) for _sys_exit
    defsig_exit.o(.text) refers to usart.o(.text) for _sys_exit
    defsig_rtmem_inner.o(.text) refers to defsig_general.o(.text) for __default_signal_display
    __raise.o(.text) refers to defsig.o(CL$$defsig) for __default_signal_handler
    defsig_general.o(.text) refers to sys_wrch.o(.text) for _ttywrch
    sys_wrch.o(.text) refers (Special) to use_no_semi.o(.text) for __I$use$semihosting
    sys_wrch.o(.text) refers (Special) to indicate_semi.o(.text) for __semihosting_library_function
    defsig.o(CL$$defsig) refers to defsig_rtmem_inner.o(.text) for __rt_SIGRTMEM_inner
    defsig_abrt_inner.o(.text) refers to defsig_general.o(.text) for __default_signal_display
    defsig_fpe_inner.o(.text) refers to defsig_general.o(.text) for __default_signal_display
    defsig_rtred_inner.o(.text) refers to defsig_general.o(.text) for __default_signal_display
    defsig_stak_inner.o(.text) refers to defsig_general.o(.text) for __default_signal_display
    defsig_pvfn_inner.o(.text) refers to defsig_general.o(.text) for __default_signal_display
    defsig_cppl_inner.o(.text) refers to defsig_general.o(.text) for __default_signal_display
    defsig_segv_inner.o(.text) refers to defsig_general.o(.text) for __default_signal_display
    defsig_other.o(.text) refers to defsig_general.o(.text) for __default_signal_display


==============================================================================

Removing Unused input sections from the image.

    Removing pid.o(.text), (196 bytes).
    Removing pid.o(.bss), (28 bytes).
    Removing core_cm3.o(.emb_text), (32 bytes).

3 unused section(s) (total 256 bytes) removed from the image.

==============================================================================

Image Symbol Table

    Local Symbols

    Symbol Name                              Value     Ov Type        Size  Object(Section)

    ../clib/angel/boardlib.s                 0x00000000   Number         0  boardinit1.o ABSOLUTE
    ../clib/angel/boardlib.s                 0x00000000   Number         0  boardshut.o ABSOLUTE
    ../clib/angel/boardlib.s                 0x00000000   Number         0  boardinit2.o ABSOLUTE
    ../clib/angel/boardlib.s                 0x00000000   Number         0  boardinit3.o ABSOLUTE
    ../clib/angel/dczerorl2.s                0x00000000   Number         0  __dczerorl2.o ABSOLUTE
    ../clib/angel/handlers.s                 0x00000000   Number         0  __scatter_zi.o ABSOLUTE
    ../clib/angel/kernel.s                   0x00000000   Number         0  rtexit.o ABSOLUTE
    ../clib/angel/kernel.s                   0x00000000   Number         0  rtexit2.o ABSOLUTE
    ../clib/angel/kernel.s                   0x00000000   Number         0  __rtentry.o ABSOLUTE
    ../clib/angel/kernel.s                   0x00000000   Number         0  __rtentry2.o ABSOLUTE
    ../clib/angel/kernel.s                   0x00000000   Number         0  __rtentry4.o ABSOLUTE
    ../clib/angel/rt.s                       0x00000000   Number         0  rt_raise.o ABSOLUTE
    ../clib/angel/scatter.s                  0x00000000   Number         0  __scatter.o ABSOLUTE
    ../clib/angel/startup.s                  0x00000000   Number         0  __main.o ABSOLUTE
    ../clib/angel/sys.s                      0x00000000   Number         0  use_no_semi.o ABSOLUTE
    ../clib/angel/sys.s                      0x00000000   Number         0  libspace.o ABSOLUTE
    ../clib/angel/sys.s                      0x00000000   Number         0  indicate_semi.o ABSOLUTE
    ../clib/angel/sys.s                      0x00000000   Number         0  use_no_semi_2.o ABSOLUTE
    ../clib/angel/sys.s                      0x00000000   Number         0  sys_stackheap_outer.o ABSOLUTE
    ../clib/angel/sysapp.c                   0x00000000   Number         0  sys_command.o ABSOLUTE
    ../clib/angel/sysapp.c                   0x00000000   Number         0  sys_wrch.o ABSOLUTE
    ../clib/armsys.c                         0x00000000   Number         0  no_argv.o ABSOLUTE
    ../clib/armsys.c                         0x00000000   Number         0  argv_veneer.o ABSOLUTE
    ../clib/armsys.c                         0x00000000   Number         0  _get_argv_nomalloc.o ABSOLUTE
    ../clib/armsys.c                         0x00000000   Number         0  argv_veneer.o ABSOLUTE
    ../clib/heapalloc.c                      0x00000000   Number         0  hrguard.o ABSOLUTE
    ../clib/heapaux.c                        0x00000000   Number         0  heapauxi.o ABSOLUTE
    ../clib/libinit.s                        0x00000000   Number         0  libinit.o ABSOLUTE
    ../clib/libinit.s                        0x00000000   Number         0  libinit2.o ABSOLUTE
    ../clib/libinit.s                        0x00000000   Number         0  libshutdown2.o ABSOLUTE
    ../clib/libinit.s                        0x00000000   Number         0  libshutdown.o ABSOLUTE
    ../clib/memcpset.s                       0x00000000   Number         0  rt_memclr_w.o ABSOLUTE
    ../clib/memcpset.s                       0x00000000   Number         0  strcmpv7m.o ABSOLUTE
    ../clib/printf.c                         0x00000000   Number         0  __printf_flags_wp.o ABSOLUTE
    ../clib/printf.c                         0x00000000   Number         0  __printf_ss_wp.o ABSOLUTE
    ../clib/printf.c                         0x00000000   Number         0  __printf_flags_ss_wp.o ABSOLUTE
    ../clib/printf.c                         0x00000000   Number         0  _printf_char_file.o ABSOLUTE
    ../clib/printf.c                         0x00000000   Number         0  __printf_nopercent.o ABSOLUTE
    ../clib/printf.c                         0x00000000   Number         0  _printf_char_common.o ABSOLUTE
    ../clib/printf.c                         0x00000000   Number         0  __2printf.o ABSOLUTE
    ../clib/printf.c                         0x00000000   Number         0  noretval__2printf.o ABSOLUTE
    ../clib/printf.c                         0x00000000   Number         0  __printf.o ABSOLUTE
    ../clib/printf.c                         0x00000000   Number         0  _printf_intcommon.o ABSOLUTE
    ../clib/printf.c                         0x00000000   Number         0  _printf_dec.o ABSOLUTE
    ../clib/printf.c                         0x00000000   Number         0  __printf_flags.o ABSOLUTE
    ../clib/printf.c                         0x00000000   Number         0  __printf_ss.o ABSOLUTE
    ../clib/printf.c                         0x00000000   Number         0  __printf_flags_ss.o ABSOLUTE
    ../clib/printf.c                         0x00000000   Number         0  __printf_wp.o ABSOLUTE
    ../clib/printf_percent.s                 0x00000000   Number         0  _printf_percent.o ABSOLUTE
    ../clib/printf_percent.s                 0x00000000   Number         0  _printf_d.o ABSOLUTE
    ../clib/printf_percent.s                 0x00000000   Number         0  _printf_percent_end.o ABSOLUTE
    ../clib/signal.c                         0x00000000   Number         0  defsig_segv_inner.o ABSOLUTE
    ../clib/signal.c                         0x00000000   Number         0  defsig_rtmem_formal.o ABSOLUTE
    ../clib/signal.c                         0x00000000   Number         0  defsig_rtred_inner.o ABSOLUTE
    ../clib/signal.c                         0x00000000   Number         0  defsig_rtmem_outer.o ABSOLUTE
    ../clib/signal.c                         0x00000000   Number         0  defsig_other.o ABSOLUTE
    ../clib/signal.c                         0x00000000   Number         0  defsig_cppl_inner.o ABSOLUTE
    ../clib/signal.c                         0x00000000   Number         0  defsig_pvfn_inner.o ABSOLUTE
    ../clib/signal.c                         0x00000000   Number         0  defsig_stak_inner.o ABSOLUTE
    ../clib/signal.c                         0x00000000   Number         0  defsig_fpe_inner.o ABSOLUTE
    ../clib/signal.c                         0x00000000   Number         0  defsig_abrt_inner.o ABSOLUTE
    ../clib/signal.c                         0x00000000   Number         0  defsig_general.o ABSOLUTE
    ../clib/signal.c                         0x00000000   Number         0  defsig_exit.o ABSOLUTE
    ../clib/signal.c                         0x00000000   Number         0  defsig_rtmem_inner.o ABSOLUTE
    ../clib/signal.c                         0x00000000   Number         0  __raise.o ABSOLUTE
    ../clib/signal.s                         0x00000000   Number         0  defsig.o ABSOLUTE
    ../clib/stdio.c                          0x00000000   Number         0  ferror.o ABSOLUTE
    ../clib/stdio.c                          0x00000000   Number         0  ferror_locked.o ABSOLUTE
    ../clib/stdlib.c                         0x00000000   Number         0  exit.o ABSOLUTE
    ../fplib/faddsub.s                       0x00000000   Number         0  faddsub_clz.o ABSOLUTE
    ../fplib/ffixu.s                         0x00000000   Number         0  ffixu.o ABSOLUTE
    ../fplib/fflt.s                          0x00000000   Number         0  fflt_clz.o ABSOLUTE
    ../fplib/fmul.s                          0x00000000   Number         0  fmul.o ABSOLUTE
    ../fplib/fnaninf.s                       0x00000000   Number         0  fnaninf.o ABSOLUTE
    ../fplib/fpinit.s                        0x00000000   Number         0  fpinit.o ABSOLUTE
    ../fplib/fretinf.s                       0x00000000   Number         0  fretinf.o ABSOLUTE
    ../fplib/usenofp.s                       0x00000000   Number         0  usenofp.o ABSOLUTE
    ..\CORE\core_cm3.c                       0x00000000   Number         0  core_cm3.o ABSOLUTE
    ..\CORE\startup_stm32f10x_hd.s           0x00000000   Number         0  startup_stm32f10x_hd.o ABSOLUTE
    ..\HARDWARE\ADC\adc.c                    0x00000000   Number         0  adc.o ABSOLUTE
    ..\HARDWARE\KEY\key.c                    0x00000000   Number         0  key.o ABSOLUTE
    ..\HARDWARE\LED\led.c                    0x00000000   Number         0  led.o ABSOLUTE
    ..\HARDWARE\MODBUS\RS485.c               0x00000000   Number         0  rs485.o ABSOLUTE
    ..\HARDWARE\PID\pid.c                    0x00000000   Number         0  pid.o ABSOLUTE
    ..\HARDWARE\RUNCONTROL\runcontrol.c      0x00000000   Number         0  runcontrol.o ABSOLUTE
    ..\HARDWARE\STMFLASH\stmflash.c          0x00000000   Number         0  stmflash.o ABSOLUTE
    ..\HARDWARE\TIMER\timer.c                0x00000000   Number         0  timer.o ABSOLUTE
    ..\STM32F10x_FWLib\src\misc.c            0x00000000   Number         0  misc.o ABSOLUTE
    ..\STM32F10x_FWLib\src\stm32f10x_adc.c   0x00000000   Number         0  stm32f10x_adc.o ABSOLUTE
    ..\STM32F10x_FWLib\src\stm32f10x_flash.c 0x00000000   Number         0  stm32f10x_flash.o ABSOLUTE
    ..\STM32F10x_FWLib\src\stm32f10x_gpio.c  0x00000000   Number         0  stm32f10x_gpio.o ABSOLUTE
    ..\STM32F10x_FWLib\src\stm32f10x_rcc.c   0x00000000   Number         0  stm32f10x_rcc.o ABSOLUTE
    ..\STM32F10x_FWLib\src\stm32f10x_tim.c   0x00000000   Number         0  stm32f10x_tim.o ABSOLUTE
    ..\STM32F10x_FWLib\src\stm32f10x_usart.c 0x00000000   Number         0  stm32f10x_usart.o ABSOLUTE
    ..\SYSTEM\delay\delay.c                  0x00000000   Number         0  delay.o ABSOLUTE
    ..\SYSTEM\sys\sys.c                      0x00000000   Number         0  sys.o ABSOLUTE
    ..\SYSTEM\usart\usart.c                  0x00000000   Number         0  usart.o ABSOLUTE
    ..\\CORE\\core_cm3.c                     0x00000000   Number         0  core_cm3.o ABSOLUTE
    dc.s                                     0x00000000   Number         0  dc.o ABSOLUTE
    main.c                                   0x00000000   Number         0  main.o ABSOLUTE
    stm32f10x_it.c                           0x00000000   Number         0  stm32f10x_it.o ABSOLUTE
    system_stm32f10x.c                       0x00000000   Number         0  system_stm32f10x.o ABSOLUTE
    RESET                                    0x08000000   Section      304  startup_stm32f10x_hd.o(RESET)
    !!!main                                  0x08000130   Section        8  __main.o(!!!main)
    !!!scatter                               0x08000138   Section       52  __scatter.o(!!!scatter)
    !!dczerorl2                              0x0800016c   Section       90  __dczerorl2.o(!!dczerorl2)
    !!handler_zi                             0x080001c8   Section       28  __scatter_zi.o(!!handler_zi)
    .ARM.Collect$$_printf_percent$$00000000  0x080001e4   Section        0  _printf_percent.o(.ARM.Collect$$_printf_percent$$00000000)
    .ARM.Collect$$_printf_percent$$00000009  0x080001e4   Section        6  _printf_d.o(.ARM.Collect$$_printf_percent$$00000009)
    .ARM.Collect$$_printf_percent$$00000017  0x080001ea   Section        4  _printf_percent_end.o(.ARM.Collect$$_printf_percent$$00000017)
    .ARM.Collect$$libinit$$00000000          0x080001ee   Section        2  libinit.o(.ARM.Collect$$libinit$$00000000)
    .ARM.Collect$$libinit$$00000002          0x080001f0   Section        0  libinit2.o(.ARM.Collect$$libinit$$00000002)
    .ARM.Collect$$libinit$$00000004          0x080001f0   Section        0  libinit2.o(.ARM.Collect$$libinit$$00000004)
    .ARM.Collect$$libinit$$0000000A          0x080001f0   Section        0  libinit2.o(.ARM.Collect$$libinit$$0000000A)
    .ARM.Collect$$libinit$$0000000C          0x080001f0   Section        0  libinit2.o(.ARM.Collect$$libinit$$0000000C)
    .ARM.Collect$$libinit$$0000000E          0x080001f0   Section        0  libinit2.o(.ARM.Collect$$libinit$$0000000E)
    .ARM.Collect$$libinit$$00000011          0x080001f0   Section        0  libinit2.o(.ARM.Collect$$libinit$$00000011)
    .ARM.Collect$$libinit$$00000013          0x080001f0   Section        0  libinit2.o(.ARM.Collect$$libinit$$00000013)
    .ARM.Collect$$libinit$$00000015          0x080001f0   Section        0  libinit2.o(.ARM.Collect$$libinit$$00000015)
    .ARM.Collect$$libinit$$00000017          0x080001f0   Section        0  libinit2.o(.ARM.Collect$$libinit$$00000017)
    .ARM.Collect$$libinit$$00000019          0x080001f0   Section        0  libinit2.o(.ARM.Collect$$libinit$$00000019)
    .ARM.Collect$$libinit$$0000001B          0x080001f0   Section        0  libinit2.o(.ARM.Collect$$libinit$$0000001B)
    .ARM.Collect$$libinit$$0000001D          0x080001f0   Section        0  libinit2.o(.ARM.Collect$$libinit$$0000001D)
    .ARM.Collect$$libinit$$0000001F          0x080001f0   Section        0  libinit2.o(.ARM.Collect$$libinit$$0000001F)
    .ARM.Collect$$libinit$$00000021          0x080001f0   Section        0  libinit2.o(.ARM.Collect$$libinit$$00000021)
    .ARM.Collect$$libinit$$00000023          0x080001f0   Section        0  libinit2.o(.ARM.Collect$$libinit$$00000023)
    .ARM.Collect$$libinit$$00000025          0x080001f0   Section        0  libinit2.o(.ARM.Collect$$libinit$$00000025)
    .ARM.Collect$$libinit$$0000002C          0x080001f0   Section        0  libinit2.o(.ARM.Collect$$libinit$$0000002C)
    .ARM.Collect$$libinit$$0000002E          0x080001f0   Section        0  libinit2.o(.ARM.Collect$$libinit$$0000002E)
    .ARM.Collect$$libinit$$00000030          0x080001f0   Section        0  libinit2.o(.ARM.Collect$$libinit$$00000030)
    .ARM.Collect$$libinit$$00000032          0x080001f0   Section        0  libinit2.o(.ARM.Collect$$libinit$$00000032)
    .ARM.Collect$$libinit$$00000033          0x080001f0   Section        2  libinit2.o(.ARM.Collect$$libinit$$00000033)
    .ARM.Collect$$libshutdown$$00000000      0x080001f2   Section        2  libshutdown.o(.ARM.Collect$$libshutdown$$00000000)
    .ARM.Collect$$libshutdown$$00000003      0x080001f4   Section        0  libshutdown2.o(.ARM.Collect$$libshutdown$$00000003)
    .ARM.Collect$$libshutdown$$00000006      0x080001f4   Section        0  libshutdown2.o(.ARM.Collect$$libshutdown$$00000006)
    .ARM.Collect$$libshutdown$$00000009      0x080001f4   Section        0  libshutdown2.o(.ARM.Collect$$libshutdown$$00000009)
    .ARM.Collect$$libshutdown$$0000000B      0x080001f4   Section        0  libshutdown2.o(.ARM.Collect$$libshutdown$$0000000B)
    .ARM.Collect$$libshutdown$$0000000E      0x080001f4   Section        0  libshutdown2.o(.ARM.Collect$$libshutdown$$0000000E)
    .ARM.Collect$$libshutdown$$0000000F      0x080001f4   Section        2  libshutdown2.o(.ARM.Collect$$libshutdown$$0000000F)
    .ARM.Collect$$rtentry$$00000000          0x080001f6   Section        0  __rtentry.o(.ARM.Collect$$rtentry$$00000000)
    .ARM.Collect$$rtentry$$00000002          0x080001f6   Section        0  __rtentry2.o(.ARM.Collect$$rtentry$$00000002)
    .ARM.Collect$$rtentry$$00000004          0x080001f6   Section        6  __rtentry4.o(.ARM.Collect$$rtentry$$00000004)
    .ARM.Collect$$rtentry$$00000009          0x080001fc   Section        0  __rtentry2.o(.ARM.Collect$$rtentry$$00000009)
    .ARM.Collect$$rtentry$$0000000A          0x080001fc   Section        4  __rtentry2.o(.ARM.Collect$$rtentry$$0000000A)
    .ARM.Collect$$rtentry$$0000000C          0x08000200   Section        0  __rtentry2.o(.ARM.Collect$$rtentry$$0000000C)
    .ARM.Collect$$rtentry$$0000000D          0x08000200   Section        8  __rtentry2.o(.ARM.Collect$$rtentry$$0000000D)
    .ARM.Collect$$rtexit$$00000000           0x08000208   Section        2  rtexit.o(.ARM.Collect$$rtexit$$00000000)
    .ARM.Collect$$rtexit$$00000002           0x0800020a   Section        0  rtexit2.o(.ARM.Collect$$rtexit$$00000002)
    .ARM.Collect$$rtexit$$00000003           0x0800020a   Section        4  rtexit2.o(.ARM.Collect$$rtexit$$00000003)
    .ARM.Collect$$rtexit$$00000004           0x0800020e   Section        6  rtexit2.o(.ARM.Collect$$rtexit$$00000004)
    .text                                    0x08000214   Section        0  main.o(.text)
    Stm32_Init                               0x08000215   Thumb Code    82  main.o(.text)
    .text                                    0x08000348   Section        0  stm32f10x_it.o(.text)
    .text                                    0x08000364   Section        0  system_stm32f10x.o(.text)
    SetSysClockTo72                          0x08000365   Thumb Code   214  system_stm32f10x.o(.text)
    SetSysClock                              0x0800043b   Thumb Code     8  system_stm32f10x.o(.text)
    .text                                    0x08000544   Section        0  led.o(.text)
    .text                                    0x080005ec   Section        0  key.o(.text)
    .text                                    0x08000678   Section        0  timer.o(.text)
    .text                                    0x080008a0   Section        0  adc.o(.text)
    .text                                    0x080009d4   Section        0  runcontrol.o(.text)
    .text                                    0x08000e74   Section        0  rs485.o(.text)
    .text                                    0x08001b1c   Section        0  stmflash.o(.text)
    .text                                    0x08001c60   Section        0  delay.o(.text)
    .text                                    0x08001d34   Section        0  sys.o(.text)
    .text                                    0x08001d40   Section        0  usart.o(.text)
    .text                                    0x08001ee8   Section       64  startup_stm32f10x_hd.o(.text)
    .text                                    0x08001f28   Section        0  misc.o(.text)
    .text                                    0x08002004   Section        0  stm32f10x_gpio.o(.text)
    .text                                    0x08002360   Section        0  stm32f10x_rcc.o(.text)
    .text                                    0x08002704   Section        0  stm32f10x_usart.o(.text)
    .text                                    0x08002b0c   Section        0  stm32f10x_tim.o(.text)
    TI4_Config                               0x08002fb3   Thumb Code   130  stm32f10x_tim.o(.text)
    TI3_Config                               0x08003047   Thumb Code   122  stm32f10x_tim.o(.text)
    TI2_Config                               0x080030db   Thumb Code   130  stm32f10x_tim.o(.text)
    TI1_Config                               0x0800316f   Thumb Code   108  stm32f10x_tim.o(.text)
    .text                                    0x08003928   Section        0  stm32f10x_adc.o(.text)
    .text                                    0x08003d78   Section        0  stm32f10x_flash.o(.text)
    .text                                    0x08004334   Section        2  use_no_semi_2.o(.text)
    .text                                    0x08004338   Section        0  noretval__2printf.o(.text)
    .text                                    0x08004350   Section        0  __printf.o(.text)
    .text                                    0x080043b8   Section        0  _printf_dec.o(.text)
    .text                                    0x08004430   Section       78  rt_memclr_w.o(.text)
    .text                                    0x08004480   Section      128  strcmpv7m.o(.text)
    .text                                    0x08004500   Section        0  heapauxi.o(.text)
    .text                                    0x08004506   Section        2  use_no_semi.o(.text)
    .text                                    0x08004508   Section        0  _printf_intcommon.o(.text)
    .text                                    0x080045bc   Section        0  _printf_char_file.o(.text)
    .text                                    0x080045e0   Section        0  _printf_char_common.o(.text)
    _printf_input_char                       0x080045e1   Thumb Code    10  _printf_char_common.o(.text)
    .text                                    0x08004610   Section        0  ferror.o(.text)
    .text                                    0x08004618   Section       74  sys_stackheap_outer.o(.text)
    .text                                    0x08004662   Section        0  exit.o(.text)
    .text                                    0x08004670   Section        8  libspace.o(.text)
    .data                                    0x20000000   Section       16  main.o(.data)
    .data                                    0x20000010   Section       20  system_stm32f10x.o(.data)
    .data                                    0x20000024   Section       10  timer.o(.data)
    Time_cnt                                 0x2000002c   Data           2  timer.o(.data)
    .data                                    0x20000030   Section        5  adc.o(.data)
    temp_val                                 0x20000030   Data           4  adc.o(.data)
    time_cnt                                 0x20000034   Data           1  adc.o(.data)
    .data                                    0x20000038   Section       21  runcontrol.o(.data)
    Step                                     0x20000042   Data           1  runcontrol.o(.data)
    cishujishu                               0x20000043   Data           1  runcontrol.o(.data)
    ErrorTime_cnt                            0x20000044   Data           1  runcontrol.o(.data)
    Light_cnt                                0x20000045   Data           1  runcontrol.o(.data)
    systime                                  0x20000048   Data           4  runcontrol.o(.data)
    StarStop                                 0x2000004c   Data           1  runcontrol.o(.data)
    .data                                    0x20000050   Section      535  rs485.o(.data)
    auchCRCHi                                0x2000005f   Data         256  rs485.o(.data)
    auchCRCLo                                0x2000015f   Data         256  rs485.o(.data)
    .data                                    0x20000268   Section        4  delay.o(.data)
    fac_us                                   0x20000268   Data           1  delay.o(.data)
    fac_ms                                   0x2000026a   Data           2  delay.o(.data)
    .data                                    0x2000026c   Section        6  usart.o(.data)
    .data                                    0x20000272   Section       20  stm32f10x_rcc.o(.data)
    APBAHBPrescTable                         0x20000272   Data          16  stm32f10x_rcc.o(.data)
    ADCPrescTable                            0x20000282   Data           4  stm32f10x_rcc.o(.data)
    .bss                                     0x20000288   Section     5436  rs485.o(.bss)
    .bss                                     0x200017c4   Section     2048  stmflash.o(.bss)
    .bss                                     0x20001fc4   Section      200  usart.o(.bss)
    .bss                                     0x2000208c   Section       96  libspace.o(.bss)
    HEAP                                     0x200020f0   Section      512  startup_stm32f10x_hd.o(HEAP)
    Heap_Mem                                 0x200020f0   Data         512  startup_stm32f10x_hd.o(HEAP)
    STACK                                    0x200022f0   Section     1024  startup_stm32f10x_hd.o(STACK)
    Stack_Mem                                0x200022f0   Data        1024  startup_stm32f10x_hd.o(STACK)
    __initial_sp                             0x200026f0   Data           0  startup_stm32f10x_hd.o(STACK)

    Global Symbols

    Symbol Name                              Value     Ov Type        Size  Object(Section)

    BuildAttributes$$THM_ISAv4$P$D$K$B$S$PE$A:L22UL41UL21$X:L11$S22US41US21$IEEE1$IW$USESV6$~STKCKD$USESV7$~SHL$OSPACE$ROPI$EBA8$UX$STANDARDLIB$REQ8$PRES8$EABIv2 0x00000000   Number         0  anon$$obj.o ABSOLUTE
    __ARM_use_no_argv                        0x00000000   Number         0  main.o ABSOLUTE
    __ARM_exceptions_init                     - Undefined Weak Reference
    __alloca_initialize                       - Undefined Weak Reference
    __arm_preinit_                            - Undefined Weak Reference
    __cpp_initialize__aeabi_                  - Undefined Weak Reference
    __cxa_finalize                            - Undefined Weak Reference
    __rt_locale                               - Undefined Weak Reference
    __sigvec_lookup                           - Undefined Weak Reference
    _atexit_init                              - Undefined Weak Reference
    _call_atexit_fns                          - Undefined Weak Reference
    _clock_init                               - Undefined Weak Reference
    _fp_trap_init                             - Undefined Weak Reference
    _fp_trap_shutdown                         - Undefined Weak Reference
    _get_lc_collate                           - Undefined Weak Reference
    _get_lc_ctype                             - Undefined Weak Reference
    _get_lc_monetary                          - Undefined Weak Reference
    _get_lc_numeric                           - Undefined Weak Reference
    _get_lc_time                              - Undefined Weak Reference
    _getenv_init                              - Undefined Weak Reference
    _handle_redirection                       - Undefined Weak Reference
    _init_alloc                               - Undefined Weak Reference
    _init_user_alloc                          - Undefined Weak Reference
    _initio                                   - Undefined Weak Reference
    _mutex_acquire                            - Undefined Weak Reference
    _mutex_release                            - Undefined Weak Reference
    _printf_post_padding                      - Undefined Weak Reference
    _printf_pre_padding                       - Undefined Weak Reference
    _printf_truncate_signed                   - Undefined Weak Reference
    _printf_truncate_unsigned                 - Undefined Weak Reference
    _rand_init                                - Undefined Weak Reference
    _signal_finish                            - Undefined Weak Reference
    _signal_init                              - Undefined Weak Reference
    _terminate_alloc                          - Undefined Weak Reference
    _terminate_user_alloc                     - Undefined Weak Reference
    _terminateio                              - Undefined Weak Reference
    __Vectors_Size                           0x00000130   Number         0  startup_stm32f10x_hd.o ABSOLUTE
    __Vectors                                0x08000000   Data           4  startup_stm32f10x_hd.o(RESET)
    __Vectors_End                            0x08000130   Data           0  startup_stm32f10x_hd.o(RESET)
    __main                                   0x08000131   Thumb Code     8  __main.o(!!!main)
    __scatterload                            0x08000139   Thumb Code     0  __scatter.o(!!!scatter)
    __scatterload_rt2                        0x08000139   Thumb Code    44  __scatter.o(!!!scatter)
    __scatterload_rt2_thumb_only             0x08000139   Thumb Code     0  __scatter.o(!!!scatter)
    __scatterload_null                       0x08000147   Thumb Code     0  __scatter.o(!!!scatter)
    __decompress                             0x0800016d   Thumb Code    90  __dczerorl2.o(!!dczerorl2)
    __decompress1                            0x0800016d   Thumb Code     0  __dczerorl2.o(!!dczerorl2)
    __scatterload_zeroinit                   0x080001c9   Thumb Code    28  __scatter_zi.o(!!handler_zi)
    _printf_d                                0x080001e5   Thumb Code     0  _printf_d.o(.ARM.Collect$$_printf_percent$$00000009)
    _printf_percent                          0x080001e5   Thumb Code     0  _printf_percent.o(.ARM.Collect$$_printf_percent$$00000000)
    _printf_percent_end                      0x080001eb   Thumb Code     0  _printf_percent_end.o(.ARM.Collect$$_printf_percent$$00000017)
    __rt_lib_init                            0x080001ef   Thumb Code     0  libinit.o(.ARM.Collect$$libinit$$00000000)
    __rt_lib_init_alloca_1                   0x080001f1   Thumb Code     0  libinit2.o(.ARM.Collect$$libinit$$0000002E)
    __rt_lib_init_argv_1                     0x080001f1   Thumb Code     0  libinit2.o(.ARM.Collect$$libinit$$0000002C)
    __rt_lib_init_atexit_1                   0x080001f1   Thumb Code     0  libinit2.o(.ARM.Collect$$libinit$$0000001B)
    __rt_lib_init_clock_1                    0x080001f1   Thumb Code     0  libinit2.o(.ARM.Collect$$libinit$$00000021)
    __rt_lib_init_cpp_1                      0x080001f1   Thumb Code     0  libinit2.o(.ARM.Collect$$libinit$$00000032)
    __rt_lib_init_exceptions_1               0x080001f1   Thumb Code     0  libinit2.o(.ARM.Collect$$libinit$$00000030)
    __rt_lib_init_fp_1                       0x080001f1   Thumb Code     0  libinit2.o(.ARM.Collect$$libinit$$00000002)
    __rt_lib_init_fp_trap_1                  0x080001f1   Thumb Code     0  libinit2.o(.ARM.Collect$$libinit$$0000001F)
    __rt_lib_init_getenv_1                   0x080001f1   Thumb Code     0  libinit2.o(.ARM.Collect$$libinit$$00000023)
    __rt_lib_init_heap_1                     0x080001f1   Thumb Code     0  libinit2.o(.ARM.Collect$$libinit$$0000000A)
    __rt_lib_init_lc_collate_1               0x080001f1   Thumb Code     0  libinit2.o(.ARM.Collect$$libinit$$00000011)
    __rt_lib_init_lc_ctype_1                 0x080001f1   Thumb Code     0  libinit2.o(.ARM.Collect$$libinit$$00000013)
    __rt_lib_init_lc_monetary_1              0x080001f1   Thumb Code     0  libinit2.o(.ARM.Collect$$libinit$$00000015)
    __rt_lib_init_lc_numeric_1               0x080001f1   Thumb Code     0  libinit2.o(.ARM.Collect$$libinit$$00000017)
    __rt_lib_init_lc_time_1                  0x080001f1   Thumb Code     0  libinit2.o(.ARM.Collect$$libinit$$00000019)
    __rt_lib_init_preinit_1                  0x080001f1   Thumb Code     0  libinit2.o(.ARM.Collect$$libinit$$00000004)
    __rt_lib_init_rand_1                     0x080001f1   Thumb Code     0  libinit2.o(.ARM.Collect$$libinit$$0000000E)
    __rt_lib_init_return                     0x080001f1   Thumb Code     0  libinit2.o(.ARM.Collect$$libinit$$00000033)
    __rt_lib_init_signal_1                   0x080001f1   Thumb Code     0  libinit2.o(.ARM.Collect$$libinit$$0000001D)
    __rt_lib_init_stdio_1                    0x080001f1   Thumb Code     0  libinit2.o(.ARM.Collect$$libinit$$00000025)
    __rt_lib_init_user_alloc_1               0x080001f1   Thumb Code     0  libinit2.o(.ARM.Collect$$libinit$$0000000C)
    __rt_lib_shutdown                        0x080001f3   Thumb Code     0  libshutdown.o(.ARM.Collect$$libshutdown$$00000000)
    __rt_lib_shutdown_fp_trap_1              0x080001f5   Thumb Code     0  libshutdown2.o(.ARM.Collect$$libshutdown$$00000006)
    __rt_lib_shutdown_heap_1                 0x080001f5   Thumb Code     0  libshutdown2.o(.ARM.Collect$$libshutdown$$0000000E)
    __rt_lib_shutdown_return                 0x080001f5   Thumb Code     0  libshutdown2.o(.ARM.Collect$$libshutdown$$0000000F)
    __rt_lib_shutdown_signal_1               0x080001f5   Thumb Code     0  libshutdown2.o(.ARM.Collect$$libshutdown$$00000009)
    __rt_lib_shutdown_stdio_1                0x080001f5   Thumb Code     0  libshutdown2.o(.ARM.Collect$$libshutdown$$00000003)
    __rt_lib_shutdown_user_alloc_1           0x080001f5   Thumb Code     0  libshutdown2.o(.ARM.Collect$$libshutdown$$0000000B)
    __rt_entry                               0x080001f7   Thumb Code     0  __rtentry.o(.ARM.Collect$$rtentry$$00000000)
    __rt_entry_presh_1                       0x080001f7   Thumb Code     0  __rtentry2.o(.ARM.Collect$$rtentry$$00000002)
    __rt_entry_sh                            0x080001f7   Thumb Code     0  __rtentry4.o(.ARM.Collect$$rtentry$$00000004)
    __rt_entry_li                            0x080001fd   Thumb Code     0  __rtentry2.o(.ARM.Collect$$rtentry$$0000000A)
    __rt_entry_postsh_1                      0x080001fd   Thumb Code     0  __rtentry2.o(.ARM.Collect$$rtentry$$00000009)
    __rt_entry_main                          0x08000201   Thumb Code     0  __rtentry2.o(.ARM.Collect$$rtentry$$0000000D)
    __rt_entry_postli_1                      0x08000201   Thumb Code     0  __rtentry2.o(.ARM.Collect$$rtentry$$0000000C)
    __rt_exit                                0x08000209   Thumb Code     0  rtexit.o(.ARM.Collect$$rtexit$$00000000)
    __rt_exit_ls                             0x0800020b   Thumb Code     0  rtexit2.o(.ARM.Collect$$rtexit$$00000003)
    __rt_exit_prels_1                        0x0800020b   Thumb Code     0  rtexit2.o(.ARM.Collect$$rtexit$$00000002)
    __rt_exit_exit                           0x0800020f   Thumb Code     0  rtexit2.o(.ARM.Collect$$rtexit$$00000004)
    main                                     0x08000267   Thumb Code   148  main.o(.text)
    NMI_Handler                              0x08000349   Thumb Code     2  stm32f10x_it.o(.text)
    HardFault_Handler                        0x0800034b   Thumb Code     4  stm32f10x_it.o(.text)
    MemManage_Handler                        0x0800034f   Thumb Code     4  stm32f10x_it.o(.text)
    BusFault_Handler                         0x08000353   Thumb Code     4  stm32f10x_it.o(.text)
    UsageFault_Handler                       0x08000357   Thumb Code     4  stm32f10x_it.o(.text)
    SVC_Handler                              0x0800035b   Thumb Code     2  stm32f10x_it.o(.text)
    DebugMon_Handler                         0x0800035d   Thumb Code     2  stm32f10x_it.o(.text)
    PendSV_Handler                           0x0800035f   Thumb Code     2  stm32f10x_it.o(.text)
    SysTick_Handler                          0x08000361   Thumb Code     2  stm32f10x_it.o(.text)
    SystemInit                               0x08000443   Thumb Code    78  system_stm32f10x.o(.text)
    SystemCoreClockUpdate                    0x08000491   Thumb Code   142  system_stm32f10x.o(.text)
    LED_Init                                 0x08000545   Thumb Code   152  led.o(.text)
    KEY_Init                                 0x080005ed   Thumb Code   120  key.o(.text)
    TIM4_Int_Init                            0x08000679   Thumb Code    90  timer.o(.text)
    TIM4_IRQHandler                          0x080006d3   Thumb Code   182  timer.o(.text)
    TIM3_PWM_Init                            0x08000789   Thumb Code   232  timer.o(.text)
    Adc_Init                                 0x080008a1   Thumb Code   132  adc.o(.text)
    Get_Adc                                  0x08000925   Thumb Code    46  adc.o(.text)
    Get_Adc_Average                          0x08000953   Thumb Code    46  adc.o(.text)
    Get_AdcData                              0x08000981   Thumb Code    62  adc.o(.text)
    create_empty_sequeue                     0x080009d5   Thumb Code     8  runcontrol.o(.text)
    InitSequeuet                             0x080009dd   Thumb Code    12  runcontrol.o(.text)
    check_seqeue_empty                       0x080009e9   Thumb Code    18  runcontrol.o(.text)
    enqueue                                  0x080009fb   Thumb Code    28  runcontrol.o(.text)
    dequeue                                  0x08000a17   Thumb Code    28  runcontrol.o(.text)
    RunStatus                                0x08000a33   Thumb Code   110  runcontrol.o(.text)
    TurntableConnect                         0x08000aa1   Thumb Code    14  runcontrol.o(.text)
    CylinderConnect01                        0x08000aaf   Thumb Code    56  runcontrol.o(.text)
    CylinderConnect02                        0x08000ae7   Thumb Code    60  runcontrol.o(.text)
    CylinderStepConnect                      0x08000b23   Thumb Code   468  runcontrol.o(.text)
    Wainmming                                0x08000cf7   Thumb Code     2  runcontrol.o(.text)
    Key_Scan                                 0x08000cf9   Thumb Code    52  runcontrol.o(.text)
    CylinderAllConnect                       0x08000d2d   Thumb Code   292  runcontrol.o(.text)
    CRC_Compute                              0x08000e75   Thumb Code    48  rs485.o(.text)
    Modbus_RegMap                            0x08000ea5   Thumb Code   284  rs485.o(.text)
    Timer7_Init                              0x08000fc1   Thumb Code    98  rs485.o(.text)
    RS485_Init                               0x08001023   Thumb Code   278  rs485.o(.text)
    RS485_SendData                           0x08001139   Thumb Code    64  rs485.o(.text)
    USART2_IRQHandler                        0x08001179   Thumb Code    96  rs485.o(.text)
    TIM7_IRQHandler                          0x080011d9   Thumb Code    40  rs485.o(.text)
    Modbus_16_Solve                          0x08001201   Thumb Code   334  rs485.o(.text)
    Modbus_06_Solve                          0x0800134f   Thumb Code   126  rs485.o(.text)
    Modbus_03_Solve                          0x080013cd   Thumb Code   232  rs485.o(.text)
    Modbus_15_Solve                          0x080014b5   Thumb Code   240  rs485.o(.text)
    Modbus_05_Solve                          0x080015a5   Thumb Code   164  rs485.o(.text)
    Modbus_01_Solve                          0x08001649   Thumb Code   402  rs485.o(.text)
    Modbus_02_Solve                          0x080017db   Thumb Code   372  rs485.o(.text)
    RS485_Service                            0x0800194f   Thumb Code   402  rs485.o(.text)
    STMFLASH_ReadHalfWord                    0x08001b1d   Thumb Code     6  stmflash.o(.text)
    STMFLASH_Write_NoCheck                   0x08001b23   Thumb Code    38  stmflash.o(.text)
    STMFLASH_Read                            0x08001b49   Thumb Code    34  stmflash.o(.text)
    STMFLASH_Write                           0x08001b6b   Thumb Code   222  stmflash.o(.text)
    Test_Write                               0x08001c49   Thumb Code    16  stmflash.o(.text)
    delay_init                               0x08001c61   Thumb Code    50  delay.o(.text)
    delay_us                                 0x08001c93   Thumb Code    72  delay.o(.text)
    delay_ms                                 0x08001cdb   Thumb Code    72  delay.o(.text)
    NVIC_Configuration                       0x08001d35   Thumb Code    12  sys.o(.text)
    _sys_exit                                0x08001d41   Thumb Code     6  usart.o(.text)
    fputc                                    0x08001d47   Thumb Code    24  usart.o(.text)
    uart_init                                0x08001d5f   Thumb Code   152  usart.o(.text)
    USART1_IRQHandler                        0x08001df7   Thumb Code   122  usart.o(.text)
    DealUartCmd                              0x08001e71   Thumb Code    76  usart.o(.text)
    Reset_Handler                            0x08001ee9   Thumb Code     8  startup_stm32f10x_hd.o(.text)
    ADC1_2_IRQHandler                        0x08001f03   Thumb Code     0  startup_stm32f10x_hd.o(.text)
    ADC3_IRQHandler                          0x08001f03   Thumb Code     0  startup_stm32f10x_hd.o(.text)
    CAN1_RX1_IRQHandler                      0x08001f03   Thumb Code     0  startup_stm32f10x_hd.o(.text)
    CAN1_SCE_IRQHandler                      0x08001f03   Thumb Code     0  startup_stm32f10x_hd.o(.text)
    DMA1_Channel1_IRQHandler                 0x08001f03   Thumb Code     0  startup_stm32f10x_hd.o(.text)
    DMA1_Channel2_IRQHandler                 0x08001f03   Thumb Code     0  startup_stm32f10x_hd.o(.text)
    DMA1_Channel3_IRQHandler                 0x08001f03   Thumb Code     0  startup_stm32f10x_hd.o(.text)
    DMA1_Channel4_IRQHandler                 0x08001f03   Thumb Code     0  startup_stm32f10x_hd.o(.text)
    DMA1_Channel5_IRQHandler                 0x08001f03   Thumb Code     0  startup_stm32f10x_hd.o(.text)
    DMA1_Channel6_IRQHandler                 0x08001f03   Thumb Code     0  startup_stm32f10x_hd.o(.text)
    DMA1_Channel7_IRQHandler                 0x08001f03   Thumb Code     0  startup_stm32f10x_hd.o(.text)
    DMA2_Channel1_IRQHandler                 0x08001f03   Thumb Code     0  startup_stm32f10x_hd.o(.text)
    DMA2_Channel2_IRQHandler                 0x08001f03   Thumb Code     0  startup_stm32f10x_hd.o(.text)
    DMA2_Channel3_IRQHandler                 0x08001f03   Thumb Code     0  startup_stm32f10x_hd.o(.text)
    DMA2_Channel4_5_IRQHandler               0x08001f03   Thumb Code     0  startup_stm32f10x_hd.o(.text)
    EXTI0_IRQHandler                         0x08001f03   Thumb Code     0  startup_stm32f10x_hd.o(.text)
    EXTI15_10_IRQHandler                     0x08001f03   Thumb Code     0  startup_stm32f10x_hd.o(.text)
    EXTI1_IRQHandler                         0x08001f03   Thumb Code     0  startup_stm32f10x_hd.o(.text)
    EXTI2_IRQHandler                         0x08001f03   Thumb Code     0  startup_stm32f10x_hd.o(.text)
    EXTI3_IRQHandler                         0x08001f03   Thumb Code     0  startup_stm32f10x_hd.o(.text)
    EXTI4_IRQHandler                         0x08001f03   Thumb Code     0  startup_stm32f10x_hd.o(.text)
    EXTI9_5_IRQHandler                       0x08001f03   Thumb Code     0  startup_stm32f10x_hd.o(.text)
    FLASH_IRQHandler                         0x08001f03   Thumb Code     0  startup_stm32f10x_hd.o(.text)
    FSMC_IRQHandler                          0x08001f03   Thumb Code     0  startup_stm32f10x_hd.o(.text)
    I2C1_ER_IRQHandler                       0x08001f03   Thumb Code     0  startup_stm32f10x_hd.o(.text)
    I2C1_EV_IRQHandler                       0x08001f03   Thumb Code     0  startup_stm32f10x_hd.o(.text)
    I2C2_ER_IRQHandler                       0x08001f03   Thumb Code     0  startup_stm32f10x_hd.o(.text)
    I2C2_EV_IRQHandler                       0x08001f03   Thumb Code     0  startup_stm32f10x_hd.o(.text)
    PVD_IRQHandler                           0x08001f03   Thumb Code     0  startup_stm32f10x_hd.o(.text)
    RCC_IRQHandler                           0x08001f03   Thumb Code     0  startup_stm32f10x_hd.o(.text)
    RTCAlarm_IRQHandler                      0x08001f03   Thumb Code     0  startup_stm32f10x_hd.o(.text)
    RTC_IRQHandler                           0x08001f03   Thumb Code     0  startup_stm32f10x_hd.o(.text)
    SDIO_IRQHandler                          0x08001f03   Thumb Code     0  startup_stm32f10x_hd.o(.text)
    SPI1_IRQHandler                          0x08001f03   Thumb Code     0  startup_stm32f10x_hd.o(.text)
    SPI2_IRQHandler                          0x08001f03   Thumb Code     0  startup_stm32f10x_hd.o(.text)
    SPI3_IRQHandler                          0x08001f03   Thumb Code     0  startup_stm32f10x_hd.o(.text)
    TAMPER_IRQHandler                        0x08001f03   Thumb Code     0  startup_stm32f10x_hd.o(.text)
    TIM1_BRK_IRQHandler                      0x08001f03   Thumb Code     0  startup_stm32f10x_hd.o(.text)
    TIM1_CC_IRQHandler                       0x08001f03   Thumb Code     0  startup_stm32f10x_hd.o(.text)
    TIM1_TRG_COM_IRQHandler                  0x08001f03   Thumb Code     0  startup_stm32f10x_hd.o(.text)
    TIM1_UP_IRQHandler                       0x08001f03   Thumb Code     0  startup_stm32f10x_hd.o(.text)
    TIM2_IRQHandler                          0x08001f03   Thumb Code     0  startup_stm32f10x_hd.o(.text)
    TIM3_IRQHandler                          0x08001f03   Thumb Code     0  startup_stm32f10x_hd.o(.text)
    TIM5_IRQHandler                          0x08001f03   Thumb Code     0  startup_stm32f10x_hd.o(.text)
    TIM6_IRQHandler                          0x08001f03   Thumb Code     0  startup_stm32f10x_hd.o(.text)
    TIM8_BRK_IRQHandler                      0x08001f03   Thumb Code     0  startup_stm32f10x_hd.o(.text)
    TIM8_CC_IRQHandler                       0x08001f03   Thumb Code     0  startup_stm32f10x_hd.o(.text)
    TIM8_TRG_COM_IRQHandler                  0x08001f03   Thumb Code     0  startup_stm32f10x_hd.o(.text)
    TIM8_UP_IRQHandler                       0x08001f03   Thumb Code     0  startup_stm32f10x_hd.o(.text)
    UART4_IRQHandler                         0x08001f03   Thumb Code     0  startup_stm32f10x_hd.o(.text)
    UART5_IRQHandler                         0x08001f03   Thumb Code     0  startup_stm32f10x_hd.o(.text)
    USART3_IRQHandler                        0x08001f03   Thumb Code     0  startup_stm32f10x_hd.o(.text)
    USBWakeUp_IRQHandler                     0x08001f03   Thumb Code     0  startup_stm32f10x_hd.o(.text)
    USB_HP_CAN1_TX_IRQHandler                0x08001f03   Thumb Code     0  startup_stm32f10x_hd.o(.text)
    USB_LP_CAN1_RX0_IRQHandler               0x08001f03   Thumb Code     0  startup_stm32f10x_hd.o(.text)
    WWDG_IRQHandler                          0x08001f03   Thumb Code     0  startup_stm32f10x_hd.o(.text)
    __user_initial_stackheap                 0x08001f05   Thumb Code     0  startup_stm32f10x_hd.o(.text)
    NVIC_PriorityGroupConfig                 0x08001f29   Thumb Code    10  misc.o(.text)
    NVIC_Init                                0x08001f33   Thumb Code   100  misc.o(.text)
    NVIC_SetVectorTable                      0x08001f97   Thumb Code    14  misc.o(.text)
    NVIC_SystemLPConfig                      0x08001fa5   Thumb Code    34  misc.o(.text)
    SysTick_CLKSourceConfig                  0x08001fc7   Thumb Code    40  misc.o(.text)
    GPIO_DeInit                              0x08002005   Thumb Code   172  stm32f10x_gpio.o(.text)
    GPIO_AFIODeInit                          0x080020b1   Thumb Code    20  stm32f10x_gpio.o(.text)
    GPIO_Init                                0x080020c5   Thumb Code   278  stm32f10x_gpio.o(.text)
    GPIO_StructInit                          0x080021db   Thumb Code    16  stm32f10x_gpio.o(.text)
    GPIO_ReadInputDataBit                    0x080021eb   Thumb Code    18  stm32f10x_gpio.o(.text)
    GPIO_ReadInputData                       0x080021fd   Thumb Code     8  stm32f10x_gpio.o(.text)
    GPIO_ReadOutputDataBit                   0x08002205   Thumb Code    18  stm32f10x_gpio.o(.text)
    GPIO_ReadOutputData                      0x08002217   Thumb Code     8  stm32f10x_gpio.o(.text)
    GPIO_SetBits                             0x0800221f   Thumb Code     4  stm32f10x_gpio.o(.text)
    GPIO_ResetBits                           0x08002223   Thumb Code     4  stm32f10x_gpio.o(.text)
    GPIO_WriteBit                            0x08002227   Thumb Code    10  stm32f10x_gpio.o(.text)
    GPIO_Write                               0x08002231   Thumb Code     4  stm32f10x_gpio.o(.text)
    GPIO_PinLockConfig                       0x08002235   Thumb Code    18  stm32f10x_gpio.o(.text)
    GPIO_EventOutputConfig                   0x08002247   Thumb Code    26  stm32f10x_gpio.o(.text)
    GPIO_EventOutputCmd                      0x08002261   Thumb Code     6  stm32f10x_gpio.o(.text)
    GPIO_PinRemapConfig                      0x08002267   Thumb Code   138  stm32f10x_gpio.o(.text)
    GPIO_EXTILineConfig                      0x080022f1   Thumb Code    66  stm32f10x_gpio.o(.text)
    GPIO_ETH_MediaInterfaceConfig            0x08002333   Thumb Code     8  stm32f10x_gpio.o(.text)
    RCC_DeInit                               0x08002361   Thumb Code    64  stm32f10x_rcc.o(.text)
    RCC_HSEConfig                            0x080023a1   Thumb Code    70  stm32f10x_rcc.o(.text)
    RCC_GetFlagStatus                        0x080023e7   Thumb Code    56  stm32f10x_rcc.o(.text)
    RCC_WaitForHSEStartUp                    0x0800241f   Thumb Code    56  stm32f10x_rcc.o(.text)
    RCC_AdjustHSICalibrationValue            0x08002457   Thumb Code    20  stm32f10x_rcc.o(.text)
    RCC_HSICmd                               0x0800246b   Thumb Code     6  stm32f10x_rcc.o(.text)
    RCC_PLLConfig                            0x08002471   Thumb Code    24  stm32f10x_rcc.o(.text)
    RCC_PLLCmd                               0x08002489   Thumb Code     6  stm32f10x_rcc.o(.text)
    RCC_SYSCLKConfig                         0x0800248f   Thumb Code    18  stm32f10x_rcc.o(.text)
    RCC_GetSYSCLKSource                      0x080024a1   Thumb Code    10  stm32f10x_rcc.o(.text)
    RCC_HCLKConfig                           0x080024ab   Thumb Code    18  stm32f10x_rcc.o(.text)
    RCC_PCLK1Config                          0x080024bd   Thumb Code    18  stm32f10x_rcc.o(.text)
    RCC_PCLK2Config                          0x080024cf   Thumb Code    20  stm32f10x_rcc.o(.text)
    RCC_ITConfig                             0x080024e3   Thumb Code    26  stm32f10x_rcc.o(.text)
    RCC_USBCLKConfig                         0x080024fd   Thumb Code     8  stm32f10x_rcc.o(.text)
    RCC_ADCCLKConfig                         0x08002505   Thumb Code    18  stm32f10x_rcc.o(.text)
    RCC_LSEConfig                            0x08002517   Thumb Code    50  stm32f10x_rcc.o(.text)
    RCC_LSICmd                               0x08002549   Thumb Code     6  stm32f10x_rcc.o(.text)
    RCC_RTCCLKConfig                         0x0800254f   Thumb Code    12  stm32f10x_rcc.o(.text)
    RCC_RTCCLKCmd                            0x0800255b   Thumb Code     8  stm32f10x_rcc.o(.text)
    RCC_GetClocksFreq                        0x08002563   Thumb Code   192  stm32f10x_rcc.o(.text)
    RCC_AHBPeriphClockCmd                    0x08002623   Thumb Code    26  stm32f10x_rcc.o(.text)
    RCC_APB2PeriphClockCmd                   0x0800263d   Thumb Code    26  stm32f10x_rcc.o(.text)
    RCC_APB1PeriphClockCmd                   0x08002657   Thumb Code    26  stm32f10x_rcc.o(.text)
    RCC_APB2PeriphResetCmd                   0x08002671   Thumb Code    26  stm32f10x_rcc.o(.text)
    RCC_APB1PeriphResetCmd                   0x0800268b   Thumb Code    26  stm32f10x_rcc.o(.text)
    RCC_BackupResetCmd                       0x080026a5   Thumb Code     8  stm32f10x_rcc.o(.text)
    RCC_ClockSecuritySystemCmd               0x080026ad   Thumb Code     6  stm32f10x_rcc.o(.text)
    RCC_MCOConfig                            0x080026b3   Thumb Code     6  stm32f10x_rcc.o(.text)
    RCC_ClearFlag                            0x080026b9   Thumb Code    14  stm32f10x_rcc.o(.text)
    RCC_GetITStatus                          0x080026c7   Thumb Code    20  stm32f10x_rcc.o(.text)
    RCC_ClearITPendingBit                    0x080026db   Thumb Code     6  stm32f10x_rcc.o(.text)
    USART_DeInit                             0x08002705   Thumb Code   134  stm32f10x_usart.o(.text)
    USART_Init                               0x0800278b   Thumb Code   210  stm32f10x_usart.o(.text)
    USART_StructInit                         0x0800285d   Thumb Code    24  stm32f10x_usart.o(.text)
    USART_ClockInit                          0x08002875   Thumb Code    34  stm32f10x_usart.o(.text)
    USART_ClockStructInit                    0x08002897   Thumb Code    12  stm32f10x_usart.o(.text)
    USART_Cmd                                0x080028a3   Thumb Code    24  stm32f10x_usart.o(.text)
    USART_ITConfig                           0x080028bb   Thumb Code    74  stm32f10x_usart.o(.text)
    USART_DMACmd                             0x08002905   Thumb Code    18  stm32f10x_usart.o(.text)
    USART_SetAddress                         0x08002917   Thumb Code    18  stm32f10x_usart.o(.text)
    USART_WakeUpConfig                       0x08002929   Thumb Code    18  stm32f10x_usart.o(.text)
    USART_ReceiverWakeUpCmd                  0x0800293b   Thumb Code    24  stm32f10x_usart.o(.text)
    USART_LINBreakDetectLengthConfig         0x08002953   Thumb Code    18  stm32f10x_usart.o(.text)
    USART_LINCmd                             0x08002965   Thumb Code    24  stm32f10x_usart.o(.text)
    USART_SendData                           0x0800297d   Thumb Code     8  stm32f10x_usart.o(.text)
    USART_ReceiveData                        0x08002985   Thumb Code    10  stm32f10x_usart.o(.text)
    USART_SendBreak                          0x0800298f   Thumb Code    10  stm32f10x_usart.o(.text)
    USART_SetGuardTime                       0x08002999   Thumb Code    16  stm32f10x_usart.o(.text)
    USART_SetPrescaler                       0x080029a9   Thumb Code    16  stm32f10x_usart.o(.text)
    USART_SmartCardCmd                       0x080029b9   Thumb Code    24  stm32f10x_usart.o(.text)
    USART_SmartCardNACKCmd                   0x080029d1   Thumb Code    24  stm32f10x_usart.o(.text)
    USART_HalfDuplexCmd                      0x080029e9   Thumb Code    24  stm32f10x_usart.o(.text)
    USART_OverSampling8Cmd                   0x08002a01   Thumb Code    22  stm32f10x_usart.o(.text)
    USART_OneBitMethodCmd                    0x08002a17   Thumb Code    24  stm32f10x_usart.o(.text)
    USART_IrDAConfig                         0x08002a2f   Thumb Code    18  stm32f10x_usart.o(.text)
    USART_IrDACmd                            0x08002a41   Thumb Code    24  stm32f10x_usart.o(.text)
    USART_GetFlagStatus                      0x08002a59   Thumb Code    26  stm32f10x_usart.o(.text)
    USART_ClearFlag                          0x08002a73   Thumb Code    18  stm32f10x_usart.o(.text)
    USART_GetITStatus                        0x08002a85   Thumb Code    84  stm32f10x_usart.o(.text)
    USART_ClearITPendingBit                  0x08002ad9   Thumb Code    52  stm32f10x_usart.o(.text)
    TIM_DeInit                               0x08002b0d   Thumb Code   424  stm32f10x_tim.o(.text)
    TIM_TimeBaseInit                         0x08002cb5   Thumb Code   122  stm32f10x_tim.o(.text)
    TIM_OC1Init                              0x08002d2f   Thumb Code   132  stm32f10x_tim.o(.text)
    TIM_OC2Init                              0x08002db3   Thumb Code   154  stm32f10x_tim.o(.text)
    TIM_OC3Init                              0x08002e4d   Thumb Code   150  stm32f10x_tim.o(.text)
    TIM_OC4Init                              0x08002ee3   Thumb Code   182  stm32f10x_tim.o(.text)
    TIM_SetIC4Prescaler                      0x08002f99   Thumb Code    26  stm32f10x_tim.o(.text)
    TIM_SetIC3Prescaler                      0x08003035   Thumb Code    18  stm32f10x_tim.o(.text)
    TIM_SetIC2Prescaler                      0x080030c1   Thumb Code    26  stm32f10x_tim.o(.text)
    TIM_SetIC1Prescaler                      0x0800315d   Thumb Code    18  stm32f10x_tim.o(.text)
    TIM_ICInit                               0x080031db   Thumb Code   150  stm32f10x_tim.o(.text)
    TIM_PWMIConfig                           0x08003271   Thumb Code   124  stm32f10x_tim.o(.text)
    TIM_BDTRConfig                           0x080032ed   Thumb Code    32  stm32f10x_tim.o(.text)
    TIM_TimeBaseStructInit                   0x0800330d   Thumb Code    18  stm32f10x_tim.o(.text)
    TIM_OCStructInit                         0x0800331f   Thumb Code    20  stm32f10x_tim.o(.text)
    TIM_ICStructInit                         0x08003333   Thumb Code    18  stm32f10x_tim.o(.text)
    TIM_BDTRStructInit                       0x08003345   Thumb Code    40  stm32f10x_tim.o(.text)
    TIM_Cmd                                  0x0800336d   Thumb Code    24  stm32f10x_tim.o(.text)
    TIM_CtrlPWMOutputs                       0x08003385   Thumb Code    30  stm32f10x_tim.o(.text)
    TIM_ITConfig                             0x080033a3   Thumb Code    18  stm32f10x_tim.o(.text)
    TIM_GenerateEvent                        0x080033b5   Thumb Code     4  stm32f10x_tim.o(.text)
    TIM_DMAConfig                            0x080033b9   Thumb Code    10  stm32f10x_tim.o(.text)
    TIM_DMACmd                               0x080033c3   Thumb Code    18  stm32f10x_tim.o(.text)
    TIM_InternalClockConfig                  0x080033d5   Thumb Code    12  stm32f10x_tim.o(.text)
    TIM_SelectInputTrigger                   0x080033e1   Thumb Code    18  stm32f10x_tim.o(.text)
    TIM_ITRxExternalClockConfig              0x080033f3   Thumb Code    24  stm32f10x_tim.o(.text)
    TIM_TIxExternalClockConfig               0x0800340b   Thumb Code    62  stm32f10x_tim.o(.text)
    TIM_ETRConfig                            0x08003449   Thumb Code    28  stm32f10x_tim.o(.text)
    TIM_ETRClockMode1Config                  0x08003465   Thumb Code    54  stm32f10x_tim.o(.text)
    TIM_ETRClockMode2Config                  0x0800349b   Thumb Code    32  stm32f10x_tim.o(.text)
    TIM_PrescalerConfig                      0x080034bb   Thumb Code     6  stm32f10x_tim.o(.text)
    TIM_CounterModeConfig                    0x080034c1   Thumb Code    18  stm32f10x_tim.o(.text)
    TIM_EncoderInterfaceConfig               0x080034d3   Thumb Code    66  stm32f10x_tim.o(.text)
    TIM_ForcedOC1Config                      0x08003515   Thumb Code    18  stm32f10x_tim.o(.text)
    TIM_ForcedOC2Config                      0x08003527   Thumb Code    26  stm32f10x_tim.o(.text)
    TIM_ForcedOC3Config                      0x08003541   Thumb Code    18  stm32f10x_tim.o(.text)
    TIM_ForcedOC4Config                      0x08003553   Thumb Code    26  stm32f10x_tim.o(.text)
    TIM_ARRPreloadConfig                     0x0800356d   Thumb Code    24  stm32f10x_tim.o(.text)
    TIM_SelectCOM                            0x08003585   Thumb Code    24  stm32f10x_tim.o(.text)
    TIM_SelectCCDMA                          0x0800359d   Thumb Code    24  stm32f10x_tim.o(.text)
    TIM_CCPreloadControl                     0x080035b5   Thumb Code    24  stm32f10x_tim.o(.text)
    TIM_OC1PreloadConfig                     0x080035cd   Thumb Code    18  stm32f10x_tim.o(.text)
    TIM_OC2PreloadConfig                     0x080035df   Thumb Code    26  stm32f10x_tim.o(.text)
    TIM_OC3PreloadConfig                     0x080035f9   Thumb Code    18  stm32f10x_tim.o(.text)
    TIM_OC4PreloadConfig                     0x0800360b   Thumb Code    26  stm32f10x_tim.o(.text)
    TIM_OC1FastConfig                        0x08003625   Thumb Code    18  stm32f10x_tim.o(.text)
    TIM_OC2FastConfig                        0x08003637   Thumb Code    26  stm32f10x_tim.o(.text)
    TIM_OC3FastConfig                        0x08003651   Thumb Code    18  stm32f10x_tim.o(.text)
    TIM_OC4FastConfig                        0x08003663   Thumb Code    26  stm32f10x_tim.o(.text)
    TIM_ClearOC1Ref                          0x0800367d   Thumb Code    18  stm32f10x_tim.o(.text)
    TIM_ClearOC2Ref                          0x0800368f   Thumb Code    24  stm32f10x_tim.o(.text)
    TIM_ClearOC3Ref                          0x080036a7   Thumb Code    18  stm32f10x_tim.o(.text)
    TIM_ClearOC4Ref                          0x080036b9   Thumb Code    24  stm32f10x_tim.o(.text)
    TIM_OC1PolarityConfig                    0x080036d1   Thumb Code    18  stm32f10x_tim.o(.text)
    TIM_OC1NPolarityConfig                   0x080036e3   Thumb Code    18  stm32f10x_tim.o(.text)
    TIM_OC2PolarityConfig                    0x080036f5   Thumb Code    26  stm32f10x_tim.o(.text)
    TIM_OC2NPolarityConfig                   0x0800370f   Thumb Code    26  stm32f10x_tim.o(.text)
    TIM_OC3PolarityConfig                    0x08003729   Thumb Code    26  stm32f10x_tim.o(.text)
    TIM_OC3NPolarityConfig                   0x08003743   Thumb Code    26  stm32f10x_tim.o(.text)
    TIM_OC4PolarityConfig                    0x0800375d   Thumb Code    26  stm32f10x_tim.o(.text)
    TIM_CCxCmd                               0x08003777   Thumb Code    30  stm32f10x_tim.o(.text)
    TIM_CCxNCmd                              0x08003795   Thumb Code    30  stm32f10x_tim.o(.text)
    TIM_SelectOCxM                           0x080037b3   Thumb Code    82  stm32f10x_tim.o(.text)
    TIM_UpdateDisableConfig                  0x08003805   Thumb Code    24  stm32f10x_tim.o(.text)
    TIM_UpdateRequestConfig                  0x0800381d   Thumb Code    24  stm32f10x_tim.o(.text)
    TIM_SelectHallSensor                     0x08003835   Thumb Code    24  stm32f10x_tim.o(.text)
    TIM_SelectOnePulseMode                   0x0800384d   Thumb Code    18  stm32f10x_tim.o(.text)
    TIM_SelectOutputTrigger                  0x0800385f   Thumb Code    18  stm32f10x_tim.o(.text)
    TIM_SelectSlaveMode                      0x08003871   Thumb Code    18  stm32f10x_tim.o(.text)
    TIM_SelectMasterSlaveMode                0x08003883   Thumb Code    18  stm32f10x_tim.o(.text)
    TIM_SetCounter                           0x08003895   Thumb Code     4  stm32f10x_tim.o(.text)
    TIM_SetAutoreload                        0x08003899   Thumb Code     4  stm32f10x_tim.o(.text)
    TIM_SetCompare1                          0x0800389d   Thumb Code     4  stm32f10x_tim.o(.text)
    TIM_SetCompare2                          0x080038a1   Thumb Code     4  stm32f10x_tim.o(.text)
    TIM_SetCompare3                          0x080038a5   Thumb Code     4  stm32f10x_tim.o(.text)
    TIM_SetCompare4                          0x080038a9   Thumb Code     6  stm32f10x_tim.o(.text)
    TIM_SetClockDivision                     0x080038af   Thumb Code    18  stm32f10x_tim.o(.text)
    TIM_GetCapture1                          0x080038c1   Thumb Code     6  stm32f10x_tim.o(.text)
    TIM_GetCapture2                          0x080038c7   Thumb Code     6  stm32f10x_tim.o(.text)
    TIM_GetCapture3                          0x080038cd   Thumb Code     6  stm32f10x_tim.o(.text)
    TIM_GetCapture4                          0x080038d3   Thumb Code     8  stm32f10x_tim.o(.text)
    TIM_GetCounter                           0x080038db   Thumb Code     6  stm32f10x_tim.o(.text)
    TIM_GetPrescaler                         0x080038e1   Thumb Code     6  stm32f10x_tim.o(.text)
    TIM_GetFlagStatus                        0x080038e7   Thumb Code    18  stm32f10x_tim.o(.text)
    TIM_ClearFlag                            0x080038f9   Thumb Code     6  stm32f10x_tim.o(.text)
    TIM_GetITStatus                          0x080038ff   Thumb Code    34  stm32f10x_tim.o(.text)
    TIM_ClearITPendingBit                    0x08003921   Thumb Code     6  stm32f10x_tim.o(.text)
    ADC_DeInit                               0x08003929   Thumb Code    78  stm32f10x_adc.o(.text)
    ADC_Init                                 0x08003977   Thumb Code    70  stm32f10x_adc.o(.text)
    ADC_StructInit                           0x080039bd   Thumb Code    18  stm32f10x_adc.o(.text)
    ADC_Cmd                                  0x080039cf   Thumb Code    22  stm32f10x_adc.o(.text)
    ADC_DMACmd                               0x080039e5   Thumb Code    22  stm32f10x_adc.o(.text)
    ADC_ITConfig                             0x080039fb   Thumb Code    24  stm32f10x_adc.o(.text)
    ADC_ResetCalibration                     0x08003a13   Thumb Code    10  stm32f10x_adc.o(.text)
    ADC_GetResetCalibrationStatus            0x08003a1d   Thumb Code    20  stm32f10x_adc.o(.text)
    ADC_StartCalibration                     0x08003a31   Thumb Code    10  stm32f10x_adc.o(.text)
    ADC_GetCalibrationStatus                 0x08003a3b   Thumb Code    20  stm32f10x_adc.o(.text)
    ADC_SoftwareStartConvCmd                 0x08003a4f   Thumb Code    22  stm32f10x_adc.o(.text)
    ADC_GetSoftwareStartConvStatus           0x08003a65   Thumb Code    20  stm32f10x_adc.o(.text)
    ADC_DiscModeChannelCountConfig           0x08003a79   Thumb Code    24  stm32f10x_adc.o(.text)
    ADC_DiscModeCmd                          0x08003a91   Thumb Code    22  stm32f10x_adc.o(.text)
    ADC_RegularChannelConfig                 0x08003aa7   Thumb Code   184  stm32f10x_adc.o(.text)
    ADC_ExternalTrigConvCmd                  0x08003b5f   Thumb Code    22  stm32f10x_adc.o(.text)
    ADC_GetConversionValue                   0x08003b75   Thumb Code     8  stm32f10x_adc.o(.text)
    ADC_GetDualModeConversionValue           0x08003b7d   Thumb Code     8  stm32f10x_adc.o(.text)
    ADC_AutoInjectedConvCmd                  0x08003b85   Thumb Code    22  stm32f10x_adc.o(.text)
    ADC_InjectedDiscModeCmd                  0x08003b9b   Thumb Code    22  stm32f10x_adc.o(.text)
    ADC_ExternalTrigInjectedConvConfig       0x08003bb1   Thumb Code    16  stm32f10x_adc.o(.text)
    ADC_ExternalTrigInjectedConvCmd          0x08003bc1   Thumb Code    22  stm32f10x_adc.o(.text)
    ADC_SoftwareStartInjectedConvCmd         0x08003bd7   Thumb Code    22  stm32f10x_adc.o(.text)
    ADC_GetSoftwareStartInjectedConvCmdStatus 0x08003bed   Thumb Code    20  stm32f10x_adc.o(.text)
    ADC_InjectedChannelConfig                0x08003c01   Thumb Code   130  stm32f10x_adc.o(.text)
    ADC_InjectedSequencerLengthConfig        0x08003c83   Thumb Code    24  stm32f10x_adc.o(.text)
    ADC_SetInjectedOffset                    0x08003c9b   Thumb Code    20  stm32f10x_adc.o(.text)
    ADC_GetInjectedConversionValue           0x08003caf   Thumb Code    28  stm32f10x_adc.o(.text)
    ADC_AnalogWatchdogCmd                    0x08003ccb   Thumb Code    16  stm32f10x_adc.o(.text)
    ADC_AnalogWatchdogThresholdsConfig       0x08003cdb   Thumb Code     6  stm32f10x_adc.o(.text)
    ADC_AnalogWatchdogSingleChannelConfig    0x08003ce1   Thumb Code    16  stm32f10x_adc.o(.text)
    ADC_TempSensorVrefintCmd                 0x08003cf1   Thumb Code    64  stm32f10x_adc.o(.text)
    ADC_GetFlagStatus                        0x08003d31   Thumb Code    18  stm32f10x_adc.o(.text)
    ADC_ClearFlag                            0x08003d43   Thumb Code     6  stm32f10x_adc.o(.text)
    ADC_GetITStatus                          0x08003d49   Thumb Code    36  stm32f10x_adc.o(.text)
    ADC_ClearITPendingBit                    0x08003d6d   Thumb Code    10  stm32f10x_adc.o(.text)
    FLASH_SetLatency                         0x08003d79   Thumb Code    18  stm32f10x_flash.o(.text)
    FLASH_HalfCycleAccessCmd                 0x08003d8b   Thumb Code    22  stm32f10x_flash.o(.text)
    FLASH_PrefetchBufferCmd                  0x08003da1   Thumb Code    22  stm32f10x_flash.o(.text)
    FLASH_Unlock                             0x08003db7   Thumb Code    12  stm32f10x_flash.o(.text)
    FLASH_UnlockBank1                        0x08003dc3   Thumb Code    12  stm32f10x_flash.o(.text)
    FLASH_Lock                               0x08003dcf   Thumb Code    14  stm32f10x_flash.o(.text)
    FLASH_LockBank1                          0x08003ddd   Thumb Code    14  stm32f10x_flash.o(.text)
    FLASH_GetBank1Status                     0x08003deb   Thumb Code    48  stm32f10x_flash.o(.text)
    FLASH_WaitForLastOperation               0x08003e1b   Thumb Code    38  stm32f10x_flash.o(.text)
    FLASH_ErasePage                          0x08003e41   Thumb Code    72  stm32f10x_flash.o(.text)
    FLASH_EraseAllPages                      0x08003e89   Thumb Code    68  stm32f10x_flash.o(.text)
    FLASH_WaitForLastBank1Operation          0x08003ecd   Thumb Code    38  stm32f10x_flash.o(.text)
    FLASH_EraseAllBank1Pages                 0x08003ef3   Thumb Code    68  stm32f10x_flash.o(.text)
    FLASH_GetReadOutProtectionStatus         0x08003f37   Thumb Code    20  stm32f10x_flash.o(.text)
    FLASH_EraseOptionBytes                   0x08003f4b   Thumb Code   150  stm32f10x_flash.o(.text)
    FLASH_ProgramWord                        0x08003fe1   Thumb Code   102  stm32f10x_flash.o(.text)
    FLASH_ProgramHalfWord                    0x08004047   Thumb Code    60  stm32f10x_flash.o(.text)
    FLASH_ProgramOptionByteData              0x08004083   Thumb Code    72  stm32f10x_flash.o(.text)
    FLASH_EnableWriteProtection              0x080040cb   Thumb Code   200  stm32f10x_flash.o(.text)
    FLASH_ReadOutProtection                  0x08004193   Thumb Code   156  stm32f10x_flash.o(.text)
    FLASH_UserOptionByteConfig               0x0800422f   Thumb Code    88  stm32f10x_flash.o(.text)
    FLASH_GetUserOptionByte                  0x08004287   Thumb Code     8  stm32f10x_flash.o(.text)
    FLASH_GetWriteProtectionOptionByte       0x0800428f   Thumb Code     6  stm32f10x_flash.o(.text)
    FLASH_GetPrefetchBufferStatus            0x08004295   Thumb Code    20  stm32f10x_flash.o(.text)
    FLASH_ITConfig                           0x080042a9   Thumb Code    26  stm32f10x_flash.o(.text)
    FLASH_GetFlagStatus                      0x080042c3   Thumb Code    42  stm32f10x_flash.o(.text)
    FLASH_ClearFlag                          0x080042ed   Thumb Code     6  stm32f10x_flash.o(.text)
    FLASH_GetStatus                          0x080042f3   Thumb Code    48  stm32f10x_flash.o(.text)
    __use_no_semihosting                     0x08004335   Thumb Code     2  use_no_semi_2.o(.text)
    __2printf                                0x08004339   Thumb Code    20  noretval__2printf.o(.text)
    __printf                                 0x08004351   Thumb Code   104  __printf.o(.text)
    _printf_int_dec                          0x080043b9   Thumb Code   104  _printf_dec.o(.text)
    __aeabi_memclr4                          0x08004431   Thumb Code     0  rt_memclr_w.o(.text)
    __aeabi_memclr8                          0x08004431   Thumb Code     0  rt_memclr_w.o(.text)
    __rt_memclr_w                            0x08004431   Thumb Code    78  rt_memclr_w.o(.text)
    _memset_w                                0x08004435   Thumb Code     0  rt_memclr_w.o(.text)
    strcmp                                   0x08004481   Thumb Code   128  strcmpv7m.o(.text)
    __use_two_region_memory                  0x08004501   Thumb Code     2  heapauxi.o(.text)
    __rt_heap_escrow$2region                 0x08004503   Thumb Code     2  heapauxi.o(.text)
    __rt_heap_expand$2region                 0x08004505   Thumb Code     2  heapauxi.o(.text)
    __I$use$semihosting                      0x08004507   Thumb Code     0  use_no_semi.o(.text)
    __use_no_semihosting_swi                 0x08004507   Thumb Code     2  use_no_semi.o(.text)
    _printf_int_common                       0x08004509   Thumb Code   178  _printf_intcommon.o(.text)
    _printf_char_file                        0x080045bd   Thumb Code    32  _printf_char_file.o(.text)
    _printf_char_common                      0x080045eb   Thumb Code    32  _printf_char_common.o(.text)
    ferror                                   0x08004611   Thumb Code     8  ferror.o(.text)
    __user_setup_stackheap                   0x08004619   Thumb Code    74  sys_stackheap_outer.o(.text)
    exit                                     0x08004663   Thumb Code    12  exit.o(.text)
    __user_libspace                          0x08004671   Thumb Code     8  libspace.o(.text)
    __user_perproc_libspace                  0x08004671   Thumb Code     0  libspace.o(.text)
    __user_perthread_libspace                0x08004671   Thumb Code     0  libspace.o(.text)
    Region$$Table$$Base                      0x08004678   Number         0  anon$$obj.o(Region$$Table)
    Region$$Table$$Limit                     0x08004698   Number         0  anon$$obj.o(Region$$Table)
    Mach                                     0x20000000   Data           8  main.o(.data)
    savedata                                 0x20000008   Data           4  main.o(.data)
    readdata                                 0x2000000c   Data           4  main.o(.data)
    SystemCoreClock                          0x20000010   Data           4  system_stm32f10x.o(.data)
    AHBPrescTable                            0x20000014   Data          16  system_stm32f10x.o(.data)
    Flag_1ms                                 0x20000024   Data           1  timer.o(.data)
    Flag_5ms                                 0x20000025   Data           1  timer.o(.data)
    Flag_10ms                                0x20000026   Data           1  timer.o(.data)
    Flag_20ms                                0x20000027   Data           1  timer.o(.data)
    Flag_100ms                               0x20000028   Data           1  timer.o(.data)
    Flag_500ms                               0x20000029   Data           1  timer.o(.data)
    Flag_1000ms                              0x2000002a   Data           1  timer.o(.data)
    SQ                                       0x20000038   Data           4  runcontrol.o(.data)
    Systime_cnt                              0x2000003c   Data           4  runcontrol.o(.data)
    CylinderStep_Flag                        0x20000040   Data           1  runcontrol.o(.data)
    AllTime_Cnt                              0x20000041   Data           1  runcontrol.o(.data)
    RS485_Baudrate                           0x20000050   Data           4  rs485.o(.data)
    RS485_Parity                             0x20000054   Data           1  rs485.o(.data)
    RS485_Addr                               0x20000055   Data           1  rs485.o(.data)
    RS485_Frame_Distance                     0x20000056   Data           2  rs485.o(.data)
    RS485_RX_CNT                             0x20000058   Data           2  rs485.o(.data)
    RS485_FrameFlag                          0x2000005a   Data           1  rs485.o(.data)
    RS485_TX_CNT                             0x2000005c   Data           2  rs485.o(.data)
    RS485_TX_EN                              0x2000005e   Data           1  rs485.o(.data)
    startRegAddr                             0x20000260   Data           2  rs485.o(.data)
    RegNum                                   0x20000262   Data           2  rs485.o(.data)
    calCRC                                   0x20000264   Data           2  rs485.o(.data)
    i                                        0x20000266   Data           1  rs485.o(.data)
    __stdout                                 0x2000026c   Data           4  usart.o(.data)
    USART_RX_STA                             0x20000270   Data           2  usart.o(.data)
    RS485_RX_BUFF                            0x20000288   Data        2048  rs485.o(.bss)
    RS485_TX_BUFF                            0x20000a88   Data        2048  rs485.o(.bss)
    Cylinder_Data                            0x20001288   Data          28  rs485.o(.bss)
    Connect_Data                             0x200012a4   Data          80  rs485.o(.bss)
    Status_Data                              0x200012f4   Data          32  rs485.o(.bss)
    Modbus_InputIO                           0x20001314   Data         400  rs485.o(.bss)
    Modbus_OutputIO                          0x200014a4   Data         400  rs485.o(.bss)
    Modbus_HoldReg                           0x20001634   Data         400  rs485.o(.bss)
    STMFLASH_BUF                             0x200017c4   Data        2048  stmflash.o(.bss)
    USART_RX_BUF                             0x20001fc4   Data         200  usart.o(.bss)
    __libspace_start                         0x2000208c   Data          96  libspace.o(.bss)
    __temporary_stack_top$libspace           0x200020ec   Data           0  libspace.o(.bss)



==============================================================================

Memory Map of the image

  Image Entry point : 0x08000131

  Load Region LR_IROM1 (Base: 0x08000000, Size: 0x00004920, Max: 0x00080000, ABSOLUTE, COMPRESSED[0x000047ec])

    Execution Region ER_IROM1 (Base: 0x08000000, Size: 0x00004698, Max: 0x00080000, ABSOLUTE)

    Base Addr    Size         Type   Attr      Idx    E Section Name        Object

    0x08000000   0x00000130   Data   RO          350    RESET               startup_stm32f10x_hd.o
    0x08000130   0x00000008   Code   RO          481  * !!!main             c_w.l(__main.o)
    0x08000138   0x00000034   Code   RO          673    !!!scatter          c_w.l(__scatter.o)
    0x0800016c   0x0000005a   Code   RO          671    !!dczerorl2         c_w.l(__dczerorl2.o)
    0x080001c6   0x00000002   PAD
    0x080001c8   0x0000001c   Code   RO          675    !!handler_zi        c_w.l(__scatter_zi.o)
    0x080001e4   0x00000000   Code   RO          474    .ARM.Collect$$_printf_percent$$00000000  c_w.l(_printf_percent.o)
    0x080001e4   0x00000006   Code   RO          473    .ARM.Collect$$_printf_percent$$00000009  c_w.l(_printf_d.o)
    0x080001ea   0x00000004   Code   RO          508    .ARM.Collect$$_printf_percent$$00000017  c_w.l(_printf_percent_end.o)
    0x080001ee   0x00000002   Code   RO          546    .ARM.Collect$$libinit$$00000000  c_w.l(libinit.o)
    0x080001f0   0x00000000   Code   RO          553    .ARM.Collect$$libinit$$00000002  c_w.l(libinit2.o)
    0x080001f0   0x00000000   Code   RO          555    .ARM.Collect$$libinit$$00000004  c_w.l(libinit2.o)
    0x080001f0   0x00000000   Code   RO          558    .ARM.Collect$$libinit$$0000000A  c_w.l(libinit2.o)
    0x080001f0   0x00000000   Code   RO          560    .ARM.Collect$$libinit$$0000000C  c_w.l(libinit2.o)
    0x080001f0   0x00000000   Code   RO          562    .ARM.Collect$$libinit$$0000000E  c_w.l(libinit2.o)
    0x080001f0   0x00000000   Code   RO          565    .ARM.Collect$$libinit$$00000011  c_w.l(libinit2.o)
    0x080001f0   0x00000000   Code   RO          567    .ARM.Collect$$libinit$$00000013  c_w.l(libinit2.o)
    0x080001f0   0x00000000   Code   RO          569    .ARM.Collect$$libinit$$00000015  c_w.l(libinit2.o)
    0x080001f0   0x00000000   Code   RO          571    .ARM.Collect$$libinit$$00000017  c_w.l(libinit2.o)
    0x080001f0   0x00000000   Code   RO          573    .ARM.Collect$$libinit$$00000019  c_w.l(libinit2.o)
    0x080001f0   0x00000000   Code   RO          575    .ARM.Collect$$libinit$$0000001B  c_w.l(libinit2.o)
    0x080001f0   0x00000000   Code   RO          577    .ARM.Collect$$libinit$$0000001D  c_w.l(libinit2.o)
    0x080001f0   0x00000000   Code   RO          579    .ARM.Collect$$libinit$$0000001F  c_w.l(libinit2.o)
    0x080001f0   0x00000000   Code   RO          581    .ARM.Collect$$libinit$$00000021  c_w.l(libinit2.o)
    0x080001f0   0x00000000   Code   RO          583    .ARM.Collect$$libinit$$00000023  c_w.l(libinit2.o)
    0x080001f0   0x00000000   Code   RO          585    .ARM.Collect$$libinit$$00000025  c_w.l(libinit2.o)
    0x080001f0   0x00000000   Code   RO          589    .ARM.Collect$$libinit$$0000002C  c_w.l(libinit2.o)
    0x080001f0   0x00000000   Code   RO          591    .ARM.Collect$$libinit$$0000002E  c_w.l(libinit2.o)
    0x080001f0   0x00000000   Code   RO          593    .ARM.Collect$$libinit$$00000030  c_w.l(libinit2.o)
    0x080001f0   0x00000000   Code   RO          595    .ARM.Collect$$libinit$$00000032  c_w.l(libinit2.o)
    0x080001f0   0x00000002   Code   RO          596    .ARM.Collect$$libinit$$00000033  c_w.l(libinit2.o)
    0x080001f2   0x00000002   Code   RO          614    .ARM.Collect$$libshutdown$$00000000  c_w.l(libshutdown.o)
    0x080001f4   0x00000000   Code   RO          625    .ARM.Collect$$libshutdown$$00000003  c_w.l(libshutdown2.o)
    0x080001f4   0x00000000   Code   RO          628    .ARM.Collect$$libshutdown$$00000006  c_w.l(libshutdown2.o)
    0x080001f4   0x00000000   Code   RO          631    .ARM.Collect$$libshutdown$$00000009  c_w.l(libshutdown2.o)
    0x080001f4   0x00000000   Code   RO          633    .ARM.Collect$$libshutdown$$0000000B  c_w.l(libshutdown2.o)
    0x080001f4   0x00000000   Code   RO          636    .ARM.Collect$$libshutdown$$0000000E  c_w.l(libshutdown2.o)
    0x080001f4   0x00000002   Code   RO          637    .ARM.Collect$$libshutdown$$0000000F  c_w.l(libshutdown2.o)
    0x080001f6   0x00000000   Code   RO          503    .ARM.Collect$$rtentry$$00000000  c_w.l(__rtentry.o)
    0x080001f6   0x00000000   Code   RO          515    .ARM.Collect$$rtentry$$00000002  c_w.l(__rtentry2.o)
    0x080001f6   0x00000006   Code   RO          527    .ARM.Collect$$rtentry$$00000004  c_w.l(__rtentry4.o)
    0x080001fc   0x00000000   Code   RO          517    .ARM.Collect$$rtentry$$00000009  c_w.l(__rtentry2.o)
    0x080001fc   0x00000004   Code   RO          518    .ARM.Collect$$rtentry$$0000000A  c_w.l(__rtentry2.o)
    0x08000200   0x00000000   Code   RO          520    .ARM.Collect$$rtentry$$0000000C  c_w.l(__rtentry2.o)
    0x08000200   0x00000008   Code   RO          521    .ARM.Collect$$rtentry$$0000000D  c_w.l(__rtentry2.o)
    0x08000208   0x00000002   Code   RO          550    .ARM.Collect$$rtexit$$00000000  c_w.l(rtexit.o)
    0x0800020a   0x00000000   Code   RO          598    .ARM.Collect$$rtexit$$00000002  c_w.l(rtexit2.o)
    0x0800020a   0x00000004   Code   RO          599    .ARM.Collect$$rtexit$$00000003  c_w.l(rtexit2.o)
    0x0800020e   0x00000006   Code   RO          600    .ARM.Collect$$rtexit$$00000004  c_w.l(rtexit2.o)
    0x08000214   0x00000134   Code   RO            1    .text               main.o
    0x08000348   0x0000001a   Code   RO          100    .text               stm32f10x_it.o
    0x08000362   0x00000002   PAD
    0x08000364   0x000001e0   Code   RO          132    .text               system_stm32f10x.o
    0x08000544   0x000000a8   Code   RO          150    .text               led.o
    0x080005ec   0x0000008c   Code   RO          162    .text               key.o
    0x08000678   0x00000228   Code   RO          174    .text               timer.o
    0x080008a0   0x00000134   Code   RO          189    .text               adc.o
    0x080009d4   0x000004a0   Code   RO          227    .text               runcontrol.o
    0x08000e74   0x00000ca8   Code   RO          245    .text               rs485.o
    0x08001b1c   0x00000144   Code   RO          270    .text               stmflash.o
    0x08001c60   0x000000d4   Code   RO          288    .text               delay.o
    0x08001d34   0x0000000c   Code   RO          302    .text               sys.o
    0x08001d40   0x000001a8   Code   RO          314    .text               usart.o
    0x08001ee8   0x00000040   Code   RO          351    .text               startup_stm32f10x_hd.o
    0x08001f28   0x000000dc   Code   RO          355    .text               misc.o
    0x08002004   0x0000035c   Code   RO          367    .text               stm32f10x_gpio.o
    0x08002360   0x000003a4   Code   RO          379    .text               stm32f10x_rcc.o
    0x08002704   0x00000408   Code   RO          393    .text               stm32f10x_usart.o
    0x08002b0c   0x00000e1a   Code   RO          405    .text               stm32f10x_tim.o
    0x08003926   0x00000002   PAD
    0x08003928   0x0000044e   Code   RO          417    .text               stm32f10x_adc.o
    0x08003d76   0x00000002   PAD
    0x08003d78   0x000005bc   Code   RO          429    .text               stm32f10x_flash.o
    0x08004334   0x00000002   Code   RO          443    .text               c_w.l(use_no_semi_2.o)
    0x08004336   0x00000002   PAD
    0x08004338   0x00000018   Code   RO          447    .text               c_w.l(noretval__2printf.o)
    0x08004350   0x00000068   Code   RO          449    .text               c_w.l(__printf.o)
    0x080043b8   0x00000078   Code   RO          451    .text               c_w.l(_printf_dec.o)
    0x08004430   0x0000004e   Code   RO          475    .text               c_w.l(rt_memclr_w.o)
    0x0800447e   0x00000002   PAD
    0x08004480   0x00000080   Code   RO          477    .text               c_w.l(strcmpv7m.o)
    0x08004500   0x00000006   Code   RO          479    .text               c_w.l(heapauxi.o)
    0x08004506   0x00000002   Code   RO          501    .text               c_w.l(use_no_semi.o)
    0x08004508   0x000000b2   Code   RO          504    .text               c_w.l(_printf_intcommon.o)
    0x080045ba   0x00000002   PAD
    0x080045bc   0x00000024   Code   RO          506    .text               c_w.l(_printf_char_file.o)
    0x080045e0   0x00000030   Code   RO          529    .text               c_w.l(_printf_char_common.o)
    0x08004610   0x00000008   Code   RO          531    .text               c_w.l(ferror.o)
    0x08004618   0x0000004a   Code   RO          535    .text               c_w.l(sys_stackheap_outer.o)
    0x08004662   0x0000000c   Code   RO          539    .text               c_w.l(exit.o)
    0x0800466e   0x00000002   PAD
    0x08004670   0x00000008   Code   RO          547    .text               c_w.l(libspace.o)
    0x08004678   0x00000020   Data   RO          669    Region$$Table       anon$$obj.o


    Execution Region RW_IRAM1 (Base: 0x20000000, Size: 0x000026f0, Max: 0x00010000, ABSOLUTE, COMPRESSED[0x00000154])

    Base Addr    Size         Type   Attr      Idx    E Section Name        Object

    0x20000000   0x00000010   Data   RW            2    .data               main.o
    0x20000010   0x00000014   Data   RW          133    .data               system_stm32f10x.o
    0x20000024   0x0000000a   Data   RW          175    .data               timer.o
    0x2000002e   0x00000002   PAD
    0x20000030   0x00000005   Data   RW          190    .data               adc.o
    0x20000035   0x00000003   PAD
    0x20000038   0x00000015   Data   RW          228    .data               runcontrol.o
    0x2000004d   0x00000003   PAD
    0x20000050   0x00000217   Data   RW          247    .data               rs485.o
    0x20000267   0x00000001   PAD
    0x20000268   0x00000004   Data   RW          289    .data               delay.o
    0x2000026c   0x00000006   Data   RW          316    .data               usart.o
    0x20000272   0x00000014   Data   RW          380    .data               stm32f10x_rcc.o
    0x20000286   0x00000002   PAD
    0x20000288   0x0000153c   Zero   RW          246    .bss                rs485.o
    0x200017c4   0x00000800   Zero   RW          271    .bss                stmflash.o
    0x20001fc4   0x000000c8   Zero   RW          315    .bss                usart.o
    0x2000208c   0x00000060   Zero   RW          548    .bss                c_w.l(libspace.o)
    0x200020ec   0x00000004   PAD
    0x200020f0   0x00000200   Zero   RW          349    HEAP                startup_stm32f10x_hd.o
    0x200022f0   0x00000400   Zero   RW          348    STACK               startup_stm32f10x_hd.o


==============================================================================

Image component sizes


      Code (inc. data)   RO Data    RW Data    ZI Data      Debug   Object Name

       308         22          0          5          0      10227   adc.o
         0          0          0          0          0         32   core_cm3.o
       212         18          0          4          0        951   delay.o
       140         20          0          0          0        511   key.o
       168         16          0          0          0        511   led.o
       308         78          0         16          0     255522   main.o
       220         22          0          0          0       1729   misc.o
      3240        196          0        535       5436       6084   rs485.o
      1184        134          0         21          0       4591   runcontrol.o
        64         26        304          0       1536        768   startup_stm32f10x_hd.o
      1102         26          0          0          0      10765   stm32f10x_adc.o
      1468         34          0          0          0       7962   stm32f10x_flash.o
       860         38          0          0          0       5577   stm32f10x_gpio.o
        26          0          0          0          0       1146   stm32f10x_it.o
       932         36          0         20          0       8716   stm32f10x_rcc.o
      3610         88          0          0          0      22060   stm32f10x_tim.o
      1032         22          0          0          0       8300   stm32f10x_usart.o
       324          8          0          0       2048       8866   stmflash.o
        12          0          0          0          0        417   sys.o
       480         38          0         20          0       1635   system_stm32f10x.o
       552         48          0         10          0       1692   timer.o
       424         44          0          6        200       3290   usart.o

    ----------------------------------------------------------------------
     16672        914        336        648       9220     361352   Object Totals
         0          0         32          0          0          0   (incl. Generated)
         6          0          0         11          0          0   (incl. Padding)

    ----------------------------------------------------------------------

      Code (inc. data)   RO Data    RW Data    ZI Data      Debug   Library Member Name

        90          0          0          0          0          0   __dczerorl2.o
         8          0          0          0          0         68   __main.o
       104          0          0          0          0         84   __printf.o
         0          0          0          0          0          0   __rtentry.o
        12          0          0          0          0          0   __rtentry2.o
         6          0          0          0          0          0   __rtentry4.o
        52          8          0          0          0          0   __scatter.o
        28          0          0          0          0          0   __scatter_zi.o
        48          6          0          0          0         96   _printf_char_common.o
        36          4          0          0          0         80   _printf_char_file.o
         6          0          0          0          0          0   _printf_d.o
       120         16          0          0          0         92   _printf_dec.o
       178          0          0          0          0         88   _printf_intcommon.o
         0          0          0          0          0          0   _printf_percent.o
         4          0          0          0          0          0   _printf_percent_end.o
        12          0          0          0          0         72   exit.o
         8          0          0          0          0         68   ferror.o
         6          0          0          0          0        152   heapauxi.o
         2          0          0          0          0          0   libinit.o
         2          0          0          0          0          0   libinit2.o
         2          0          0          0          0          0   libshutdown.o
         2          0          0          0          0          0   libshutdown2.o
         8          4          0          0         96         68   libspace.o
        24          4          0          0          0         84   noretval__2printf.o
        78          0          0          0          0         80   rt_memclr_w.o
         2          0          0          0          0          0   rtexit.o
        10          0          0          0          0          0   rtexit2.o
       128          0          0          0          0         68   strcmpv7m.o
        74          0          0          0          0         80   sys_stackheap_outer.o
         2          0          0          0          0         68   use_no_semi.o
         2          0          0          0          0         68   use_no_semi_2.o

    ----------------------------------------------------------------------
      1064         42          0          0        100       1316   Library Totals
        10          0          0          0          4          0   (incl. Padding)

    ----------------------------------------------------------------------

      Code (inc. data)   RO Data    RW Data    ZI Data      Debug   Library Name

      1054         42          0          0         96       1316   c_w.l

    ----------------------------------------------------------------------
      1064         42          0          0        100       1316   Library Totals

    ----------------------------------------------------------------------

==============================================================================


      Code (inc. data)   RO Data    RW Data    ZI Data      Debug   

     17736        956        336        648       9320     360116   Grand Totals
     17736        956        336        340       9320     360116   ELF Image Totals (compressed)
     17736        956        336        340          0          0   ROM Totals

==============================================================================

    Total RO  Size (Code + RO Data)                18072 (  17.65kB)
    Total RW  Size (RW Data + ZI Data)              9968 (   9.73kB)
    Total ROM Size (Code + RO Data + RW Data)      18412 (  17.98kB)

==============================================================================

