Component: ARM Compiler 5.05 update 1 (build 106) Tool: armlink [4d0efa]

==============================================================================

Section Cross References

    main.o(.text) refers to delay.o(.text) for delay_init
    main.o(.text) refers to sys.o(.text) for NVIC_Configuration
    main.o(.text) refers to timer.o(.text) for TIM3_PWM_Init
    main.o(.text) refers to rs485.o(.text) for RS485_Init
    main.o(.text) refers to usart.o(.text) for uart_init
    main.o(.text) refers to stmflash.o(.text) for STMFLASH_Write
    main.o(.text) refers to adc.o(.text) for Adc_Init
    main.o(.text) refers to pid.o(.text) for PID_Init
    main.o(.text) refers to led.o(.text) for LED_Init
    main.o(.text) refers to key.o(.text) for KEY_Init
    main.o(.text) refers to stm32f10x_tim.o(.text) for TIM_SetCompare1
    main.o(.text) refers to noretval__2printf.o(.text) for __2printf
    main.o(.text) refers to runcontrol.o(.text) for RunStatus
    main.o(.text) refers to dflt_clz.o(x$fpl$dfltu) for __aeabi_ui2d
    main.o(.text) refers to dmul.o(x$fpl$dmul) for __aeabi_dmul
    main.o(.text) refers to ddiv.o(x$fpl$ddiv) for __aeabi_ddiv
    main.o(.text) refers to dfixu.o(x$fpl$dfixu) for __aeabi_d2uiz
    main.o(.text) refers to main.o(.data) for savedata
    main.o(.text) refers to timer.o(.data) for Flag_1ms
    main.o(.text) refers to runcontrol.o(.data) for Systime_cnt
    main.o(.text) refers to rs485.o(.bss) for Cylinder_Data
    system_stm32f10x.o(.text) refers to system_stm32f10x.o(.data) for SystemCoreClock
    led.o(.text) refers to stm32f10x_rcc.o(.text) for RCC_APB2PeriphClockCmd
    led.o(.text) refers to stm32f10x_gpio.o(.text) for GPIO_Init
    key.o(.text) refers to stm32f10x_rcc.o(.text) for RCC_APB2PeriphClockCmd
    key.o(.text) refers to stm32f10x_gpio.o(.text) for GPIO_Init
    key.o(.text) refers to key.o(.data) for key_up
    timer.o(.text) refers to stm32f10x_rcc.o(.text) for RCC_APB1PeriphClockCmd
    timer.o(.text) refers to stm32f10x_tim.o(.text) for TIM_TimeBaseInit
    timer.o(.text) refers to misc.o(.text) for NVIC_Init
    timer.o(.text) refers to stm32f10x_gpio.o(.text) for GPIO_PinRemapConfig
    timer.o(.text) refers to timer.o(.data) for Time_cnt
    adc.o(.text) refers to stm32f10x_rcc.o(.text) for RCC_APB2PeriphClockCmd
    adc.o(.text) refers to stm32f10x_gpio.o(.text) for GPIO_Init
    adc.o(.text) refers to stm32f10x_adc.o(.text) for ADC_DeInit
    adc.o(.text) refers to delay.o(.text) for delay_ms
    adc.o(.text) refers to adc.o(.data) for temp_val
    adc.o(.text) refers to main.o(.data) for Mach
    pid.o(.text) refers to _printf_percent.o(.ARM.Collect$$_printf_percent$$00000000) for _printf_percent
    pid.o(.text) refers to _printf_d.o(.ARM.Collect$$_printf_percent$$00000009) for _printf_d
    pid.o(.text) refers to _printf_dec.o(.text) for _printf_int_dec
    pid.o(.text) refers to fflt_clz.o(x$fpl$fflt) for __aeabi_i2f
    pid.o(.text) refers to fmul.o(x$fpl$fmul) for __aeabi_fmul
    pid.o(.text) refers to faddsub_clz.o(x$fpl$frsb) for __aeabi_frsub
    pid.o(.text) refers to faddsub_clz.o(x$fpl$fadd) for __aeabi_fadd
    pid.o(.text) refers to faddsub_clz.o(x$fpl$fsub) for __aeabi_fsub
    pid.o(.text) refers to ffixu.o(x$fpl$ffixu) for __aeabi_f2uiz
    pid.o(.text) refers to noretval__2printf.o(.text) for __2printf
    pid.o(.text) refers to pid.o(.bss) for pid
    runcontrol.o(.text) refers to _printf_percent.o(.ARM.Collect$$_printf_percent$$00000000) for _printf_percent
    runcontrol.o(.text) refers to _printf_d.o(.ARM.Collect$$_printf_percent$$00000009) for _printf_d
    runcontrol.o(.text) refers to _printf_dec.o(.text) for _printf_int_dec
    runcontrol.o(.text) refers to stm32f10x_gpio.o(.text) for GPIO_ReadInputDataBit
    runcontrol.o(.text) refers to noretval__2printf.o(.text) for __2printf
    runcontrol.o(.text) refers to runcontrol.o(.data) for WorkReset_Step
    runcontrol.o(.text) refers to main.o(.data) for Mach
    runcontrol.o(.text) refers to rs485.o(.bss) for Status_Data
    rs485.o(.text) refers to _printf_percent.o(.ARM.Collect$$_printf_percent$$00000000) for _printf_percent
    rs485.o(.text) refers to _printf_d.o(.ARM.Collect$$_printf_percent$$00000009) for _printf_d
    rs485.o(.text) refers to _printf_dec.o(.text) for _printf_int_dec
    rs485.o(.text) refers to rt_memclr_w.o(.text) for __aeabi_memclr4
    rs485.o(.text) refers to stm32f10x_rcc.o(.text) for RCC_APB1PeriphClockCmd
    rs485.o(.text) refers to stm32f10x_tim.o(.text) for TIM_TimeBaseInit
    rs485.o(.text) refers to misc.o(.text) for NVIC_Init
    rs485.o(.text) refers to stm32f10x_gpio.o(.text) for GPIO_Init
    rs485.o(.text) refers to stm32f10x_usart.o(.text) for USART_DeInit
    rs485.o(.text) refers to rs485.o(.data) for auchCRCHi
    rs485.o(.text) refers to rs485.o(.bss) for Status_Data
    rs485.o(.text) refers to noretval__2printf.o(.text) for __2printf
    stmflash.o(.text) refers to stm32f10x_flash.o(.text) for FLASH_ProgramHalfWord
[...]
    ../clib/printf_percent.s                 0x00000000   Number         0  _printf_percent_end.o ABSOLUTE
    ../clib/printf_percent.s                 0x00000000   Number         0  _printf_percent.o ABSOLUTE
    ../clib/signal.c                         0x00000000   Number         0  defsig_rtmem_inner.o ABSOLUTE
    ../clib/signal.c                         0x00000000   Number         0  defsig_exit.o ABSOLUTE
    ../clib/signal.c                         0x00000000   Number         0  defsig_rtmem_formal.o ABSOLUTE
    ../clib/signal.c                         0x00000000   Number         0  defsig_rtmem_outer.o ABSOLUTE
    ../clib/signal.c                         0x00000000   Number         0  defsig_other.o ABSOLUTE
    ../clib/signal.c                         0x00000000   Number         0  defsig_segv_inner.o ABSOLUTE
    ../clib/signal.c                         0x00000000   Number         0  defsig_cppl_inner.o ABSOLUTE
    ../clib/signal.c                         0x00000000   Number         0  defsig_pvfn_inner.o ABSOLUTE
    ../clib/signal.c                         0x00000000   Number         0  defsig_stak_inner.o ABSOLUTE
    ../clib/signal.c                         0x00000000   Number         0  defsig_rtred_inner.o ABSOLUTE
    ../clib/signal.c                         0x00000000   Number         0  defsig_fpe_inner.o ABSOLUTE
    ../clib/signal.c                         0x00000000   Number         0  defsig_abrt_inner.o ABSOLUTE
    ../clib/signal.c                         0x00000000   Number         0  defsig_general.o ABSOLUTE
    ../clib/signal.c                         0x00000000   Number         0  __raise.o ABSOLUTE
    ../clib/signal.s                         0x00000000   Number         0  defsig.o ABSOLUTE
    ../clib/stdio.c                          0x00000000   Number         0  ferror_locked.o ABSOLUTE
    ../clib/stdio.c                          0x00000000   Number         0  ferror.o ABSOLUTE
    ../clib/stdlib.c                         0x00000000   Number         0  exit.o ABSOLUTE
    ../fplib/ddiv.s                          0x00000000   Number         0  ddiv.o ABSOLUTE
    ../fplib/dfixu.s                         0x00000000   Number         0  dfixu.o ABSOLUTE
    ../fplib/dflt.s                          0x00000000   Number         0  dflt_clz.o ABSOLUTE
    ../fplib/dmul.s                          0x00000000   Number         0  dmul.o ABSOLUTE
    ../fplib/dnaninf.s                       0x00000000   Number         0  dnaninf.o ABSOLUTE
    ../fplib/dretinf.s                       0x00000000   Number         0  dretinf.o ABSOLUTE
    ../fplib/faddsub.s                       0x00000000   Number         0  faddsub_clz.o ABSOLUTE
    ../fplib/ffixu.s                         0x00000000   Number         0  ffixu.o ABSOLUTE
    ../fplib/fflt.s                          0x00000000   Number         0  fflt_clz.o ABSOLUTE
    ../fplib/fmul.s                          0x00000000   Number         0  fmul.o ABSOLUTE
    ../fplib/fnaninf.s                       0x00000000   Number         0  fnaninf.o ABSOLUTE
    ../fplib/fpinit.s                        0x00000000   Number         0  fpinit.o ABSOLUTE
    ../fplib/fretinf.s                       0x00000000   Number         0  fretinf.o ABSOLUTE
    ../fplib/usenofp.s                       0x00000000   Number         0  usenofp.o ABSOLUTE
    ..\CORE\core_cm3.c                       0x00000000   Number         0  core_cm3.o ABSOLUTE
    ..\CORE\startup_stm32f10x_hd.s           0x00000000   Number         0  startup_stm32f10x_hd.o ABSOLUTE
    ..\HARDWARE\ADC\adc.c                    0x00000000   Number         0  adc.o ABSOLUTE
    ..\HARDWARE\KEY\key.c                    0x00000000   Number         0  key.o ABSOLUTE
    ..\HARDWARE\LED\led.c                    0x00000000   Number         0  led.o ABSOLUTE
    ..\HARDWARE\MODBUS\RS485.c               0x00000000   Number         0  rs485.o ABSOLUTE
    ..\HARDWARE\PID\pid.c                    0x00000000   Number         0  pid.o ABSOLUTE
    ..\HARDWARE\RUNCONTROL\runcontrol.c      0x00000000   Number         0  runcontrol.o ABSOLUTE
    ..\HARDWARE\STMFLASH\stmflash.c          0x00000000   Number         0  stmflash.o ABSOLUTE
    ..\HARDWARE\TIMER\timer.c                0x00000000   Number         0  timer.o ABSOLUTE
    ..\STM32F10x_FWLib\src\misc.c            0x00000000   Number         0  misc.o ABSOLUTE
    ..\STM32F10x_FWLib\src\stm32f10x_adc.c   0x00000000   Number         0  stm32f10x_adc.o ABSOLUTE
    ..\STM32F10x_FWLib\src\stm32f10x_flash.c 0x00000000   Number         0  stm32f10x_flash.o ABSOLUTE
    ..\STM32F10x_FWLib\src\stm32f10x_gpio.c  0x00000000   Number         0  stm32f10x_gpio.o ABSOLUTE
    ..\STM32F10x_FWLib\src\stm32f10x_rcc.c   0x00000000   Number         0  stm32f10x_rcc.o ABSOLUTE
    ..\STM32F10x_FWLib\src\stm32f10x_tim.c   0x00000000   Number         0  stm32f10x_tim.o ABSOLUTE
    ..\STM32F10x_FWLib\src\stm32f10x_usart.c 0x00000000   Number         0  stm32f10x_usart.o ABSOLUTE
    ..\SYSTEM\delay\delay.c                  0x00000000   Number         0  delay.o ABSOLUTE
    ..\SYSTEM\sys\sys.c                      0x00000000   Number         0  sys.o ABSOLUTE
    ..\SYSTEM\usart\usart.c                  0x00000000   Number         0  usart.o ABSOLUTE
    ..\\CORE\\core_cm3.c                     0x00000000   Number         0  core_cm3.o ABSOLUTE
    dc.s                                     0x00000000   Number         0  dc.o ABSOLUTE
    main.c                                   0x00000000   Number         0  main.o ABSOLUTE
    stm32f10x_it.c                           0x00000000   Number         0  stm32f10x_it.o ABSOLUTE
    system_stm32f10x.c                       0x00000000   Number         0  system_stm32f10x.o ABSOLUTE
    RESET                                    0x08000000   Section      304  startup_stm32f10x_hd.o(RESET)
    !!!main                                  0x08000130   Section        8  __main.o(!!!main)
    !!!scatter                               0x08000138   Section       52  __scatter.o(!!!scatter)
    !!dczerorl2                              0x0800016c   Section       90  __dczerorl2.o(!!dczerorl2)
    !!handler_zi                             0x080001c8   Section       28  __scatter_zi.o(!!handler_zi)
    .ARM.Collect$$_printf_percent$$00000000  0x080001e4   Section        0  _printf_percent.o(.ARM.Collect$$_printf_percent$$00000000)
    .ARM.Collect$$_printf_percent$$00000009  0x080001e4   Section        6  _printf_d.o(.ARM.Collect$$_printf_percent$$00000009)
    .ARM.Collect$$_printf_percent$$00000017  0x080001ea   Section        4  _printf_percent_end.o(.ARM.Collect$$_printf_percent$$00000017)
    .ARM.Collect$$libinit$$00000000          0x080001ee   Section        2  libinit.o(.ARM.Collect$$libinit$$00000000)
    .ARM.Collect$$libinit$$00000002          0x080001f0   Section        0  libinit2.o(.ARM.Collect$$libinit$$00000002)
    .ARM.Collect$$libinit$$00000004          0x080001f0   Section        0  libinit2.o(.ARM.Collect$$libinit$$00000004)
    .ARM.Collect$$libinit$$0000000A          0x080001f0   Section        0  libinit2.o(.ARM.Collect$$libinit$$0000000A)
    .ARM.Collect$$libinit$$0000000C          0x080001f0   Section        0  libinit2.o(.ARM.Collect$$libinit$$0000000C)
    .ARM.Collect$$libinit$$0000000E          0x080001f0   Section        0  libinit2.o(.ARM.Collect$$libinit$$0000000E)
    .ARM.Collect$$libinit$$00000011          0x080001f0   Section        0  libinit2.o(.ARM.Collect$$libinit$$00000011)
    .ARM.Collect$$libinit$$00000013          0x080001f0   Section        0  libinit2.o(.ARM.Collect$$libinit$$00000013)
    .ARM.Collect$$libinit$$00000015          0x080001f0   Section        0  libinit2.o(.ARM.Collect$$libinit$$00000015)
    .ARM.Collect$$libinit$$00000017          0x080001f0   Section        0  libinit2.o(.ARM.Collect$$libinit$$00000017)
    .ARM.Collect$$libinit$$00000019          0x080001f0   Section        0  libinit2.o(.ARM.Collect$$libinit$$00000019)
    .ARM.Collect$$libinit$$0000001B          0x080001f0   Section        0  libinit2.o(.ARM.Collect$$libinit$$0000001B)
    .ARM.Collect$$libinit$$0000001D          0x080001f0   Section        0  libinit2.o(.ARM.Collect$$libinit$$0000001D)
    .ARM.Collect$$libinit$$0000001F          0x080001f0   Section        0  libinit2.o(.ARM.Collect$$libinit$$0000001F)
    .ARM.Collect$$libinit$$00000021          0x080001f0   Section        0  libinit2.o(.ARM.Collect$$libinit$$00000021)
    .ARM.Collect$$libinit$$00000023          0x080001f0   Section        0  libinit2.o(.ARM.Collect$$libinit$$00000023)
    .ARM.Collect$$libinit$$00000025          0x080001f0   Section        0  libinit2.o(.ARM.Collect$$libinit$$00000025)
    .ARM.Collect$$libinit$$0000002C          0x080001f0   Section        0  libinit2.o(.ARM.Collect$$libinit$$0000002C)
    .ARM.Collect$$libinit$$0000002E          0x080001f0   Section        0  libinit2.o(.ARM.Collect$$libinit$$0000002E)
    .ARM.Collect$$libinit$$00000030          0x080001f0   Section        0  libinit2.o(.ARM.Collect$$libinit$$00000030)
    .ARM.Collect$$libinit$$00000032          0x080001f0   Section        0  libinit2.o(.ARM.Collect$$libinit$$00000032)
    .ARM.Collect$$libinit$$00000033          0x080001f0   Section        2  libinit2.o(.ARM.Collect$$libinit$$00000033)
    .ARM.Collect$$libshutdown$$00000000      0x080001f2   Section        2  libshutdown.o(.ARM.Collect$$libshutdown$$00000000)
    .ARM.Collect$$libshutdown$$00000003      0x080001f4   Section        0  libshutdown2.o(.ARM.Collect$$libshutdown$$00000003)
    .ARM.Collect$$libshutdown$$00000006      0x080001f4   Section        0  libshutdown2.o(.ARM.Collect$$libshutdown$$00000006)
    .ARM.Collect$$libshutdown$$00000009      0x080001f4   Section        0  libshutdown2.o(.ARM.Collect$$libshutdown$$00000009)
    .ARM.Collect$$libshutdown$$0000000B      0x080001f4   Section        0  libshutdown2.o(.ARM.Collect$$libshutdown$$0000000B)
    .ARM.Collect$$libshutdown$$0000000E      0x080001f4   Section        0  libshutdown2.o(.ARM.Collect$$libshutdown$$0000000E)
    .ARM.Collect$$libshutdown$$0000000F      0x080001f4   Section        2  libshutdown2.o(.ARM.Collect$$libshutdown$$0000000F)
    .ARM.Collect$$rtentry$$00000000          0x080001f6   Section        0  __rtentry.o(.ARM.Collect$$rtentry$$00000000)
    .ARM.Collect$$rtentry$$00000002          0x080001f6   Section        0  __rtentry2.o(.ARM.Collect$$rtentry$$00000002)
    .ARM.Collect$$rtentry$$00000004          0x080001f6   Section        6  __rtentry4.o(.ARM.Collect$$rtentry$$00000004)
    .ARM.Collect$$rtentry$$00000009          0x080001fc   Section        0  __rtentry2.o(.ARM.Collect$$rtentry$$00000009)
    .ARM.Collect$$rtentry$$0000000A          0x080001fc   Section        4  __rtentry2.o(.ARM.Collect$$rtentry$$0000000A)
    .ARM.Collect$$rtentry$$0000000C          0x08000200   Section        0  __rtentry2.o(.ARM.Collect$$rtentry$$0000000C)
    .ARM.Collect$$rtentry$$0000000D          0x08000200   Section        8  __rtentry2.o(.ARM.Collect$$rtentry$$0000000D)
    .ARM.Collect$$rtexit$$00000000           0x08000208   Section        2  rtexit.o(.ARM.Collect$$rtexit$$00000000)
    .ARM.Collect$$rtexit$$00000002           0x0800020a   Section        0  rtexit2.o(.ARM.Collect$$rtexit$$00000002)
    .ARM.Collect$$rtexit$$00000003           0x0800020a   Section        4  rtexit2.o(.ARM.Collect$$rtexit$$00000003)
    .ARM.Collect$$rtexit$$00000004           0x0800020e   Section        6  rtexit2.o(.ARM.Collect$$rtexit$$00000004)
    .text                                    0x08000214   Section        0  main.o(.text)
    Stm32_Init                               0x08000215   Thumb Code    86  main.o(.text)
    .text                                    0x0800038c   Section        0  stm32f10x_it.o(.text)
    .text                                    0x080003a8   Section        0  system_stm32f10x.o(.text)
    SetSysClockTo72                          0x080003a9   Thumb Code   214  system_stm32f10x.o(.text)
    SetSysClock                              0x0800047f   Thumb Code     8  system_stm32f10x.o(.text)
    .text                                    0x08000588   Section        0  led.o(.text)
    .text                                    0x08000604   Section        0  key.o(.text)
    .text                                    0x08000730   Section        0  timer.o(.text)
    .text                                    0x08000958   Section        0  adc.o(.text)
    .text                                    0x08000a8c   Section        0  pid.o(.text)
    .text                                    0x08000b50   Section        0  runcontrol.o(.text)
    WorkRun                                  0x08000b51   Thumb Code     2  runcontrol.o(.text)
    WorkReset                                0x08000b53   Thumb Code    30  runcontrol.o(.text)
    .text                                    0x08000ff8   Section        0  rs485.o(.text)
    .text                                    0x08001c6c   Section        0  stmflash.o(.text)
    .text                                    0x08001db0   Section        0  delay.o(.text)
    .text                                    0x08001e84   Section        0  sys.o(.text)
    .text                                    0x08001e90   Section        0  usart.o(.text)
    .text                                    0x08002038   Section       64  startup_stm32f10x_hd.o(.text)
    .text                                    0x08002078   Section        0  misc.o(.text)
    .text                                    0x08002154   Section        0  stm32f10x_gpio.o(.text)
    .text                                    0x080024b0   Section        0  stm32f10x_rcc.o(.text)
    .text                                    0x08002854   Section        0  stm32f10x_usart.o(.text)
    .text                                    0x08002c5c   Section        0  stm32f10x_tim.o(.text)
    TI4_Config                               0x08003103   Thumb Code   130  stm32f10x_tim.o(.text)
    TI3_Config                               0x08003197   Thumb Code   122  stm32f10x_tim.o(.text)
    TI2_Config                               0x0800322b   Thumb Code   130  stm32f10x_tim.o(.text)
    TI1_Config                               0x080032bf   Thumb Code   108  stm32f10x_tim.o(.text)
    .text                                    0x08003a78   Section        0  stm32f10x_adc.o(.text)
    .text                                    0x08003ec8   Section        0  stm32f10x_flash.o(.text)
    .text                                    0x08004484   Section        2  use_no_semi_2.o(.text)
    .text                                    0x08004488   Section        0  noretval__2printf.o(.text)
    .text                                    0x080044a0   Section        0  __printf.o(.text)
    .text                                    0x08004508   Section        0  _printf_dec.o(.text)
    .text                                    0x08004580   Section       78  rt_memclr_w.o(.text)
    .text                                    0x080045d0   Section      128  strcmpv7m.o(.text)
    .text                                    0x08004650   Section        0  heapauxi.o(.text)
    .text                                    0x08004656   Section        2  use_no_semi.o(.text)
    .text                                    0x08004658   Section        0  _printf_intcommon.o(.text)
    .text                                    0x0800470c   Section        0  _printf_char_file.o(.text)
    .text                                    0x08004730   Section        0  _printf_char_common.o(.text)
    _printf_input_char                       0x08004731   Thumb Code    10  _printf_char_common.o(.text)
    .text                                    0x08004760   Section        0  ferror.o(.text)
    .text                                    0x08004768   Section       74  sys_stackheap_outer.o(.text)
    .text                                    0x080047b2   Section        0  exit.o(.text)
    .text                                    0x080047c0   Section        8  libspace.o(.text)
    x$fpl$ddiv                               0x080047c8   Section      688  ddiv.o(x$fpl$ddiv)
    ddiv_entry                               0x080047cf   Thumb Code     0  ddiv.o(x$fpl$ddiv)
    x$fpl$dfixu                              0x08004a78   Section       90  dfixu.o(x$fpl$dfixu)
    x$fpl$dfltu                              0x08004ad2   Section       38  dflt_clz.o(x$fpl$dfltu)
    x$fpl$dmul                               0x08004af8   Section      340  dmul.o(x$fpl$dmul)
    x$fpl$dnaninf                            0x08004c4c   Section      156  dnaninf.o(x$fpl$dnaninf)
    x$fpl$dretinf                            0x08004ce8   Section       12  dretinf.o(x$fpl$dretinf)
    x$fpl$fadd                               0x08004cf4   Section      196  faddsub_clz.o(x$fpl$fadd)
    _fadd1                                   0x08004d03   Thumb Code     0  faddsub_clz.o(x$fpl$fadd)
    x$fpl$ffixu                              0x08004db8   Section       62  ffixu.o(x$fpl$ffixu)
    x$fpl$fflt                               0x08004df8   Section       48  fflt_clz.o(x$fpl$fflt)
    x$fpl$fmul                               0x08004e28   Section      258  fmul.o(x$fpl$fmul)
    x$fpl$fnaninf                            0x08004f2a   Section      140  fnaninf.o(x$fpl$fnaninf)
    x$fpl$fretinf                            0x08004fb6   Section       10  fretinf.o(x$fpl$fretinf)
    x$fpl$frsb                               0x08004fc0   Section       20  faddsub_clz.o(x$fpl$frsb)
    x$fpl$fsub                               0x08004fd4   Section      234  faddsub_clz.o(x$fpl$fsub)
    _fsub1                                   0x08004fe3   Thumb Code     0  faddsub_clz.o(x$fpl$fsub)
    x$fpl$usenofp                            0x080050be   Section        0  usenofp.o(x$fpl$usenofp)
    .data                                    0x20000000   Section       16  main.o(.data)
    .data                                    0x20000010   Section       20  system_stm32f10x.o(.data)
    .data                                    0x20000024   Section        2  key.o(.data)
    key_up                                   0x20000024   Data           1  key.o(.data)
    KeyTime_cnt                              0x20000025   Data           1  key.o(.data)
    .data                                    0x20000026   Section       10  timer.o(.data)
    Time_cnt                                 0x2000002e   Data           2  timer.o(.data)
    .data                                    0x20000030   Section        5  adc.o(.data)
    temp_val                                 0x20000030   Data           4  adc.o(.data)
    time_cnt                                 0x20000034   Data           1  adc.o(.data)
    .data                                    0x20000038   Section       16  runcontrol.o(.data)
    WorkReset_Step                           0x2000003e   Data           1  runcontrol.o(.data)
    Step                                     0x2000003f   Data           1  runcontrol.o(.data)
    time_cnt                                 0x20000040   Data           1  runcontrol.o(.data)
    cishujishu                               0x20000041   Data           1  runcontrol.o(.data)
    ErrorTime_cnt                            0x20000042   Data           1  runcontrol.o(.data)
    Light_cnt                                0x20000043   Data           1  runcontrol.o(.data)
    systime                                  0x20000044   Data           4  runcontrol.o(.data)
    .data                                    0x20000048   Section      535  rs485.o(.data)
    auchCRCHi                                0x20000057   Data         256  rs485.o(.data)
    auchCRCLo                                0x20000157   Data         256  rs485.o(.data)
    .data                                    0x20000260   Section        4  delay.o(.data)
    fac_us                                   0x20000260   Data           1  delay.o(.data)
    fac_ms                                   0x20000262   Data           2  delay.o(.data)
    .data                                    0x20000264   Section        7  usart.o(.data)
    Rx_cnt                                   0x2000026a   Data           1  usart.o(.data)
    .data                                    0x2000026b   Section       20  stm32f10x_rcc.o(.data)
    APBAHBPrescTable                         0x2000026b   Data          16  stm32f10x_rcc.o(.data)
    ADCPrescTable                            0x2000027b   Data           4  stm32f10x_rcc.o(.data)
    .bss                                     0x20000280   Section       28  pid.o(.bss)
    .bss                                     0x2000029c   Section     5524  rs485.o(.bss)
    .bss                                     0x20001830   Section     2048  stmflash.o(.bss)
    .bss                                     0x20002030   Section      200  usart.o(.bss)
    .bss                                     0x200020f8   Section       96  libspace.o(.bss)
    HEAP                                     0x20002158   Section      512  startup_stm32f10x_hd.o(HEAP)
    Heap_Mem                                 0x20002158   Data         512  startup_stm32f10x_hd.o(HEAP)
    STACK                                    0x20002358   Section     1024  startup_stm32f10x_hd.o(STACK)
    Stack_Mem                                0x20002358   Data        1024  startup_stm32f10x_hd.o(STACK)
    __initial_sp                             0x20002758   Data           0  startup_stm32f10x_hd.o(STACK)

    Global Symbols

    Symbol Name                              Value     Ov Type        Size  Object(Section)

    BuildAttributes$$THM_ISAv4$P$D$K$B$S$PE$A:L22UL41UL21$X:L11$S22US41US21$IEEE1$IW$USESV6$~STKCKD$USESV7$~SHL$OSPACE$ROPI$EBA8$UX$STANDARDLIB$REQ8$PRES8$EABIv2 0x00000000   Number         0  anon$$obj.o ABSOLUTE
    __ARM_use_no_argv                        0x00000000   Number         0  main.o ABSOLUTE
    __ARM_exceptions_init                     - Undefined Weak Reference
    __alloca_initialize                       - Undefined Weak Reference
    __arm_preinit_                            - Undefined Weak Reference
    __cpp_initialize__aeabi_                  - Undefined Weak Reference
    __cxa_finalize                            - Undefined Weak Reference
    __rt_locale                               - Undefined Weak Reference
    __sigvec_lookup                           - Undefined Weak Reference
    _atexit_init                              - Undefined Weak Reference
    _call_atexit_fns                          - Undefined Weak Reference
    _clock_init                               - Undefined Weak Reference
    _fp_trap_init                             - Undefined Weak Reference
    _fp_trap_shutdown                         - Undefined Weak Reference
    _get_lc_collate                           - Undefined Weak Reference
    _get_lc_ctype                             - Undefined Weak Reference
    _get_lc_monetary                          - Undefined Weak Reference
    _get_lc_numeric                           - Undefined Weak Reference
    _get_lc_time                              - Undefined Weak Reference
    _getenv_init                              - Undefined Weak Reference
    _handle_redirection                       - Undefined Weak Reference
    _init_alloc                               - Undefined Weak Reference
    _init_user_alloc                          - Undefined Weak Reference
    _initio                                   - Undefined Weak Reference
    _mutex_acquire                            - Undefined Weak Reference
    _mutex_release                            - Undefined Weak Reference
    _printf_post_padding                      - Undefined Weak Reference
    _printf_pre_padding                       - Undefined Weak Reference
    _printf_truncate_signed                   - Undefined Weak Reference
    _printf_truncate_unsigned                 - Undefined Weak Reference
    _rand_init                                - Undefined Weak Reference
    _signal_finish                            - Undefined Weak Reference
    _signal_init                              - Undefined Weak Reference
    _terminate_alloc                          - Undefined Weak Reference
    _terminate_user_alloc                     - Undefined Weak Reference
    _terminateio                              - Undefined Weak Reference
    __Vectors_Size                           0x00000130   Number         0  startup_stm32f10x_hd.o ABSOLUTE
    __Vectors                                0x08000000   Data           4  startup_stm32f10x_hd.o(RESET)
    __Vectors_End                            0x08000130   Data           0  startup_stm32f10x_hd.o(RESET)
    __main                                   0x08000131   Thumb Code     8  __main.o(!!!main)
    __scatterload                            0x08000139   Thumb Code     0  __scatter.o(!!!scatter)
    __scatterload_rt2                        0x08000139   Thumb Code    44  __scatter.o(!!!scatter)
    __scatterload_rt2_thumb_only             0x08000139   Thumb Code     0  __scatter.o(!!!scatter)
    __scatterload_null                       0x08000147   Thumb Code     0  __scatter.o(!!!scatter)
    __decompress                             0x0800016d   Thumb Code    90  __dczerorl2.o(!!dczerorl2)
    __decompress1                            0x0800016d   Thumb Code     0  __dczerorl2.o(!!dczerorl2)
    __scatterload_zeroinit                   0x080001c9   Thumb Code    28  __scatter_zi.o(!!handler_zi)
    _printf_d                                0x080001e5   Thumb Code     0  _printf_d.o(.ARM.Collect$$_printf_percent$$00000009)
    _printf_percent                          0x080001e5   Thumb Code     0  _printf_percent.o(.ARM.Collect$$_printf_percent$$00000000)
    _printf_percent_end                      0x080001eb   Thumb Code     0  _printf_percent_end.o(.ARM.Collect$$_printf_percent$$00000017)
    __rt_lib_init                            0x080001ef   Thumb Code     0  libinit.o(.ARM.Collect$$libinit$$00000000)
    __rt_lib_init_alloca_1                   0x080001f1   Thumb Code     0  libinit2.o(.ARM.Collect$$libinit$$0000002E)
    __rt_lib_init_argv_1                     0x080001f1   Thumb Code     0  libinit2.o(.ARM.Collect$$libinit$$0000002C)
    __rt_lib_init_atexit_1                   0x080001f1   Thumb Code     0  libinit2.o(.ARM.Collect$$libinit$$0000001B)
    __rt_lib_init_clock_1                    0x080001f1   Thumb Code     0  libinit2.o(.ARM.Collect$$libinit$$00000021)
    __rt_lib_init_cpp_1                      0x080001f1   Thumb Code     0  libinit2.o(.ARM.Collect$$libinit$$00000032)
    __rt_lib_init_exceptions_1               0x080001f1   Thumb Code     0  libinit2.o(.ARM.Collect$$libinit$$00000030)
    __rt_lib_init_fp_1                       0x080001f1   Thumb Code     0  libinit2.o(.ARM.Collect$$libinit$$00000002)
    __rt_lib_init_fp_trap_1                  0x080001f1   Thumb Code     0  libinit2.o(.ARM.Collect$$libinit$$0000001F)
    __rt_lib_init_getenv_1                   0x080001f1   Thumb Code     0  libinit2.o(.ARM.Collect$$libinit$$00000023)
    __rt_lib_init_heap_1                     0x080001f1   Thumb Code     0  libinit2.o(.ARM.Collect$$libinit$$0000000A)
    __rt_lib_init_lc_collate_1               0x080001f1   Thumb Code     0  libinit2.o(.ARM.Collect$$libinit$$00000011)
    __rt_lib_init_lc_ctype_1                 0x080001f1   Thumb Code     0  libinit2.o(.ARM.Collect$$libinit$$00000013)
    __rt_lib_init_lc_monetary_1              0x080001f1   Thumb Code     0  libinit2.o(.ARM.Collect$$libinit$$00000015)
    __rt_lib_init_lc_numeric_1               0x080001f1   Thumb Code     0  libinit2.o(.ARM.Collect$$libinit$$00000017)
    __rt_lib_init_lc_time_1                  0x080001f1   Thumb Code     0  libinit2.o(.ARM.Collect$$libinit$$00000019)
    __rt_lib_init_preinit_1                  0x080001f1   Thumb Code     0  libinit2.o(.ARM.Collect$$libinit$$00000004)
    __rt_lib_init_rand_1                     0x080001f1   Thumb Code     0  libinit2.o(.ARM.Collect$$libinit$$0000000E)
    __rt_lib_init_return                     0x080001f1   Thumb Code     0  libinit2.o(.ARM.Collect$$libinit$$00000033)
    __rt_lib_init_signal_1                   0x080001f1   Thumb Code     0  libinit2.o(.ARM.Collect$$libinit$$0000001D)
    __rt_lib_init_stdio_1                    0x080001f1   Thumb Code     0  libinit2.o(.ARM.Collect$$libinit$$00000025)
    __rt_lib_init_user_alloc_1               0x080001f1   Thumb Code     0  libinit2.o(.ARM.Collect$$libinit$$0000000C)
    __rt_lib_shutdown                        0x080001f3   Thumb Code     0  libshutdown.o(.ARM.Collect$$libshutdown$$00000000)
    __rt_lib_shutdown_fp_trap_1              0x080001f5   Thumb Code     0  libshutdown2.o(.ARM.Collect$$libshutdown$$00000006)
    __rt_lib_shutdown_heap_1                 0x080001f5   Thumb Code     0  libshutdown2.o(.ARM.Collect$$libshutdown$$0000000E)
    __rt_lib_shutdown_return                 0x080001f5   Thumb Code     0  libshutdown2.o(.ARM.Collect$$libshutdown$$0000000F)
    __rt_lib_shutdown_signal_1               0x080001f5   Thumb Code     0  libshutdown2.o(.ARM.Collect$$libshutdown$$00000009)
    __rt_lib_shutdown_stdio_1                0x080001f5   Thumb Code     0  libshutdown2.o(.ARM.Collect$$libshutdown$$00000003)
    __rt_lib_shutdown_user_alloc_1           0x080001f5   Thumb Code     0  libshutdown2.o(.ARM.Collect$$libshutdown$$0000000B)
    __rt_entry                               0x080001f7   Thumb Code     0  __rtentry.o(.ARM.Collect$$rtentry$$00000000)
    __rt_entry_presh_1                       0x080001f7   Thumb Code     0  __rtentry2.o(.ARM.Collect$$rtentry$$00000002)
    __rt_entry_sh                            0x080001f7   Thumb Code     0  __rtentry4.o(.ARM.Collect$$rtentry$$00000004)
    __rt_entry_li                            0x080001fd   Thumb Code     0  __rtentry2.o(.ARM.Collect$$rtentry$$0000000A)
    __rt_entry_postsh_1                      0x080001fd   Thumb Code     0  __rtentry2.o(.ARM.Collect$$rtentry$$00000009)
    __rt_entry_main                          0x08000201   Thumb Code     0  __rtentry2.o(.ARM.Collect$$rtentry$$0000000D)
    __rt_entry_postli_1                      0x08000201   Thumb Code     0  __rtentry2.o(.ARM.Collect$$rtentry$$0000000C)
    __rt_exit                                0x08000209   Thumb Code     0  rtexit.o(.ARM.Collect$$rtexit$$00000000)
    __rt_exit_ls                             0x0800020b   Thumb Code     0  rtexit2.o(.ARM.Collect$$rtexit$$00000003)
    __rt_exit_prels_1                        0x0800020b   Thumb Code     0  rtexit2.o(.ARM.Collect$$rtexit$$00000002)
    __rt_exit_exit                           0x0800020f   Thumb Code     0  rtexit2.o(.ARM.Collect$$rtexit$$00000004)
    main                                     0x0800026b   Thumb Code   198  main.o(.text)
    NMI_Handler                              0x0800038d   Thumb Code     2  stm32f10x_it.o(.text)
    HardFault_Handler                        0x0800038f   Thumb Code     4  stm32f10x_it.o(.text)
    MemManage_Handler                        0x08000393   Thumb Code     4  stm32f10x_it.o(.text)
    BusFault_Handler                         0x08000397   Thumb Code     4  stm32f10x_it.o(.text)
    UsageFault_Handler                       0x0800039b   Thumb Code     4  stm32f10x_it.o(.text)
    SVC_Handler                              0x0800039f   Thumb Code     2  stm32f10x_it.o(.text)
    DebugMon_Handler                         0x080003a1   Thumb Code     2  stm32f10x_it.o(.text)
    PendSV_Handler                           0x080003a3   Thumb Code     2  stm32f10x_it.o(.text)
    SysTick_Handler                          0x080003a5   Thumb Code     2  stm32f10x_it.o(.text)
    SystemInit                               0x08000487   Thumb Code    78  system_stm32f10x.o(.text)
    SystemCoreClockUpdate                    0x080004d5   Thumb Code   142  system_stm32f10x.o(.text)
    LED_Init                                 0x08000589   Thumb Code   116  led.o(.text)
    KEY_Init                                 0x08000605   Thumb Code    74  key.o(.text)
    KEY_Scan                                 0x0800064f   Thumb Code   208  key.o(.text)
    TIM4_Int_Init                            0x08000731   Thumb Code    90  timer.o(.text)
    TIM4_IRQHandler                          0x0800078b   Thumb Code   182  timer.o(.text)
    TIM3_PWM_Init                            0x08000841   Thumb Code   232  timer.o(.text)
    Adc_Init                                 0x08000959   Thumb Code   132  adc.o(.text)
    Get_Adc                                  0x080009dd   Thumb Code    46  adc.o(.text)
    Get_Adc_Average                          0x08000a0b   Thumb Code    46  adc.o(.text)
    Get_AdcData                              0x08000a39   Thumb Code    62  adc.o(.text)
    PID_Init                                 0x08000a8d   Thumb Code    24  pid.o(.text)
    PID_Calculation                          0x08000aa5   Thumb Code   164  pid.o(.text)
    WorkRunControl                           0x08000b71   Thumb Code    32  runcontrol.o(.text)
    RunControl                               0x08000b91   Thumb Code    74  runcontrol.o(.text)
    RunStatus                                0x08000bdb   Thumb Code   194  runcontrol.o(.text)
    CylinderConnect01                        0x08000c9d   Thumb Code    70  runcontrol.o(.text)
    CylinderConnect02                        0x08000ce3   Thumb Code    78  runcontrol.o(.text)
    CylinderStepConnect                      0x08000d31   Thumb Code   596  runcontrol.o(.text)
    CylinderAllConnect                       0x08000f85   Thumb Code    84  runcontrol.o(.text)
    CRC_Compute                              0x08000ff9   Thumb Code    48  rs485.o(.text)
    Modbus_RegMap                            0x08001029   Thumb Code   252  rs485.o(.text)
    Timer7_Init                              0x08001125   Thumb Code    98  rs485.o(.text)
    RS485_Init                               0x08001187   Thumb Code   278  rs485.o(.text)
    RS485_SendData                           0x0800129d   Thumb Code    64  rs485.o(.text)
    USART2_IRQHandler                        0x080012dd   Thumb Code    96  rs485.o(.text)
    TIM7_IRQHandler                          0x0800133d   Thumb Code    40  rs485.o(.text)
    Modbus_16_Solve                          0x08001365   Thumb Code   318  rs485.o(.text)
    Modbus_06_Solve                          0x080014a3   Thumb Code   126  rs485.o(.text)
    Modbus_03_Solve                          0x08001521   Thumb Code   232  rs485.o(.text)
    Modbus_15_Solve                          0x08001609   Thumb Code   240  rs485.o(.text)
    Modbus_05_Solve                          0x080016f9   Thumb Code   164  rs485.o(.text)
    Modbus_01_Solve                          0x0800179d   Thumb Code   402  rs485.o(.text)
    Modbus_02_Solve                          0x0800192f   Thumb Code   372  rs485.o(.text)
    RS485_Service                            0x08001aa3   Thumb Code   402  rs485.o(.text)
    STMFLASH_ReadHalfWord                    0x08001c6d   Thumb Code     6  stmflash.o(.text)
    STMFLASH_Write_NoCheck                   0x08001c73   Thumb Code    38  stmflash.o(.text)
    STMFLASH_Read                            0x08001c99   Thumb Code    34  stmflash.o(.text)
    STMFLASH_Write                           0x08001cbb   Thumb Code   222  stmflash.o(.text)
    Test_Write                               0x08001d99   Thumb Code    16  stmflash.o(.text)
    delay_init                               0x08001db1   Thumb Code    50  delay.o(.text)
    delay_us                                 0x08001de3   Thumb Code    72  delay.o(.text)
    delay_ms                                 0x08001e2b   Thumb Code    72  delay.o(.text)
    NVIC_Configuration                       0x08001e85   Thumb Code    12  sys.o(.text)
    _sys_exit                                0x08001e91   Thumb Code     6  usart.o(.text)
    fputc                                    0x08001e97   Thumb Code    24  usart.o(.text)
    uart_init                                0x08001eaf   Thumb Code   152  usart.o(.text)
    USART1_IRQHandler                        0x08001f47   Thumb Code   122  usart.o(.text)
    DealUartCmd                              0x08001fc1   Thumb Code    76  usart.o(.text)
    Reset_Handler                            0x08002039   Thumb Code     8  startup_stm32f10x_hd.o(.text)
    ADC1_2_IRQHandler                        0x08002053   Thumb Code     0  startup_stm32f10x_hd.o(.text)
    ADC3_IRQHandler                          0x08002053   Thumb Code     0  startup_stm32f10x_hd.o(.text)
    CAN1_RX1_IRQHandler                      0x08002053   Thumb Code     0  startup_stm32f10x_hd.o(.text)
    CAN1_SCE_IRQHandler                      0x08002053   Thumb Code     0  startup_stm32f10x_hd.o(.text)
    DMA1_Channel1_IRQHandler                 0x08002053   Thumb Code     0  startup_stm32f10x_hd.o(.text)
    DMA1_Channel2_IRQHandler                 0x08002053   Thumb Code     0  startup_stm32f10x_hd.o(.text)
    DMA1_Channel3_IRQHandler                 0x08002053   Thumb Code     0  startup_stm32f10x_hd.o(.text)
    DMA1_Channel4_IRQHandler                 0x08002053   Thumb Code     0  startup_stm32f10x_hd.o(.text)
    DMA1_Channel5_IRQHandler                 0x08002053   Thumb Code     0  startup_stm32f10x_hd.o(.text)
    DMA1_Channel6_IRQHandler                 0x08002053   Thumb Code     0  startup_stm32f10x_hd.o(.text)
    DMA1_Channel7_IRQHandler                 0x08002053   Thumb Code     0  startup_stm32f10x_hd.o(.text)
    DMA2_Channel1_IRQHandler                 0x08002053   Thumb Code     0  startup_stm32f10x_hd.o(.text)
    DMA2_Channel2_IRQHandler                 0x08002053   Thumb Code     0  startup_stm32f10x_hd.o(.text)
    DMA2_Channel3_IRQHandler                 0x08002053   Thumb Code     0  startup_stm32f10x_hd.o(.text)
    DMA2_Channel4_5_IRQHandler               0x08002053   Thumb Code     0  startup_stm32f10x_hd.o(.text)
    EXTI0_IRQHandler                         0x08002053   Thumb Code     0  startup_stm32f10x_hd.o(.text)
    EXTI15_10_IRQHandler                     0x08002053   Thumb Code     0  startup_stm32f10x_hd.o(.text)
    EXTI1_IRQHandler                         0x08002053   Thumb Code     0  startup_stm32f10x_hd.o(.text)
    EXTI2_IRQHandler                         0x08002053   Thumb Code     0  startup_stm32f10x_hd.o(.text)
    EXTI3_IRQHandler                         0x08002053   Thumb Code     0  startup_stm32f10x_hd.o(.text)
    EXTI4_IRQHandler                         0x08002053   Thumb Code     0  startup_stm32f10x_hd.o(.text)
    EXTI9_5_IRQHandler                       0x08002053   Thumb Code     0  startup_stm32f10x_hd.o(.text)
    FLASH_IRQHandler                         0x08002053   Thumb Code     0  startup_stm32f10x_hd.o(.text)
    FSMC_IRQHandler                          0x08002053   Thumb Code     0  startup_stm32f10x_hd.o(.text)
    I2C1_ER_IRQHandler                       0x08002053   Thumb Code     0  startup_stm32f10x_hd.o(.text)
    I2C1_EV_IRQHandler                       0x08002053   Thumb Code     0  startup_stm32f10x_hd.o(.text)
    I2C2_ER_IRQHandler                       0x08002053   Thumb Code     0  startup_stm32f10x_hd.o(.text)
    I2C2_EV_IRQHandler                       0x08002053   Thumb Code     0  startup_stm32f10x_hd.o(.text)
    PVD_IRQHandler                           0x08002053   Thumb Code     0  startup_stm32f10x_hd.o(.text)
    RCC_IRQHandler                           0x08002053   Thumb Code     0  startup_stm32f10x_hd.o(.text)
    RTCAlarm_IRQHandler                      0x08002053   Thumb Code     0  startup_stm32f10x_hd.o(.text)
    RTC_IRQHandler                           0x08002053   Thumb Code     0  startup_stm32f10x_hd.o(.text)
    SDIO_IRQHandler                          0x08002053   Thumb Code     0  startup_stm32f10x_hd.o(.text)
    SPI1_IRQHandler                          0x08002053   Thumb Code     0  startup_stm32f10x_hd.o(.text)
    SPI2_IRQHandler                          0x08002053   Thumb Code     0  startup_stm32f10x_hd.o(.text)
    SPI3_IRQHandler                          0x08002053   Thumb Code     0  startup_stm32f10x_hd.o(.text)
    TAMPER_IRQHandler                        0x08002053   Thumb Code     0  startup_stm32f10x_hd.o(.text)
    TIM1_BRK_IRQHandler                      0x08002053   Thumb Code     0  startup_stm32f10x_hd.o(.text)
    TIM1_CC_IRQHandler                       0x08002053   Thumb Code     0  startup_stm32f10x_hd.o(.text)
    TIM1_TRG_COM_IRQHandler                  0x08002053   Thumb Code     0  startup_stm32f10x_hd.o(.text)
    TIM1_UP_IRQHandler                       0x08002053   Thumb Code     0  startup_stm32f10x_hd.o(.text)
    TIM2_IRQHandler                          0x08002053   Thumb Code     0  startup_stm32f10x_hd.o(.text)
    TIM3_IRQHandler                          0x08002053   Thumb Code     0  startup_stm32f10x_hd.o(.text)
    TIM5_IRQHandler                          0x08002053   Thumb Code     0  startup_stm32f10x_hd.o(.text)
    TIM6_IRQHandler                          0x08002053   Thumb Code     0  startup_stm32f10x_hd.o(.text)
    TIM8_BRK_IRQHandler                      0x08002053   Thumb Code     0  startup_stm32f10x_hd.o(.text)
    TIM8_CC_IRQHandler                       0x08002053   Thumb Code     0  startup_stm32f10x_hd.o(.text)
    TIM8_TRG_COM_IRQHandler                  0x08002053   Thumb Code     0  startup_stm32f10x_hd.o(.text)
    TIM8_UP_IRQHandler                       0x08002053   Thumb Code     0  startup_stm32f10x_hd.o(.text)
    UART4_IRQHandler                         0x08002053   Thumb Code     0  startup_stm32f10x_hd.o(.text)
    UART5_IRQHandler                         0x08002053   Thumb Code     0  startup_stm32f10x_hd.o(.text)
    USART3_IRQHandler                        0x08002053   Thumb Code     0  startup_stm32f10x_hd.o(.text)
    USBWakeUp_IRQHandler                     0x08002053   Thumb Code     0  startup_stm32f10x_hd.o(.text)
    USB_HP_CAN1_TX_IRQHandler                0x08002053   Thumb Code     0  startup_stm32f10x_hd.o(.text)
    USB_LP_CAN1_RX0_IRQHandler               0x08002053   Thumb Code     0  startup_stm32f10x_hd.o(.text)
    WWDG_IRQHandler                          0x08002053   Thumb Code     0  startup_stm32f10x_hd.o(.text)
    __user_initial_stackheap                 0x08002055   Thumb Code     0  startup_stm32f10x_hd.o(.text)
    NVIC_PriorityGroupConfig                 0x08002079   Thumb Code    10  misc.o(.text)
    NVIC_Init                                0x08002083   Thumb Code   100  misc.o(.text)
    NVIC_SetVectorTable                      0x080020e7   Thumb Code    14  misc.o(.text)
    NVIC_SystemLPConfig                      0x080020f5   Thumb Code    34  misc.o(.text)
    SysTick_CLKSourceConfig                  0x08002117   Thumb Code    40  misc.o(.text)
    GPIO_DeInit                              0x08002155   Thumb Code   172  stm32f10x_gpio.o(.text)
    GPIO_AFIODeInit                          0x08002201   Thumb Code    20  stm32f10x_gpio.o(.text)
    GPIO_Init                                0x08002215   Thumb Code   278  stm32f10x_gpio.o(.text)
    GPIO_StructInit                          0x0800232b   Thumb Code    16  stm32f10x_gpio.o(.text)
    GPIO_ReadInputDataBit                    0x0800233b   Thumb Code    18  stm32f10x_gpio.o(.text)
    GPIO_ReadInputData                       0x0800234d   Thumb Code     8  stm32f10x_gpio.o(.text)
    GPIO_ReadOutputDataBit                   0x08002355   Thumb Code    18  stm32f10x_gpio.o(.text)
    GPIO_ReadOutputData                      0x08002367   Thumb Code     8  stm32f10x_gpio.o(.text)
    GPIO_SetBits                             0x0800236f   Thumb Code     4  stm32f10x_gpio.o(.text)
    GPIO_ResetBits                           0x08002373   Thumb Code     4  stm32f10x_gpio.o(.text)
    GPIO_WriteBit                            0x08002377   Thumb Code    10  stm32f10x_gpio.o(.text)
    GPIO_Write                               0x08002381   Thumb Code     4  stm32f10x_gpio.o(.text)
    GPIO_PinLockConfig                       0x08002385   Thumb Code    18  stm32f10x_gpio.o(.text)
    GPIO_EventOutputConfig                   0x08002397   Thumb Code    26  stm32f10x_gpio.o(.text)
    GPIO_EventOutputCmd                      0x080023b1   Thumb Code     6  stm32f10x_gpio.o(.text)
    GPIO_PinRemapConfig                      0x080023b7   Thumb Code   138  stm32f10x_gpio.o(.text)
    GPIO_EXTILineConfig                      0x08002441   Thumb Code    66  stm32f10x_gpio.o(.text)
    GPIO_ETH_MediaInterfaceConfig            0x08002483   Thumb Code     8  stm32f10x_gpio.o(.text)
    RCC_DeInit                               0x080024b1   Thumb Code    64  stm32f10x_rcc.o(.text)
    RCC_HSEConfig                            0x080024f1   Thumb Code    70  stm32f10x_rcc.o(.text)
    RCC_GetFlagStatus                        0x08002537   Thumb Code    56  stm32f10x_rcc.o(.text)
    RCC_WaitForHSEStartUp                    0x0800256f   Thumb Code    56  stm32f10x_rcc.o(.text)
    RCC_AdjustHSICalibrationValue            0x080025a7   Thumb Code    20  stm32f10x_rcc.o(.text)
    RCC_HSICmd                               0x080025bb   Thumb Code     6  stm32f10x_rcc.o(.text)
    RCC_PLLConfig                            0x080025c1   Thumb Code    24  stm32f10x_rcc.o(.text)
    RCC_PLLCmd                               0x080025d9   Thumb Code     6  stm32f10x_rcc.o(.text)
    RCC_SYSCLKConfig                         0x080025df   Thumb Code    18  stm32f10x_rcc.o(.text)
    RCC_GetSYSCLKSource                      0x080025f1   Thumb Code    10  stm32f10x_rcc.o(.text)
    RCC_HCLKConfig                           0x080025fb   Thumb Code    18  stm32f10x_rcc.o(.text)
    RCC_PCLK1Config                          0x0800260d   Thumb Code    18  stm32f10x_rcc.o(.text)
    RCC_PCLK2Config                          0x0800261f   Thumb Code    20  stm32f10x_rcc.o(.text)
    RCC_ITConfig                             0x08002633   Thumb Code    26  stm32f10x_rcc.o(.text)
    RCC_USBCLKConfig                         0x0800264d   Thumb Code     8  stm32f10x_rcc.o(.text)
    RCC_ADCCLKConfig                         0x08002655   Thumb Code    18  stm32f10x_rcc.o(.text)
    RCC_LSEConfig                            0x08002667   Thumb Code    50  stm32f10x_rcc.o(.text)
    RCC_LSICmd                               0x08002699   Thumb Code     6  stm32f10x_rcc.o(.text)
    RCC_RTCCLKConfig                         0x0800269f   Thumb Code    12  stm32f10x_rcc.o(.text)
    RCC_RTCCLKCmd                            0x080026ab   Thumb Code     8  stm32f10x_rcc.o(.text)
    RCC_GetClocksFreq                        0x080026b3   Thumb Code   192  stm32f10x_rcc.o(.text)
    RCC_AHBPeriphClockCmd                    0x08002773   Thumb Code    26  stm32f10x_rcc.o(.text)
    RCC_APB2PeriphClockCmd                   0x0800278d   Thumb Code    26  stm32f10x_rcc.o(.text)
    RCC_APB1PeriphClockCmd                   0x080027a7   Thumb Code    26  stm32f10x_rcc.o(.text)
    RCC_APB2PeriphResetCmd                   0x080027c1   Thumb Code    26  stm32f10x_rcc.o(.text)
    RCC_APB1PeriphResetCmd                   0x080027db   Thumb Code    26  stm32f10x_rcc.o(.text)
    RCC_BackupResetCmd                       0x080027f5   Thumb Code     8  stm32f10x_rcc.o(.text)
    RCC_ClockSecuritySystemCmd               0x080027fd   Thumb Code     6  stm32f10x_rcc.o(.text)
    RCC_MCOConfig                            0x08002803   Thumb Code     6  stm32f10x_rcc.o(.text)
    RCC_ClearFlag                            0x08002809   Thumb Code    14  stm32f10x_rcc.o(.text)
    RCC_GetITStatus                          0x08002817   Thumb Code    20  stm32f10x_rcc.o(.text)
    RCC_ClearITPendingBit                    0x0800282b   Thumb Code     6  stm32f10x_rcc.o(.text)
    USART_DeInit                             0x08002855   Thumb Code   134  stm32f10x_usart.o(.text)
    USART_Init                               0x080028db   Thumb Code   210  stm32f10x_usart.o(.text)
    USART_StructInit                         0x080029ad   Thumb Code    24  stm32f10x_usart.o(.text)
    USART_ClockInit                          0x080029c5   Thumb Code    34  stm32f10x_usart.o(.text)
    USART_ClockStructInit                    0x080029e7   Thumb Code    12  stm32f10x_usart.o(.text)
    USART_Cmd                                0x080029f3   Thumb Code    24  stm32f10x_usart.o(.text)
    USART_ITConfig                           0x08002a0b   Thumb Code    74  stm32f10x_usart.o(.text)
    USART_DMACmd                             0x08002a55   Thumb Code    18  stm32f10x_usart.o(.text)
    USART_SetAddress                         0x08002a67   Thumb Code    18  stm32f10x_usart.o(.text)
    USART_WakeUpConfig                       0x08002a79   Thumb Code    18  stm32f10x_usart.o(.text)
    USART_ReceiverWakeUpCmd                  0x08002a8b   Thumb Code    24  stm32f10x_usart.o(.text)
    USART_LINBreakDetectLengthConfig         0x08002aa3   Thumb Code    18  stm32f10x_usart.o(.text)
    USART_LINCmd                             0x08002ab5   Thumb Code    24  stm32f10x_usart.o(.text)
    USART_SendData                           0x08002acd   Thumb Code     8  stm32f10x_usart.o(.text)
    USART_ReceiveData                        0x08002ad5   Thumb Code    10  stm32f10x_usart.o(.text)
    USART_SendBreak                          0x08002adf   Thumb Code    10  stm32f10x_usart.o(.text)
    USART_SetGuardTime                       0x08002ae9   Thumb Code    16  stm32f10x_usart.o(.text)
    USART_SetPrescaler                       0x08002af9   Thumb Code    16  stm32f10x_usart.o(.text)
    USART_SmartCardCmd                       0x08002b09   Thumb Code    24  stm32f10x_usart.o(.text)
    USART_SmartCardNACKCmd                   0x08002b21   Thumb Code    24  stm32f10x_usart.o(.text)
    USART_HalfDuplexCmd                      0x08002b39   Thumb Code    24  stm32f10x_usart.o(.text)
    USART_OverSampling8Cmd                   0x08002b51   Thumb Code    22  stm32f10x_usart.o(.text)
    USART_OneBitMethodCmd                    0x08002b67   Thumb Code    24  stm32f10x_usart.o(.text)
    USART_IrDAConfig                         0x08002b7f   Thumb Code    18  stm32f10x_usart.o(.text)
    USART_IrDACmd                            0x08002b91   Thumb Code    24  stm32f10x_usart.o(.text)
    USART_GetFlagStatus                      0x08002ba9   Thumb Code    26  stm32f10x_usart.o(.text)
    USART_ClearFlag                          0x08002bc3   Thumb Code    18  stm32f10x_usart.o(.text)
    USART_GetITStatus                        0x08002bd5   Thumb Code    84  stm32f10x_usart.o(.text)
    USART_ClearITPendingBit                  0x08002c29   Thumb Code    52  stm32f10x_usart.o(.text)
    TIM_DeInit                               0x08002c5d   Thumb Code   424  stm32f10x_tim.o(.text)
    TIM_TimeBaseInit                         0x08002e05   Thumb Code   122  stm32f10x_tim.o(.text)
    TIM_OC1Init                              0x08002e7f   Thumb Code   132  stm32f10x_tim.o(.text)
    TIM_OC2Init                              0x08002f03   Thumb Code   154  stm32f10x_tim.o(.text)
    TIM_OC3Init                              0x08002f9d   Thumb Code   150  stm32f10x_tim.o(.text)
    TIM_OC4Init                              0x08003033   Thumb Code   182  stm32f10x_tim.o(.text)
    TIM_SetIC4Prescaler                      0x080030e9   Thumb Code    26  stm32f10x_tim.o(.text)
    TIM_SetIC3Prescaler                      0x08003185   Thumb Code    18  stm32f10x_tim.o(.text)
    TIM_SetIC2Prescaler                      0x08003211   Thumb Code    26  stm32f10x_tim.o(.text)
    TIM_SetIC1Prescaler                      0x080032ad   Thumb Code    18  stm32f10x_tim.o(.text)
    TIM_ICInit                               0x0800332b   Thumb Code   150  stm32f10x_tim.o(.text)
    TIM_PWMIConfig                           0x080033c1   Thumb Code   124  stm32f10x_tim.o(.text)
    TIM_BDTRConfig                           0x0800343d   Thumb Code    32  stm32f10x_tim.o(.text)
    TIM_TimeBaseStructInit                   0x0800345d   Thumb Code    18  stm32f10x_tim.o(.text)
    TIM_OCStructInit                         0x0800346f   Thumb Code    20  stm32f10x_tim.o(.text)
    TIM_ICStructInit                         0x08003483   Thumb Code    18  stm32f10x_tim.o(.text)
    TIM_BDTRStructInit                       0x08003495   Thumb Code    40  stm32f10x_tim.o(.text)
    TIM_Cmd                                  0x080034bd   Thumb Code    24  stm32f10x_tim.o(.text)
    TIM_CtrlPWMOutputs                       0x080034d5   Thumb Code    30  stm32f10x_tim.o(.text)
    TIM_ITConfig                             0x080034f3   Thumb Code    18  stm32f10x_tim.o(.text)
    TIM_GenerateEvent                        0x08003505   Thumb Code     4  stm32f10x_tim.o(.text)
    TIM_DMAConfig                            0x08003509   Thumb Code    10  stm32f10x_tim.o(.text)
    TIM_DMACmd                               0x08003513   Thumb Code    18  stm32f10x_tim.o(.text)
    TIM_InternalClockConfig                  0x08003525   Thumb Code    12  stm32f10x_tim.o(.text)
    TIM_SelectInputTrigger                   0x08003531   Thumb Code    18  stm32f10x_tim.o(.text)
    TIM_ITRxExternalClockConfig              0x08003543   Thumb Code    24  stm32f10x_tim.o(.text)
    TIM_TIxExternalClockConfig               0x0800355b   Thumb Code    62  stm32f10x_tim.o(.text)
    TIM_ETRConfig                            0x08003599   Thumb Code    28  stm32f10x_tim.o(.text)
    TIM_ETRClockMode1Config                  0x080035b5   Thumb Code    54  stm32f10x_tim.o(.text)
    TIM_ETRClockMode2Config                  0x080035eb   Thumb Code    32  stm32f10x_tim.o(.text)
    TIM_PrescalerConfig                      0x0800360b   Thumb Code     6  stm32f10x_tim.o(.text)
    TIM_CounterModeConfig                    0x08003611   Thumb Code    18  stm32f10x_tim.o(.text)
    TIM_EncoderInterfaceConfig               0x08003623   Thumb Code    66  stm32f10x_tim.o(.text)
    TIM_ForcedOC1Config                      0x08003665   Thumb Code    18  stm32f10x_tim.o(.text)
    TIM_ForcedOC2Config                      0x08003677   Thumb Code    26  stm32f10x_tim.o(.text)
    TIM_ForcedOC3Config                      0x08003691   Thumb Code    18  stm32f10x_tim.o(.text)
    TIM_ForcedOC4Config                      0x080036a3   Thumb Code    26  stm32f10x_tim.o(.text)
    TIM_ARRPreloadConfig                     0x080036bd   Thumb Code    24  stm32f10x_tim.o(.text)
    TIM_SelectCOM                            0x080036d5   Thumb Code    24  stm32f10x_tim.o(.text)
    TIM_SelectCCDMA                          0x080036ed   Thumb Code    24  stm32f10x_tim.o(.text)
    TIM_CCPreloadControl                     0x08003705   Thumb Code    24  stm32f10x_tim.o(.text)
    TIM_OC1PreloadConfig                     0x0800371d   Thumb Code    18  stm32f10x_tim.o(.text)
    TIM_OC2PreloadConfig                     0x0800372f   Thumb Code    26  stm32f10x_tim.o(.text)
    TIM_OC3PreloadConfig                     0x08003749   Thumb Code    18  stm32f10x_tim.o(.text)
    TIM_OC4PreloadConfig                     0x0800375b   Thumb Code    26  stm32f10x_tim.o(.text)
    TIM_OC1FastConfig                        0x08003775   Thumb Code    18  stm32f10x_tim.o(.text)
    TIM_OC2FastConfig                        0x08003787   Thumb Code    26  stm32f10x_tim.o(.text)
    TIM_OC3FastConfig                        0x080037a1   Thumb Code    18  stm32f10x_tim.o(.text)
    TIM_OC4FastConfig                        0x080037b3   Thumb Code    26  stm32f10x_tim.o(.text)
    TIM_ClearOC1Ref                          0x080037cd   Thumb Code    18  stm32f10x_tim.o(.text)
    TIM_ClearOC2Ref                          0x080037df   Thumb Code    24  stm32f10x_tim.o(.text)
    TIM_ClearOC3Ref                          0x080037f7   Thumb Code    18  stm32f10x_tim.o(.text)
    TIM_ClearOC4Ref                          0x08003809   Thumb Code    24  stm32f10x_tim.o(.text)
    TIM_OC1PolarityConfig                    0x08003821   Thumb Code    18  stm32f10x_tim.o(.text)
    TIM_OC1NPolarityConfig                   0x08003833   Thumb Code    18  stm32f10x_tim.o(.text)
    TIM_OC2PolarityConfig                    0x08003845   Thumb Code    26  stm32f10x_tim.o(.text)
    TIM_OC2NPolarityConfig                   0x0800385f   Thumb Code    26  stm32f10x_tim.o(.text)
    TIM_OC3PolarityConfig                    0x08003879   Thumb Code    26  stm32f10x_tim.o(.text)
    TIM_OC3NPolarityConfig                   0x08003893   Thumb Code    26  stm32f10x_tim.o(.text)
    TIM_OC4PolarityConfig                    0x080038ad   Thumb Code    26  stm32f10x_tim.o(.text)
    TIM_CCxCmd                               0x080038c7   Thumb Code    30  stm32f10x_tim.o(.text)
    TIM_CCxNCmd                              0x080038e5   Thumb Code    30  stm32f10x_tim.o(.text)
    TIM_SelectOCxM                           0x08003903   Thumb Code    82  stm32f10x_tim.o(.text)
    TIM_UpdateDisableConfig                  0x08003955   Thumb Code    24  stm32f10x_tim.o(.text)
    TIM_UpdateRequestConfig                  0x0800396d   Thumb Code    24  stm32f10x_tim.o(.text)
    TIM_SelectHallSensor                     0x08003985   Thumb Code    24  stm32f10x_tim.o(.text)
    TIM_SelectOnePulseMode                   0x0800399d   Thumb Code    18  stm32f10x_tim.o(.text)
    TIM_SelectOutputTrigger                  0x080039af   Thumb Code    18  stm32f10x_tim.o(.text)
    TIM_SelectSlaveMode                      0x080039c1   Thumb Code    18  stm32f10x_tim.o(.text)
    TIM_SelectMasterSlaveMode                0x080039d3   Thumb Code    18  stm32f10x_tim.o(.text)
    TIM_SetCounter                           0x080039e5   Thumb Code     4  stm32f10x_tim.o(.text)
    TIM_SetAutoreload                        0x080039e9   Thumb Code     4  stm32f10x_tim.o(.text)
    TIM_SetCompare1                          0x080039ed   Thumb Code     4  stm32f10x_tim.o(.text)
    TIM_SetCompare2                          0x080039f1   Thumb Code     4  stm32f10x_tim.o(.text)
    TIM_SetCompare3                          0x080039f5   Thumb Code     4  stm32f10x_tim.o(.text)
    TIM_SetCompare4                          0x080039f9   Thumb Code     6  stm32f10x_tim.o(.text)
    TIM_SetClockDivision                     0x080039ff   Thumb Code    18  stm32f10x_tim.o(.text)
    TIM_GetCapture1                          0x08003a11   Thumb Code     6  stm32f10x_tim.o(.text)
    TIM_GetCapture2                          0x08003a17   Thumb Code     6  stm32f10x_tim.o(.text)
    TIM_GetCapture3                          0x08003a1d   Thumb Code     6  stm32f10x_tim.o(.text)
    TIM_GetCapture4                          0x08003a23   Thumb Code     8  stm32f10x_tim.o(.text)
    TIM_GetCounter                           0x08003a2b   Thumb Code     6  stm32f10x_tim.o(.text)
    TIM_GetPrescaler                         0x08003a31   Thumb Code     6  stm32f10x_tim.o(.text)
    TIM_GetFlagStatus                        0x08003a37   Thumb Code    18  stm32f10x_tim.o(.text)
    TIM_ClearFlag                            0x08003a49   Thumb Code     6  stm32f10x_tim.o(.text)
    TIM_GetITStatus                          0x08003a4f   Thumb Code    34  stm32f10x_tim.o(.text)
    TIM_ClearITPendingBit                    0x08003a71   Thumb Code     6  stm32f10x_tim.o(.text)
    ADC_DeInit                               0x08003a79   Thumb Code    78  stm32f10x_adc.o(.text)
    ADC_Init                                 0x08003ac7   Thumb Code    70  stm32f10x_adc.o(.text)
    ADC_StructInit                           0x08003b0d   Thumb Code    18  stm32f10x_adc.o(.text)
    ADC_Cmd                                  0x08003b1f   Thumb Code    22  stm32f10x_adc.o(.text)
    ADC_DMACmd                               0x08003b35   Thumb Code    22  stm32f10x_adc.o(.text)
    ADC_ITConfig                             0x08003b4b   Thumb Code    24  stm32f10x_adc.o(.text)
    ADC_ResetCalibration                     0x08003b63   Thumb Code    10  stm32f10x_adc.o(.text)
    ADC_GetResetCalibrationStatus            0x08003b6d   Thumb Code    20  stm32f10x_adc.o(.text)
    ADC_StartCalibration                     0x08003b81   Thumb Code    10  stm32f10x_adc.o(.text)
    ADC_GetCalibrationStatus                 0x08003b8b   Thumb Code    20  stm32f10x_adc.o(.text)
    ADC_SoftwareStartConvCmd                 0x08003b9f   Thumb Code    22  stm32f10x_adc.o(.text)
    ADC_GetSoftwareStartConvStatus           0x08003bb5   Thumb Code    20  stm32f10x_adc.o(.text)
    ADC_DiscModeChannelCountConfig           0x08003bc9   Thumb Code    24  stm32f10x_adc.o(.text)
    ADC_DiscModeCmd                          0x08003be1   Thumb Code    22  stm32f10x_adc.o(.text)
    ADC_RegularChannelConfig                 0x08003bf7   Thumb Code   184  stm32f10x_adc.o(.text)
    ADC_ExternalTrigConvCmd                  0x08003caf   Thumb Code    22  stm32f10x_adc.o(.text)
    ADC_GetConversionValue                   0x08003cc5   Thumb Code     8  stm32f10x_adc.o(.text)
    ADC_GetDualModeConversionValue           0x08003ccd   Thumb Code     8  stm32f10x_adc.o(.text)
    ADC_AutoInjectedConvCmd                  0x08003cd5   Thumb Code    22  stm32f10x_adc.o(.text)
    ADC_InjectedDiscModeCmd                  0x08003ceb   Thumb Code    22  stm32f10x_adc.o(.text)
    ADC_ExternalTrigInjectedConvConfig       0x08003d01   Thumb Code    16  stm32f10x_adc.o(.text)
    ADC_ExternalTrigInjectedConvCmd          0x08003d11   Thumb Code    22  stm32f10x_adc.o(.text)
    ADC_SoftwareStartInjectedConvCmd         0x08003d27   Thumb Code    22  stm32f10x_adc.o(.text)
    ADC_GetSoftwareStartInjectedConvCmdStatus 0x08003d3d   Thumb Code    20  stm32f10x_adc.o(.text)
    ADC_InjectedChannelConfig                0x08003d51   Thumb Code   130  stm32f10x_adc.o(.text)
    ADC_InjectedSequencerLengthConfig        0x08003dd3   Thumb Code    24  stm32f10x_adc.o(.text)
    ADC_SetInjectedOffset                    0x08003deb   Thumb Code    20  stm32f10x_adc.o(.text)
    ADC_GetInjectedConversionValue           0x08003dff   Thumb Code    28  stm32f10x_adc.o(.text)
    ADC_AnalogWatchdogCmd                    0x08003e1b   Thumb Code    16  stm32f10x_adc.o(.text)
    ADC_AnalogWatchdogThresholdsConfig       0x08003e2b   Thumb Code     6  stm32f10x_adc.o(.text)
    ADC_AnalogWatchdogSingleChannelConfig    0x08003e31   Thumb Code    16  stm32f10x_adc.o(.text)
    ADC_TempSensorVrefintCmd                 0x08003e41   Thumb Code    64  stm32f10x_adc.o(.text)
    ADC_GetFlagStatus                        0x08003e81   Thumb Code    18  stm32f10x_adc.o(.text)
    ADC_ClearFlag                            0x08003e93   Thumb Code     6  stm32f10x_adc.o(.text)
    ADC_GetITStatus                          0x08003e99   Thumb Code    36  stm32f10x_adc.o(.text)
    ADC_ClearITPendingBit                    0x08003ebd   Thumb Code    10  stm32f10x_adc.o(.text)
    FLASH_SetLatency                         0x08003ec9   Thumb Code    18  stm32f10x_flash.o(.text)
    FLASH_HalfCycleAccessCmd                 0x08003edb   Thumb Code    22  stm32f10x_flash.o(.text)
    FLASH_PrefetchBufferCmd                  0x08003ef1   Thumb Code    22  stm32f10x_flash.o(.text)
    FLASH_Unlock                             0x08003f07   Thumb Code    12  stm32f10x_flash.o(.text)
    FLASH_UnlockBank1                        0x08003f13   Thumb Code    12  stm32f10x_flash.o(.text)
    FLASH_Lock                               0x08003f1f   Thumb Code    14  stm32f10x_flash.o(.text)
    FLASH_LockBank1                          0x08003f2d   Thumb Code    14  stm32f10x_flash.o(.text)
    FLASH_GetBank1Status                     0x08003f3b   Thumb Code    48  stm32f10x_flash.o(.text)
    FLASH_WaitForLastOperation               0x08003f6b   Thumb Code    38  stm32f10x_flash.o(.text)
    FLASH_ErasePage                          0x08003f91   Thumb Code    72  stm32f10x_flash.o(.text)
    FLASH_EraseAllPages                      0x08003fd9   Thumb Code    68  stm32f10x_flash.o(.text)
    FLASH_WaitForLastBank1Operation          0x0800401d   Thumb Code    38  stm32f10x_flash.o(.text)
    FLASH_EraseAllBank1Pages                 0x08004043   Thumb Code    68  stm32f10x_flash.o(.text)
    FLASH_GetReadOutProtectionStatus         0x08004087   Thumb Code    20  stm32f10x_flash.o(.text)
    FLASH_EraseOptionBytes                   0x0800409b   Thumb Code   150  stm32f10x_flash.o(.text)
    FLASH_ProgramWord                        0x08004131   Thumb Code   102  stm32f10x_flash.o(.text)
    FLASH_ProgramHalfWord                    0x08004197   Thumb Code    60  stm32f10x_flash.o(.text)
    FLASH_ProgramOptionByteData              0x080041d3   Thumb Code    72  stm32f10x_flash.o(.text)
    FLASH_EnableWriteProtection              0x0800421b   Thumb Code   200  stm32f10x_flash.o(.text)
    FLASH_ReadOutProtection                  0x080042e3   Thumb Code   156  stm32f10x_flash.o(.text)
    FLASH_UserOptionByteConfig               0x0800437f   Thumb Code    88  stm32f10x_flash.o(.text)
    FLASH_GetUserOptionByte                  0x080043d7   Thumb Code     8  stm32f10x_flash.o(.text)
    FLASH_GetWriteProtectionOptionByte       0x080043df   Thumb Code     6  stm32f10x_flash.o(.text)
    FLASH_GetPrefetchBufferStatus            0x080043e5   Thumb Code    20  stm32f10x_flash.o(.text)
    FLASH_ITConfig                           0x080043f9   Thumb Code    26  stm32f10x_flash.o(.text)
    FLASH_GetFlagStatus                      0x08004413   Thumb Code    42  stm32f10x_flash.o(.text)
    FLASH_ClearFlag                          0x0800443d   Thumb Code     6  stm32f10x_flash.o(.text)
    FLASH_GetStatus                          0x08004443   Thumb Code    48  stm32f10x_flash.o(.text)
    __use_no_semihosting                     0x08004485   Thumb Code     2  use_no_semi_2.o(.text)
    __2printf                                0x08004489   Thumb Code    20  noretval__2printf.o(.text)
    __printf                                 0x080044a1   Thumb Code   104  __printf.o(.text)
    _printf_int_dec                          0x08004509   Thumb Code   104  _printf_dec.o(.text)
    __aeabi_memclr4                          0x08004581   Thumb Code     0  rt_memclr_w.o(.text)
    __aeabi_memclr8                          0x08004581   Thumb Code     0  rt_memclr_w.o(.text)
    __rt_memclr_w                            0x08004581   Thumb Code    78  rt_memclr_w.o(.text)
    _memset_w                                0x08004585   Thumb Code     0  rt_memclr_w.o(.text)
    strcmp                                   0x080045d1   Thumb Code   128  strcmpv7m.o(.text)
    __use_two_region_memory                  0x08004651   Thumb Code     2  heapauxi.o(.text)
    __rt_heap_escrow$2region                 0x08004653   Thumb Code     2  heapauxi.o(.text)
    __rt_heap_expand$2region                 0x08004655   Thumb Code     2  heapauxi.o(.text)
    __I$use$semihosting                      0x08004657   Thumb Code     0  use_no_semi.o(.text)
    __use_no_semihosting_swi                 0x08004657   Thumb Code     2  use_no_semi.o(.text)
    _printf_int_common                       0x08004659   Thumb Code   178  _printf_intcommon.o(.text)
    _printf_char_file                        0x0800470d   Thumb Code    32  _printf_char_file.o(.text)
    _printf_char_common                      0x0800473b   Thumb Code    32  _printf_char_common.o(.text)
    ferror                                   0x08004761   Thumb Code     8  ferror.o(.text)
    __user_setup_stackheap                   0x08004769   Thumb Code    74  sys_stackheap_outer.o(.text)
    exit                                     0x080047b3   Thumb Code    12  exit.o(.text)
    __user_libspace                          0x080047c1   Thumb Code     8  libspace.o(.text)
    __user_perproc_libspace                  0x080047c1   Thumb Code     0  libspace.o(.text)
    __user_perthread_libspace                0x080047c1   Thumb Code     0  libspace.o(.text)
    __aeabi_ddiv                             0x080047c9   Thumb Code     0  ddiv.o(x$fpl$ddiv)
    _ddiv                                    0x080047c9   Thumb Code   552  ddiv.o(x$fpl$ddiv)
    __aeabi_d2uiz                            0x08004a79   Thumb Code     0  dfixu.o(x$fpl$dfixu)
    _dfixu                                   0x08004a79   Thumb Code    90  dfixu.o(x$fpl$dfixu)
    __aeabi_ui2d                             0x08004ad3   Thumb Code     0  dflt_clz.o(x$fpl$dfltu)
    _dfltu                                   0x08004ad3   Thumb Code    38  dflt_clz.o(x$fpl$dfltu)
    __aeabi_dmul                             0x08004af9   Thumb Code     0  dmul.o(x$fpl$dmul)
    _dmul                                    0x08004af9   Thumb Code   332  dmul.o(x$fpl$dmul)
    __fpl_dnaninf                            0x08004c4d   Thumb Code   156  dnaninf.o(x$fpl$dnaninf)
    __fpl_dretinf                            0x08004ce9   Thumb Code    12  dretinf.o(x$fpl$dretinf)
    __aeabi_fadd                             0x08004cf5   Thumb Code     0  faddsub_clz.o(x$fpl$fadd)
    _fadd                                    0x08004cf5   Thumb Code   196  faddsub_clz.o(x$fpl$fadd)
    __aeabi_f2uiz                            0x08004db9   Thumb Code     0  ffixu.o(x$fpl$ffixu)
    _ffixu                                   0x08004db9   Thumb Code    62  ffixu.o(x$fpl$ffixu)
    __aeabi_i2f                              0x08004df9   Thumb Code     0  fflt_clz.o(x$fpl$fflt)
    _fflt                                    0x08004df9   Thumb Code    48  fflt_clz.o(x$fpl$fflt)
    __aeabi_fmul                             0x08004e29   Thumb Code     0  fmul.o(x$fpl$fmul)
    _fmul                                    0x08004e29   Thumb Code   258  fmul.o(x$fpl$fmul)
    __fpl_fnaninf                            0x08004f2b   Thumb Code   140  fnaninf.o(x$fpl$fnaninf)
    __fpl_fretinf                            0x08004fb7   Thumb Code    10  fretinf.o(x$fpl$fretinf)
    __aeabi_frsub                            0x08004fc1   Thumb Code     0  faddsub_clz.o(x$fpl$frsb)
    _frsb                                    0x08004fc1   Thumb Code    20  faddsub_clz.o(x$fpl$frsb)
    __aeabi_fsub                             0x08004fd5   Thumb Code     0  faddsub_clz.o(x$fpl$fsub)
    _fsub                                    0x08004fd5   Thumb Code   234  faddsub_clz.o(x$fpl$fsub)
    __I$use$fp                               0x080050be   Number         0  usenofp.o(x$fpl$usenofp)
    Region$$Table$$Base                      0x080050c0   Number         0  anon$$obj.o(Region$$Table)
    Region$$Table$$Limit                     0x080050e0   Number         0  anon$$obj.o(Region$$Table)
    Mach                                     0x20000000   Data           8  main.o(.data)
    savedata                                 0x20000008   Data           4  main.o(.data)
    readdata                                 0x2000000c   Data           4  main.o(.data)
    SystemCoreClock                          0x20000010   Data           4  system_stm32f10x.o(.data)
    AHBPrescTable                            0x20000014   Data          16  system_stm32f10x.o(.data)
    Flag_1ms                                 0x20000026   Data           1  timer.o(.data)
    Flag_5ms                                 0x20000027   Data           1  timer.o(.data)
    Flag_10ms                                0x20000028   Data           1  timer.o(.data)
    Flag_20ms                                0x20000029   Data           1  timer.o(.data)
    Flag_100ms                               0x2000002a   Data           1  timer.o(.data)
    Flag_500ms                               0x2000002b   Data           1  timer.o(.data)
    Flag_1000ms                              0x2000002c   Data           1  timer.o(.data)
    Systime_cnt                              0x20000038   Data           4  runcontrol.o(.data)
    CylinderStep_Flag                        0x2000003c   Data           1  runcontrol.o(.data)
    AllTime_Cnt                              0x2000003d   Data           1  runcontrol.o(.data)
    RS485_Baudrate                           0x20000048   Data           4  rs485.o(.data)
    RS485_Parity                             0x2000004c   Data           1  rs485.o(.data)
    RS485_Addr                               0x2000004d   Data           1  rs485.o(.data)
    RS485_Frame_Distance                     0x2000004e   Data           2  rs485.o(.data)
    RS485_RX_CNT                             0x20000050   Data           2  rs485.o(.data)
    RS485_FrameFlag                          0x20000052   Data           1  rs485.o(.data)
    RS485_TX_CNT                             0x20000054   Data           2  rs485.o(.data)
    RS485_TX_EN                              0x20000056   Data           1  rs485.o(.data)
    startRegAddr                             0x20000258   Data           2  rs485.o(.data)
    RegNum                                   0x2000025a   Data           2  rs485.o(.data)
    calCRC                                   0x2000025c   Data           2  rs485.o(.data)
    i                                        0x2000025e   Data           1  rs485.o(.data)
    __stdout                                 0x20000264   Data           4  usart.o(.data)
    USART_RX_STA                             0x20000268   Data           2  usart.o(.data)
    pid                                      0x20000280   Data          28  pid.o(.bss)
    RS485_RX_BUFF                            0x2000029c   Data        2048  rs485.o(.bss)
    RS485_TX_BUFF                            0x20000a9c   Data        2048  rs485.o(.bss)
    Cylinder_Data                            0x2000129c   Data          28  rs485.o(.bss)
    Connect_Data                             0x200012b8   Data          80  rs485.o(.bss)
    Status_Data                              0x20001308   Data         120  rs485.o(.bss)
    Modbus_InputIO                           0x20001380   Data         400  rs485.o(.bss)
    Modbus_OutputIO                          0x20001510   Data         400  rs485.o(.bss)
    Modbus_HoldReg                           0x200016a0   Data         400  rs485.o(.bss)
    STMFLASH_BUF                             0x20001830   Data        2048  stmflash.o(.bss)
    USART_RX_BUF                             0x20002030   Data         200  usart.o(.bss)
    __libspace_start                         0x200020f8   Data          96  libspace.o(.bss)
    __temporary_stack_top$libspace           0x20002158   Data           0  libspace.o(.bss)



==============================================================================

Memory Map of the image

  Image Entry point : 0x08000131

  Load Region LR_IROM1 (Base: 0x08000000, Size: 0x00005360, Max: 0x00080000, ABSOLUTE, COMPRESSED[0x00005234])

    Execution Region ER_IROM1 (Base: 0x08000000, Size: 0x000050e0, Max: 0x00080000, ABSOLUTE)

    Base Addr    Size         Type   Attr      Idx    E Section Name        Object

    0x08000000   0x00000130   Data   RO          351    RESET               startup_stm32f10x_hd.o
    0x08000130   0x00000008   Code   RO          482  * !!!main             c_w.l(__main.o)
    0x08000138   0x00000034   Code   RO          694    !!!scatter          c_w.l(__scatter.o)
    0x0800016c   0x0000005a   Code   RO          692    !!dczerorl2         c_w.l(__dczerorl2.o)
    0x080001c6   0x00000002   PAD
    0x080001c8   0x0000001c   Code   RO          696    !!handler_zi        c_w.l(__scatter_zi.o)
    0x080001e4   0x00000000   Code   RO          475    .ARM.Collect$$_printf_percent$$00000000  c_w.l(_printf_percent.o)
    0x080001e4   0x00000006   Code   RO          474    .ARM.Collect$$_printf_percent$$00000009  c_w.l(_printf_d.o)
    0x080001ea   0x00000004   Code   RO          525    .ARM.Collect$$_printf_percent$$00000017  c_w.l(_printf_percent_end.o)
    0x080001ee   0x00000002   Code   RO          567    .ARM.Collect$$libinit$$00000000  c_w.l(libinit.o)
    0x080001f0   0x00000000   Code   RO          574    .ARM.Collect$$libinit$$00000002  c_w.l(libinit2.o)
    0x080001f0   0x00000000   Code   RO          576    .ARM.Collect$$libinit$$00000004  c_w.l(libinit2.o)
    0x080001f0   0x00000000   Code   RO          579    .ARM.Collect$$libinit$$0000000A  c_w.l(libinit2.o)
    0x080001f0   0x00000000   Code   RO          581    .ARM.Collect$$libinit$$0000000C  c_w.l(libinit2.o)
    0x080001f0   0x00000000   Code   RO          583    .ARM.Collect$$libinit$$0000000E  c_w.l(libinit2.o)
    0x080001f0   0x00000000   Code   RO          586    .ARM.Collect$$libinit$$00000011  c_w.l(libinit2.o)
    0x080001f0   0x00000000   Code   RO          588    .ARM.Collect$$libinit$$00000013  c_w.l(libinit2.o)
    0x080001f0   0x00000000   Code   RO          590    .ARM.Collect$$libinit$$00000015  c_w.l(libinit2.o)
    0x080001f0   0x00000000   Code   RO          592    .ARM.Collect$$libinit$$00000017  c_w.l(libinit2.o)
    0x080001f0   0x00000000   Code   RO          594    .ARM.Collect$$libinit$$00000019  c_w.l(libinit2.o)
    0x080001f0   0x00000000   Code   RO          596    .ARM.Collect$$libinit$$0000001B  c_w.l(libinit2.o)
    0x080001f0   0x00000000   Code   RO          598    .ARM.Collect$$libinit$$0000001D  c_w.l(libinit2.o)
    0x080001f0   0x00000000   Code   RO          600    .ARM.Collect$$libinit$$0000001F  c_w.l(libinit2.o)
    0x080001f0   0x00000000   Code   RO          602    .ARM.Collect$$libinit$$00000021  c_w.l(libinit2.o)
    0x080001f0   0x00000000   Code   RO          604    .ARM.Collect$$libinit$$00000023  c_w.l(libinit2.o)
    0x080001f0   0x00000000   Code   RO          606    .ARM.Collect$$libinit$$00000025  c_w.l(libinit2.o)
    0x080001f0   0x00000000   Code   RO          610    .ARM.Collect$$libinit$$0000002C  c_w.l(libinit2.o)
    0x080001f0   0x00000000   Code   RO          612    .ARM.Collect$$libinit$$0000002E  c_w.l(libinit2.o)
    0x080001f0   0x00000000   Code   RO          614    .ARM.Collect$$libinit$$00000030  c_w.l(libinit2.o)
    0x080001f0   0x00000000   Code   RO          616    .ARM.Collect$$libinit$$00000032  c_w.l(libinit2.o)
    0x080001f0   0x00000002   Code   RO          617    .ARM.Collect$$libinit$$00000033  c_w.l(libinit2.o)
    0x080001f2   0x00000002   Code   RO          635    .ARM.Collect$$libshutdown$$00000000  c_w.l(libshutdown.o)
    0x080001f4   0x00000000   Code   RO          646    .ARM.Collect$$libshutdown$$00000003  c_w.l(libshutdown2.o)
    0x080001f4   0x00000000   Code   RO          649    .ARM.Collect$$libshutdown$$00000006  c_w.l(libshutdown2.o)
    0x080001f4   0x00000000   Code   RO          652    .ARM.Collect$$libshutdown$$00000009  c_w.l(libshutdown2.o)
    0x080001f4   0x00000000   Code   RO          654    .ARM.Collect$$libshutdown$$0000000B  c_w.l(libshutdown2.o)
    0x080001f4   0x00000000   Code   RO          657    .ARM.Collect$$libshutdown$$0000000E  c_w.l(libshutdown2.o)
    0x080001f4   0x00000002   Code   RO          658    .ARM.Collect$$libshutdown$$0000000F  c_w.l(libshutdown2.o)
    0x080001f6   0x00000000   Code   RO          520    .ARM.Collect$$rtentry$$00000000  c_w.l(__rtentry.o)
    0x080001f6   0x00000000   Code   RO          536    .ARM.Collect$$rtentry$$00000002  c_w.l(__rtentry2.o)
    0x080001f6   0x00000006   Code   RO          548    .ARM.Collect$$rtentry$$00000004  c_w.l(__rtentry4.o)
    0x080001fc   0x00000000   Code   RO          538    .ARM.Collect$$rtentry$$00000009  c_w.l(__rtentry2.o)
    0x080001fc   0x00000004   Code   RO          539    .ARM.Collect$$rtentry$$0000000A  c_w.l(__rtentry2.o)
    0x08000200   0x00000000   Code   RO          541    .ARM.Collect$$rtentry$$0000000C  c_w.l(__rtentry2.o)
    0x08000200   0x00000008   Code   RO          542    .ARM.Collect$$rtentry$$0000000D  c_w.l(__rtentry2.o)
    0x08000208   0x00000002   Code   RO          571    .ARM.Collect$$rtexit$$00000000  c_w.l(rtexit.o)
    0x0800020a   0x00000000   Code   RO          619    .ARM.Collect$$rtexit$$00000002  c_w.l(rtexit2.o)
    0x0800020a   0x00000004   Code   RO          620    .ARM.Collect$$rtexit$$00000003  c_w.l(rtexit2.o)
    0x0800020e   0x00000006   Code   RO          621    .ARM.Collect$$rtexit$$00000004  c_w.l(rtexit2.o)
    0x08000214   0x00000178   Code   RO            1    .text               main.o
    0x0800038c   0x0000001a   Code   RO          100    .text               stm32f10x_it.o
    0x080003a6   0x00000002   PAD
    0x080003a8   0x000001e0   Code   RO          132    .text               system_stm32f10x.o
    0x08000588   0x0000007c   Code   RO          150    .text               led.o
    0x08000604   0x0000012c   Code   RO          162    .text               key.o
    0x08000730   0x00000228   Code   RO          175    .text               timer.o
    0x08000958   0x00000134   Code   RO          190    .text               adc.o
    0x08000a8c   0x000000c4   Code   RO          210    .text               pid.o
    0x08000b50   0x000004a8   Code   RO          228    .text               runcontrol.o
    0x08000ff8   0x00000c74   Code   RO          246    .text               rs485.o
    0x08001c6c   0x00000144   Code   RO          271    .text               stmflash.o
    0x08001db0   0x000000d4   Code   RO          289    .text               delay.o
    0x08001e84   0x0000000c   Code   RO          303    .text               sys.o
    0x08001e90   0x000001a8   Code   RO          315    .text               usart.o
    0x08002038   0x00000040   Code   RO          352    .text               startup_stm32f10x_hd.o
    0x08002078   0x000000dc   Code   RO          356    .text               misc.o
    0x08002154   0x0000035c   Code   RO          368    .text               stm32f10x_gpio.o
    0x080024b0   0x000003a4   Code   RO          380    .text               stm32f10x_rcc.o
    0x08002854   0x00000408   Code   RO          394    .text               stm32f10x_usart.o
    0x08002c5c   0x00000e1a   Code   RO          406    .text               stm32f10x_tim.o
    0x08003a76   0x00000002   PAD
    0x08003a78   0x0000044e   Code   RO          418    .text               stm32f10x_adc.o
    0x08003ec6   0x00000002   PAD
    0x08003ec8   0x000005bc   Code   RO          430    .text               stm32f10x_flash.o
    0x08004484   0x00000002   Code   RO          444    .text               c_w.l(use_no_semi_2.o)
    0x08004486   0x00000002   PAD
    0x08004488   0x00000018   Code   RO          448    .text               c_w.l(noretval__2printf.o)
    0x080044a0   0x00000068   Code   RO          450    .text               c_w.l(__printf.o)
    0x08004508   0x00000078   Code   RO          452    .text               c_w.l(_printf_dec.o)
    0x08004580   0x0000004e   Code   RO          476    .text               c_w.l(rt_memclr_w.o)
    0x080045ce   0x00000002   PAD
    0x080045d0   0x00000080   Code   RO          478    .text               c_w.l(strcmpv7m.o)
    0x08004650   0x00000006   Code   RO          480    .text               c_w.l(heapauxi.o)
    0x08004656   0x00000002   Code   RO          518    .text               c_w.l(use_no_semi.o)
    0x08004658   0x000000b2   Code   RO          521    .text               c_w.l(_printf_intcommon.o)
    0x0800470a   0x00000002   PAD
    0x0800470c   0x00000024   Code   RO          523    .text               c_w.l(_printf_char_file.o)
    0x08004730   0x00000030   Code   RO          550    .text               c_w.l(_printf_char_common.o)
    0x08004760   0x00000008   Code   RO          552    .text               c_w.l(ferror.o)
    0x08004768   0x0000004a   Code   RO          556    .text               c_w.l(sys_stackheap_outer.o)
    0x080047b2   0x0000000c   Code   RO          560    .text               c_w.l(exit.o)
    0x080047be   0x00000002   PAD
    0x080047c0   0x00000008   Code   RO          568    .text               c_w.l(libspace.o)
    0x080047c8   0x000002b0   Code   RO          485    x$fpl$ddiv          fz_ws.l(ddiv.o)
    0x08004a78   0x0000005a   Code   RO          488    x$fpl$dfixu         fz_ws.l(dfixu.o)
    0x08004ad2   0x00000026   Code   RO          492    x$fpl$dfltu         fz_ws.l(dflt_clz.o)
    0x08004af8   0x00000154   Code   RO          498    x$fpl$dmul          fz_ws.l(dmul.o)
    0x08004c4c   0x0000009c   Code   RO          526    x$fpl$dnaninf       fz_ws.l(dnaninf.o)
    0x08004ce8   0x0000000c   Code   RO          528    x$fpl$dretinf       fz_ws.l(dretinf.o)
    0x08004cf4   0x000000c4   Code   RO          500    x$fpl$fadd          fz_ws.l(faddsub_clz.o)
    0x08004db8   0x0000003e   Code   RO          506    x$fpl$ffixu         fz_ws.l(ffixu.o)
    0x08004df6   0x00000002   PAD
    0x08004df8   0x00000030   Code   RO          511    x$fpl$fflt          fz_ws.l(fflt_clz.o)
    0x08004e28   0x00000102   Code   RO          516    x$fpl$fmul          fz_ws.l(fmul.o)
    0x08004f2a   0x0000008c   Code   RO          530    x$fpl$fnaninf       fz_ws.l(fnaninf.o)
    0x08004fb6   0x0000000a   Code   RO          532    x$fpl$fretinf       fz_ws.l(fretinf.o)
    0x08004fc0   0x00000014   Code   RO          501    x$fpl$frsb          fz_ws.l(faddsub_clz.o)
    0x08004fd4   0x000000ea   Code   RO          502    x$fpl$fsub          fz_ws.l(faddsub_clz.o)
    0x080050be   0x00000000   Code   RO          534    x$fpl$usenofp       fz_ws.l(usenofp.o)
    0x080050be   0x00000002   PAD
    0x080050c0   0x00000020   Data   RO          690    Region$$Table       anon$$obj.o


    Execution Region RW_IRAM1 (Base: 0x20000000, Size: 0x00002758, Max: 0x00010000, ABSOLUTE, COMPRESSED[0x00000154])

    Base Addr    Size         Type   Attr      Idx    E Section Name        Object

    0x20000000   0x00000010   Data   RW            2    .data               main.o
    0x20000010   0x00000014   Data   RW          133    .data               system_stm32f10x.o
    0x20000024   0x00000002   Data   RW          163    .data               key.o
    0x20000026   0x0000000a   Data   RW          176    .data               timer.o
    0x20000030   0x00000005   Data   RW          191    .data               adc.o
    0x20000035   0x00000003   PAD
    0x20000038   0x00000010   Data   RW          229    .data               runcontrol.o
    0x20000048   0x00000217   Data   RW          248    .data               rs485.o
    0x2000025f   0x00000001   PAD
    0x20000260   0x00000004   Data   RW          290    .data               delay.o
    0x20000264   0x00000007   Data   RW          317    .data               usart.o
    0x2000026b   0x00000014   Data   RW          381    .data               stm32f10x_rcc.o
    0x2000027f   0x00000001   PAD
    0x20000280   0x0000001c   Zero   RW          211    .bss                pid.o
    0x2000029c   0x00001594   Zero   RW          247    .bss                rs485.o
    0x20001830   0x00000800   Zero   RW          272    .bss                stmflash.o
    0x20002030   0x000000c8   Zero   RW          316    .bss                usart.o
    0x200020f8   0x00000060   Zero   RW          569    .bss                c_w.l(libspace.o)
    0x20002158   0x00000200   Zero   RW          350    HEAP                startup_stm32f10x_hd.o
    0x20002358   0x00000400   Zero   RW          349    STACK               startup_stm32f10x_hd.o


==============================================================================

Image component sizes


      Code (inc. data)   RO Data    RW Data    ZI Data      Debug   Object Name

       308         22          0          5          0      10227   adc.o
         0          0          0          0          0         32   core_cm3.o
       212         18          0          4          0        951   delay.o
       300         18          0          2          0        852   key.o
       124          8          0          0          0        487   led.o
       376         92          0         16          0     255410   main.o
       220         22          0          0          0       1729   misc.o
       196          8          0          0         28       1329   pid.o
      3188        176          0        535       5524       6096   rs485.o
      1192        126          0         16          0       2733   runcontrol.o
        64         26        304          0       1536        768   startup_stm32f10x_hd.o
      1102         26          0          0          0      10765   stm32f10x_adc.o
      1468         34          0          0          0       7962   stm32f10x_flash.o
       860         38          0          0          0       5577   stm32f10x_gpio.o
        26          0          0          0          0       1146   stm32f10x_it.o
       932         36          0         20          0       8716   stm32f10x_rcc.o
      3610         88          0          0          0      22060   stm32f10x_tim.o
      1032         22          0          0          0       8300   stm32f10x_usart.o
       324          8          0          0       2048       8866   stmflash.o
        12          0          0          0          0        417   sys.o
       480         38          0         20          0       1635   system_stm32f10x.o
       552         48          0         10          0       1692   timer.o
       424         44          0          7        200       3310   usart.o

    ----------------------------------------------------------------------
     17008        898        336        640       9336     361060   Object Totals
         0          0         32          0          0          0   (incl. Generated)
         6          0          0          5          0          0   (incl. Padding)

    ----------------------------------------------------------------------

      Code (inc. data)   RO Data    RW Data    ZI Data      Debug   Library Member Name

        90          0          0          0          0          0   __dczerorl2.o
         8          0          0          0          0         68   __main.o
       104          0          0          0          0         84   __printf.o
         0          0          0          0          0          0   __rtentry.o
        12          0          0          0          0          0   __rtentry2.o
         6          0          0          0          0          0   __rtentry4.o
        52          8          0          0          0          0   __scatter.o
        28          0          0          0          0          0   __scatter_zi.o
        48          6          0          0          0         96   _printf_char_common.o
        36          4          0          0          0         80   _printf_char_file.o
         6          0          0          0          0          0   _printf_d.o
       120         16          0          0          0         92   _printf_dec.o
       178          0          0          0          0         88   _printf_intcommon.o
         0          0          0          0          0          0   _printf_percent.o
         4          0          0          0          0          0   _printf_percent_end.o
        12          0          0          0          0         72   exit.o
         8          0          0          0          0         68   ferror.o
         6          0          0          0          0        152   heapauxi.o
         2          0          0          0          0          0   libinit.o
         2          0          0          0          0          0   libinit2.o
         2          0          0          0          0          0   libshutdown.o
         2          0          0          0          0          0   libshutdown2.o
         8          4          0          0         96         68   libspace.o
        24          4          0          0          0         84   noretval__2printf.o
        78          0          0          0          0         80   rt_memclr_w.o
         2          0          0          0          0          0   rtexit.o
        10          0          0          0          0          0   rtexit2.o
       128          0          0          0          0         68   strcmpv7m.o
        74          0          0          0          0         80   sys_stackheap_outer.o
         2          0          0          0          0         68   use_no_semi.o
         2          0          0          0          0         68   use_no_semi_2.o
       688        140          0          0          0        208   ddiv.o
        90          4          0          0          0         92   dfixu.o
        38          0          0          0          0         68   dflt_clz.o
       340         12          0          0          0        104   dmul.o
       156          4          0          0          0         92   dnaninf.o
        12          0          0          0          0         68   dretinf.o
       450          8          0          0          0        236   faddsub_clz.o
        62          4          0          0          0         84   ffixu.o
        48          0          0          0          0         68   fflt_clz.o
       258          4          0          0          0         84   fmul.o
       140          4          0          0          0         84   fnaninf.o
        10          0          0          0          0         68   fretinf.o
         0          0          0          0          0          0   usenofp.o

    ----------------------------------------------------------------------
      3360        222          0          0         96       2572   Library Totals
        14          0          0          0          0          0   (incl. Padding)

    ----------------------------------------------------------------------

      Code (inc. data)   RO Data    RW Data    ZI Data      Debug   Library Name

      1054         42          0          0         96       1316   c_w.l
      2292        180          0          0          0       1256   fz_ws.l

    ----------------------------------------------------------------------
      3360        222          0          0         96       2572   Library Totals

    ----------------------------------------------------------------------

==============================================================================


      Code (inc. data)   RO Data    RW Data    ZI Data      Debug   

     20368       1120        336        640       9432     360404   Grand Totals
     20368       1120        336        340       9432     360404   ELF Image Totals (compressed)
     20368       1120        336        340          0          0   ROM Totals

==============================================================================

    Total RO  Size (Code + RO Data)                20704 (  20.22kB)
    Total RW  Size (RW Data + ZI Data)             10072 (   9.84kB)
    Total ROM Size (Code + RO Data + RW Data)      21044 (  20.55kB)

==============================================================================

